Archive member included to satisfy reference by file (symbol)

e:/programs/stm_cube_ide/stm32cubeide_1.9.0/stm32cubeide/plugins/com.st.stm32cube.ide.mcu.externaltools.gnu-tools-for-stm32.10.3-2021.10.win32_1.0.0.202111181127/tools/bin/../lib/gcc/arm-none-eabi/10.3.1/../../../../arm-none-eabi/lib/thumb/v7e-m+fp/hard\libc_nano.a(lib_a-errno.o)
                              ./Core/Src/syscalls.o (__errno)
e:/programs/stm_cube_ide/stm32cubeide_1.9.0/stm32cubeide/plugins/com.st.stm32cube.ide.mcu.externaltools.gnu-tools-for-stm32.10.3-2021.10.win32_1.0.0.202111181127/tools/bin/../lib/gcc/arm-none-eabi/10.3.1/../../../../arm-none-eabi/lib/thumb/v7e-m+fp/hard\libc_nano.a(lib_a-exit.o)
                              e:/programs/stm_cube_ide/stm32cubeide_1.9.0/stm32cubeide/plugins/com.st.stm32cube.ide.mcu.externaltools.gnu-tools-for-stm32.10.3-2021.10.win32_1.0.0.202111181127/tools/bin/../lib/gcc/arm-none-eabi/10.3.1/../../../../arm-none-eabi/lib/thumb/v7e-m+fp/hard/crt0.o (exit)
e:/programs/stm_cube_ide/stm32cubeide_1.9.0/stm32cubeide/plugins/com.st.stm32cube.ide.mcu.externaltools.gnu-tools-for-stm32.10.3-2021.10.win32_1.0.0.202111181127/tools/bin/../lib/gcc/arm-none-eabi/10.3.1/../../../../arm-none-eabi/lib/thumb/v7e-m+fp/hard\libc_nano.a(lib_a-impure.o)
                              e:/programs/stm_cube_ide/stm32cubeide_1.9.0/stm32cubeide/plugins/com.st.stm32cube.ide.mcu.externaltools.gnu-tools-for-stm32.10.3-2021.10.win32_1.0.0.202111181127/tools/bin/../lib/gcc/arm-none-eabi/10.3.1/../../../../arm-none-eabi/lib/thumb/v7e-m+fp/hard\libc_nano.a(lib_a-exit.o) (_global_impure_ptr)
e:/programs/stm_cube_ide/stm32cubeide_1.9.0/stm32cubeide/plugins/com.st.stm32cube.ide.mcu.externaltools.gnu-tools-for-stm32.10.3-2021.10.win32_1.0.0.202111181127/tools/bin/../lib/gcc/arm-none-eabi/10.3.1/../../../../arm-none-eabi/lib/thumb/v7e-m+fp/hard\libc_nano.a(lib_a-init.o)
                              e:/programs/stm_cube_ide/stm32cubeide_1.9.0/stm32cubeide/plugins/com.st.stm32cube.ide.mcu.externaltools.gnu-tools-for-stm32.10.3-2021.10.win32_1.0.0.202111181127/tools/bin/../lib/gcc/arm-none-eabi/10.3.1/../../../../arm-none-eabi/lib/thumb/v7e-m+fp/hard/crt0.o (__libc_init_array)
e:/programs/stm_cube_ide/stm32cubeide_1.9.0/stm32cubeide/plugins/com.st.stm32cube.ide.mcu.externaltools.gnu-tools-for-stm32.10.3-2021.10.win32_1.0.0.202111181127/tools/bin/../lib/gcc/arm-none-eabi/10.3.1/../../../../arm-none-eabi/lib/thumb/v7e-m+fp/hard\libc_nano.a(lib_a-memset.o)
                              e:/programs/stm_cube_ide/stm32cubeide_1.9.0/stm32cubeide/plugins/com.st.stm32cube.ide.mcu.externaltools.gnu-tools-for-stm32.10.3-2021.10.win32_1.0.0.202111181127/tools/bin/../lib/gcc/arm-none-eabi/10.3.1/../../../../arm-none-eabi/lib/thumb/v7e-m+fp/hard/crt0.o (memset)
e:/programs/stm_cube_ide/stm32cubeide_1.9.0/stm32cubeide/plugins/com.st.stm32cube.ide.mcu.externaltools.gnu-tools-for-stm32.10.3-2021.10.win32_1.0.0.202111181127/tools/bin/../lib/gcc/arm-none-eabi/10.3.1/../../../../arm-none-eabi/lib/thumb/v7e-m+fp/hard\libc_nano.a(lib_a-printf.o)
                              ./Core/Src/main.o (printf)
e:/programs/stm_cube_ide/stm32cubeide_1.9.0/stm32cubeide/plugins/com.st.stm32cube.ide.mcu.externaltools.gnu-tools-for-stm32.10.3-2021.10.win32_1.0.0.202111181127/tools/bin/../lib/gcc/arm-none-eabi/10.3.1/../../../../arm-none-eabi/lib/thumb/v7e-m+fp/hard\libc_nano.a(lib_a-puts.o)
                              ./Core/Src/main.o (puts)
e:/programs/stm_cube_ide/stm32cubeide_1.9.0/stm32cubeide/plugins/com.st.stm32cube.ide.mcu.externaltools.gnu-tools-for-stm32.10.3-2021.10.win32_1.0.0.202111181127/tools/bin/../lib/gcc/arm-none-eabi/10.3.1/../../../../arm-none-eabi/lib/thumb/v7e-m+fp/hard\libc_nano.a(lib_a-sprintf.o)
                              ./Core/Src/main.o (sprintf)
e:/programs/stm_cube_ide/stm32cubeide_1.9.0/stm32cubeide/plugins/com.st.stm32cube.ide.mcu.externaltools.gnu-tools-for-stm32.10.3-2021.10.win32_1.0.0.202111181127/tools/bin/../lib/gcc/arm-none-eabi/10.3.1/../../../../arm-none-eabi/lib/thumb/v7e-m+fp/hard\libc_nano.a(lib_a-wbuf.o)
                              e:/programs/stm_cube_ide/stm32cubeide_1.9.0/stm32cubeide/plugins/com.st.stm32cube.ide.mcu.externaltools.gnu-tools-for-stm32.10.3-2021.10.win32_1.0.0.202111181127/tools/bin/../lib/gcc/arm-none-eabi/10.3.1/../../../../arm-none-eabi/lib/thumb/v7e-m+fp/hard\libc_nano.a(lib_a-puts.o) (__swbuf_r)
e:/programs/stm_cube_ide/stm32cubeide_1.9.0/stm32cubeide/plugins/com.st.stm32cube.ide.mcu.externaltools.gnu-tools-for-stm32.10.3-2021.10.win32_1.0.0.202111181127/tools/bin/../lib/gcc/arm-none-eabi/10.3.1/../../../../arm-none-eabi/lib/thumb/v7e-m+fp/hard\libc_nano.a(lib_a-wsetup.o)
                              e:/programs/stm_cube_ide/stm32cubeide_1.9.0/stm32cubeide/plugins/com.st.stm32cube.ide.mcu.externaltools.gnu-tools-for-stm32.10.3-2021.10.win32_1.0.0.202111181127/tools/bin/../lib/gcc/arm-none-eabi/10.3.1/../../../../arm-none-eabi/lib/thumb/v7e-m+fp/hard\libc_nano.a(lib_a-puts.o) (__swsetup_r)
[...]
Memory Configuration

Name             Origin             Length             Attributes
RAM              0x0000000020000000 0x0000000000004000 xrw
FLASH            0x0000000008000000 0x0000000000010000 xr
*default*        0x0000000000000000 0xffffffffffffffff

Linker script and memory map

LOAD e:/programs/stm_cube_ide/stm32cubeide_1.9.0/stm32cubeide/plugins/com.st.stm32cube.ide.mcu.externaltools.gnu-tools-for-stm32.10.3-2021.10.win32_1.0.0.202111181127/tools/bin/../lib/gcc/arm-none-eabi/10.3.1/thumb/v7e-m+fp/hard/crti.o
LOAD e:/programs/stm_cube_ide/stm32cubeide_1.9.0/stm32cubeide/plugins/com.st.stm32cube.ide.mcu.externaltools.gnu-tools-for-stm32.10.3-2021.10.win32_1.0.0.202111181127/tools/bin/../lib/gcc/arm-none-eabi/10.3.1/thumb/v7e-m+fp/hard/crtbegin.o
LOAD e:/programs/stm_cube_ide/stm32cubeide_1.9.0/stm32cubeide/plugins/com.st.stm32cube.ide.mcu.externaltools.gnu-tools-for-stm32.10.3-2021.10.win32_1.0.0.202111181127/tools/bin/../lib/gcc/arm-none-eabi/10.3.1/../../../../arm-none-eabi/lib/thumb/v7e-m+fp/hard/crt0.o
LOAD ./Core/Src/fatfs_sd_card.o
LOAD ./Core/Src/liquidcrystal_i2c.o
LOAD ./Core/Src/main.o
LOAD ./Core/Src/stm32f3xx_hal_msp.o
LOAD ./Core/Src/stm32f3xx_it.o
LOAD ./Core/Src/syscalls.o
LOAD ./Core/Src/sysmem.o
LOAD ./Core/Src/system_stm32f3xx.o
LOAD ./Core/Startup/startup_stm32f302r8tx.o
LOAD ./Drivers/STM32F3xx_HAL_Driver/Src/stm32f3xx_hal.o
LOAD ./Drivers/STM32F3xx_HAL_Driver/Src/stm32f3xx_hal_cortex.o
LOAD ./Drivers/STM32F3xx_HAL_Driver/Src/stm32f3xx_hal_dma.o
LOAD ./Drivers/STM32F3xx_HAL_Driver/Src/stm32f3xx_hal_exti.o
LOAD ./Drivers/STM32F3xx_HAL_Driver/Src/stm32f3xx_hal_flash.o
LOAD ./Drivers/STM32F3xx_HAL_Driver/Src/stm32f3xx_hal_flash_ex.o
LOAD ./Drivers/STM32F3xx_HAL_Driver/Src/stm32f3xx_hal_gpio.o
LOAD ./Drivers/STM32F3xx_HAL_Driver/Src/stm32f3xx_hal_i2c.o
LOAD ./Drivers/STM32F3xx_HAL_Driver/Src/stm32f3xx_hal_i2c_ex.o
LOAD ./Drivers/STM32F3xx_HAL_Driver/Src/stm32f3xx_hal_pwr.o
LOAD ./Drivers/STM32F3xx_HAL_Driver/Src/stm32f3xx_hal_pwr_ex.o
LOAD ./Drivers/STM32F3xx_HAL_Driver/Src/stm32f3xx_hal_rcc.o
LOAD ./Drivers/STM32F3xx_HAL_Driver/Src/stm32f3xx_hal_rcc_ex.o
LOAD ./Drivers/STM32F3xx_HAL_Driver/Src/stm32f3xx_hal_spi.o
LOAD ./Drivers/STM32F3xx_HAL_Driver/Src/stm32f3xx_hal_spi_ex.o
LOAD ./Drivers/STM32F3xx_HAL_Driver/Src/stm32f3xx_hal_tim.o
LOAD ./Drivers/STM32F3xx_HAL_Driver/Src/stm32f3xx_hal_tim_ex.o
LOAD ./Drivers/STM32F3xx_HAL_Driver/Src/stm32f3xx_hal_uart.o
LOAD ./Drivers/STM32F3xx_HAL_Driver/Src/stm32f3xx_hal_uart_ex.o
LOAD ./FATFS/App/fatfs.o
LOAD ./FATFS/Target/user_diskio.o
LOAD ./Middlewares/Third_Party/FatFs/src/diskio.o
LOAD ./Middlewares/Third_Party/FatFs/src/ff.o
LOAD ./Middlewares/Third_Party/FatFs/src/ff_gen_drv.o
LOAD ./Middlewares/Third_Party/FatFs/src/option/ccsbcs.o
LOAD ./Middlewares/Third_Party/FatFs/src/option/syscall.o
START GROUP
LOAD e:/programs/stm_cube_ide/stm32cubeide_1.9.0/stm32cubeide/plugins/com.st.stm32cube.ide.mcu.externaltools.gnu-tools-for-stm32.10.3-2021.10.win32_1.0.0.202111181127/tools/bin/../lib/gcc/arm-none-eabi/10.3.1/../../../../arm-none-eabi/lib/thumb/v7e-m+fp/hard\libc_nano.a
LOAD e:/programs/stm_cube_ide/stm32cubeide_1.9.0/stm32cubeide/plugins/com.st.stm32cube.ide.mcu.externaltools.gnu-tools-for-stm32.10.3-2021.10.win32_1.0.0.202111181127/tools/bin/../lib/gcc/arm-none-eabi/10.3.1/../../../../arm-none-eabi/lib/thumb/v7e-m+fp/hard\libm.a
END GROUP
START GROUP
LOAD e:/programs/stm_cube_ide/stm32cubeide_1.9.0/stm32cubeide/plugins/com.st.stm32cube.ide.mcu.externaltools.gnu-tools-for-stm32.10.3-2021.10.win32_1.0.0.202111181127/tools/bin/../lib/gcc/arm-none-eabi/10.3.1/thumb/v7e-m+fp/hard\libgcc.a
LOAD e:/programs/stm_cube_ide/stm32cubeide_1.9.0/stm32cubeide/plugins/com.st.stm32cube.ide.mcu.externaltools.gnu-tools-for-stm32.10.3-2021.10.win32_1.0.0.202111181127/tools/bin/../lib/gcc/arm-none-eabi/10.3.1/../../../../arm-none-eabi/lib/thumb/v7e-m+fp/hard\libc_nano.a
END GROUP
START GROUP
LOAD e:/programs/stm_cube_ide/stm32cubeide_1.9.0/stm32cubeide/plugins/com.st.stm32cube.ide.mcu.externaltools.gnu-tools-for-stm32.10.3-2021.10.win32_1.0.0.202111181127/tools/bin/../lib/gcc/arm-none-eabi/10.3.1/thumb/v7e-m+fp/hard\libgcc.a
LOAD e:/programs/stm_cube_ide/stm32cubeide_1.9.0/stm32cubeide/plugins/com.st.stm32cube.ide.mcu.externaltools.gnu-tools-for-stm32.10.3-2021.10.win32_1.0.0.202111181127/tools/bin/../lib/gcc/arm-none-eabi/10.3.1/../../../../arm-none-eabi/lib/thumb/v7e-m+fp/hard\libc_nano.a
LOAD e:/programs/stm_cube_ide/stm32cubeide_1.9.0/stm32cubeide/plugins/com.st.stm32cube.ide.mcu.externaltools.gnu-tools-for-stm32.10.3-2021.10.win32_1.0.0.202111181127/tools/bin/../lib/gcc/arm-none-eabi/10.3.1/../../../../arm-none-eabi/lib/thumb/v7e-m+fp/hard\libnosys.a
END GROUP
START GROUP
LOAD e:/programs/stm_cube_ide/stm32cubeide_1.9.0/stm32cubeide/plugins/com.st.stm32cube.ide.mcu.externaltools.gnu-tools-for-stm32.10.3-2021.10.win32_1.0.0.202111181127/tools/bin/../lib/gcc/arm-none-eabi/10.3.1/thumb/v7e-m+fp/hard\libgcc.a
LOAD e:/programs/stm_cube_ide/stm32cubeide_1.9.0/stm32cubeide/plugins/com.st.stm32cube.ide.mcu.externaltools.gnu-tools-for-stm32.10.3-2021.10.win32_1.0.0.202111181127/tools/bin/../lib/gcc/arm-none-eabi/10.3.1/../../../../arm-none-eabi/lib/thumb/v7e-m+fp/hard\libc_nano.a
LOAD e:/programs/stm_cube_ide/stm32cubeide_1.9.0/stm32cubeide/plugins/com.st.stm32cube.ide.mcu.externaltools.gnu-tools-for-stm32.10.3-2021.10.win32_1.0.0.202111181127/tools/bin/../lib/gcc/arm-none-eabi/10.3.1/../../../../arm-none-eabi/lib/thumb/v7e-m+fp/hard\libnosys.a
END GROUP
LOAD e:/programs/stm_cube_ide/stm32cubeide_1.9.0/stm32cubeide/plugins/com.st.stm32cube.ide.mcu.externaltools.gnu-tools-for-stm32.10.3-2021.10.win32_1.0.0.202111181127/tools/bin/../lib/gcc/arm-none-eabi/10.3.1/thumb/v7e-m+fp/hard/crtend.o
LOAD e:/programs/stm_cube_ide/stm32cubeide_1.9.0/stm32cubeide/plugins/com.st.stm32cube.ide.mcu.externaltools.gnu-tools-for-stm32.10.3-2021.10.win32_1.0.0.202111181127/tools/bin/../lib/gcc/arm-none-eabi/10.3.1/thumb/v7e-m+fp/hard/crtn.o
                0x0000000020004000                _estack = (ORIGIN (RAM) + LENGTH (RAM))
                0x0000000000000200                _Min_Heap_Size = 0x200
                0x0000000000000400                _Min_Stack_Size = 0x400

.isr_vector     0x0000000008000000      0x188
                0x0000000008000000                . = ALIGN (0x4)
 *(.isr_vector)
 .isr_vector    0x0000000008000000      0x188 ./Core/Startup/startup_stm32f302r8tx.o
                0x0000000008000000                g_pfnVectors
                0x0000000008000188                . = ALIGN (0x4)

.text           0x0000000008000190     0xd8a4
                0x0000000008000190                . = ALIGN (0x4)
 *(.text)
 .text          0x0000000008000190       0x40 e:/programs/stm_cube_ide/stm32cubeide_1.9.0/stm32cubeide/plugins/com.st.stm32cube.ide.mcu.externaltools.gnu-tools-for-stm32.10.3-2021.10.win32_1.0.0.202111181127/tools/bin/../lib/gcc/arm-none-eabi/10.3.1/thumb/v7e-m+fp/hard/crtbegin.o
 .text          0x00000000080001d0       0xa0 e:/programs/stm_cube_ide/stm32cubeide_1.9.0/stm32cubeide/plugins/com.st.stm32cube.ide.mcu.externaltools.gnu-tools-for-stm32.10.3-2021.10.win32_1.0.0.202111181127/tools/bin/../lib/gcc/arm-none-eabi/10.3.1/../../../../arm-none-eabi/lib/thumb/v7e-m+fp/hard\libc_nano.a(lib_a-memchr.o)
                0x00000000080001d0                memchr
 *(.text*)
 .text.SELECT   0x0000000008000270       0x20 ./Core/Src/fatfs_sd_card.o
 .text.DESELECT
                0x0000000008000290       0x20 ./Core/Src/fatfs_sd_card.o
 .text.SPI_TxByte
                0x00000000080002b0       0x34 ./Core/Src/fatfs_sd_card.o
 .text.SPI_TxBuffer
                0x00000000080002e4       0x38 ./Core/Src/fatfs_sd_card.o
 .text.SPI_RxByte
                0x000000000800031c       0x3c ./Core/Src/fatfs_sd_card.o
 .text.SPI_RxBytePtr
                0x0000000008000358       0x1c ./Core/Src/fatfs_sd_card.o
 .text.SD_ReadyWait
                0x0000000008000374       0x34 ./Core/Src/fatfs_sd_card.o
 .text.SD_PowerOn
                0x00000000080003a8       0x84 ./Core/Src/fatfs_sd_card.o
 .text.SD_PowerOff
                0x000000000800042c       0x18 ./Core/Src/fatfs_sd_card.o
 .text.SD_CheckPower
                0x0000000008000444       0x18 ./Core/Src/fatfs_sd_card.o
 .text.SD_RxDataBlock
                0x000000000800045c       0x5c ./Core/Src/fatfs_sd_card.o
 .text.SD_TxDataBlock
                0x00000000080004b8       0x86 ./Core/Src/fatfs_sd_card.o
 .text.SD_SendCmd
                0x000000000800053e       0xa8 ./Core/Src/fatfs_sd_card.o
 *fill*         0x00000000080005e6        0x2 
 .text.SD_disk_initialize
                0x00000000080005e8      0x1cc ./Core/Src/fatfs_sd_card.o
                0x00000000080005e8                SD_disk_initialize
 .text.SD_disk_status
                0x00000000080007b4       0x2c ./Core/Src/fatfs_sd_card.o
                0x00000000080007b4                SD_disk_status
 .text.SD_disk_read
                0x00000000080007e0       0xd4 ./Core/Src/fatfs_sd_card.o
                0x00000000080007e0                SD_disk_read
 .text.SD_disk_write
                0x00000000080008b4      0x108 ./Core/Src/fatfs_sd_card.o
                0x00000000080008b4                SD_disk_write
 .text.SD_disk_ioctl
                0x00000000080009bc      0x258 ./Core/Src/fatfs_sd_card.o
                0x00000000080009bc                SD_disk_ioctl
 .text.HD44780_Init
                0x0000000008000c14      0x108 ./Core/Src/liquidcrystal_i2c.o
                0x0000000008000c14                HD44780_Init
 .text.HD44780_Clear
                0x0000000008000d1c       0x16 ./Core/Src/liquidcrystal_i2c.o
                0x0000000008000d1c                HD44780_Clear
 .text.HD44780_Home
                0x0000000008000d32       0x16 ./Core/Src/liquidcrystal_i2c.o
                0x0000000008000d32                HD44780_Home
 .text.HD44780_SetCursor
                0x0000000008000d48       0x64 ./Core/Src/liquidcrystal_i2c.o
                0x0000000008000d48                HD44780_SetCursor
 .text.HD44780_Display
                0x0000000008000dac       0x2c ./Core/Src/liquidcrystal_i2c.o
                0x0000000008000dac                HD44780_Display
 .text.HD44780_Cursor
                0x0000000008000dd8       0x2c ./Core/Src/liquidcrystal_i2c.o
                0x0000000008000dd8                HD44780_Cursor
 .text.HD44780_Blink
                0x0000000008000e04       0x2c ./Core/Src/liquidcrystal_i2c.o
                0x0000000008000e04                HD44780_Blink
 .text.HD44780_CreateSpecialChar
                0x0000000008000e30       0x52 ./Core/Src/liquidcrystal_i2c.o
                0x0000000008000e30                HD44780_CreateSpecialChar
 .text.HD44780_PrintStr
                0x0000000008000e82       0x2a ./Core/Src/liquidcrystal_i2c.o
                0x0000000008000e82                HD44780_PrintStr
 .text.SendCommand
                0x0000000008000eac       0x1c ./Core/Src/liquidcrystal_i2c.o
 .text.SendChar
                0x0000000008000ec8       0x1c ./Core/Src/liquidcrystal_i2c.o
 .text.Send     0x0000000008000ee4       0x42 ./Core/Src/liquidcrystal_i2c.o
 .text.Write4Bits
                0x0000000008000f26       0x22 ./Core/Src/liquidcrystal_i2c.o
 .text.ExpanderWrite
                0x0000000008000f48       0x38 ./Core/Src/liquidcrystal_i2c.o
 .text.PulseEnable
                0x0000000008000f80       0x3a ./Core/Src/liquidcrystal_i2c.o
 *fill*         0x0000000008000fba        0x2 
 .text.DelayInit
                0x0000000008000fbc       0x54 ./Core/Src/liquidcrystal_i2c.o
 .text.DelayUS  0x0000000008001010       0x50 ./Core/Src/liquidcrystal_i2c.o
 .text.main     0x0000000008001060       0x90 ./Core/Src/main.o
                0x0000000008001060                main
 .text.SystemClock_Config
                0x00000000080010f0       0xbc ./Core/Src/main.o
                0x00000000080010f0                SystemClock_Config
 .text.MX_I2C1_Init
                0x00000000080011ac       0x80 ./Core/Src/main.o
 .text.MX_SPI2_Init
                0x000000000800122c       0x7c ./Core/Src/main.o
 .text.MX_TIM6_Init
                0x00000000080012a8       0x6c ./Core/Src/main.o
 .text.MX_TIM17_Init
                0x0000000008001314       0xf0 ./Core/Src/main.o
 .text.MX_USART1_UART_Init
                0x0000000008001404       0x60 ./Core/Src/main.o
 .text.MX_DMA_Init
                0x0000000008001464       0x3c ./Core/Src/main.o
 .text.MX_GPIO_Init
                0x00000000080014a0      0x10c ./Core/Src/main.o
 .text.__io_putchar
                0x00000000080015ac       0x24 ./Core/Src/main.o
                0x00000000080015ac                __io_putchar
 .text.process_SD_card
                0x00000000080015d0      0x114 ./Core/Src/main.o
                0x00000000080015d0                process_SD_card
 .text.HAL_GPIO_EXTI_Callback
                0x00000000080016e4      0x690 ./Core/Src/main.o
                0x00000000080016e4                HAL_GPIO_EXTI_Callback
 .text.start_play_music
                0x0000000008001d74       0x74 ./Core/Src/main.o
                0x0000000008001d74                start_play_music
 .text.stop_play_music
                0x0000000008001de8       0x54 ./Core/Src/main.o
                0x0000000008001de8                stop_play_music
 .text.Error_Handler
                0x0000000008001e3c        0xa ./Core/Src/main.o
                0x0000000008001e3c                Error_Handler
 *fill*         0x0000000008001e46        0x2 
 .text.HAL_MspInit
                0x0000000008001e48       0x48 ./Core/Src/stm32f3xx_hal_msp.o
                0x0000000008001e48                HAL_MspInit
 .text.HAL_I2C_MspInit
                0x0000000008001e90       0x88 ./Core/Src/stm32f3xx_hal_msp.o
                0x0000000008001e90                HAL_I2C_MspInit
 .text.HAL_SPI_MspInit
                0x0000000008001f18       0x88 ./Core/Src/stm32f3xx_hal_msp.o
                0x0000000008001f18                HAL_SPI_MspInit
 .text.HAL_TIM_Base_MspInit
                0x0000000008001fa0       0xe4 ./Core/Src/stm32f3xx_hal_msp.o
                0x0000000008001fa0                HAL_TIM_Base_MspInit
 .text.HAL_TIM_MspPostInit
                0x0000000008002084       0x6c ./Core/Src/stm32f3xx_hal_msp.o
                0x0000000008002084                HAL_TIM_MspPostInit
 .text.HAL_UART_MspInit
                0x00000000080020f0       0x88 ./Core/Src/stm32f3xx_hal_msp.o
                0x00000000080020f0                HAL_UART_MspInit
 .text.NMI_Handler
                0x0000000008002178        0x6 ./Core/Src/stm32f3xx_it.o
                0x0000000008002178                NMI_Handler
 .text.HardFault_Handler
                0x000000000800217e        0x6 ./Core/Src/stm32f3xx_it.o
                0x000000000800217e                HardFault_Handler
 .text.MemManage_Handler
                0x0000000008002184        0x6 ./Core/Src/stm32f3xx_it.o
                0x0000000008002184                MemManage_Handler
 .text.BusFault_Handler
                0x000000000800218a        0x6 ./Core/Src/stm32f3xx_it.o
                0x000000000800218a                BusFault_Handler
 .text.UsageFault_Handler
                0x0000000008002190        0x6 ./Core/Src/stm32f3xx_it.o
                0x0000000008002190                UsageFault_Handler
 .text.SVC_Handler
                0x0000000008002196        0xe ./Core/Src/stm32f3xx_it.o
                0x0000000008002196                SVC_Handler
 .text.DebugMon_Handler
                0x00000000080021a4        0xe ./Core/Src/stm32f3xx_it.o
                0x00000000080021a4                DebugMon_Handler
 .text.PendSV_Handler
                0x00000000080021b2        0xe ./Core/Src/stm32f3xx_it.o
                0x00000000080021b2                PendSV_Handler
 .text.SysTick_Handler
                0x00000000080021c0       0x3c ./Core/Src/stm32f3xx_it.o
                0x00000000080021c0                SysTick_Handler
 .text.DMA1_Channel1_IRQHandler
                0x00000000080021fc       0x88 ./Core/Src/stm32f3xx_it.o
                0x00000000080021fc                DMA1_Channel1_IRQHandler
 .text.TIM1_TRG_COM_TIM17_IRQHandler
                0x0000000008002284       0xa4 ./Core/Src/stm32f3xx_it.o
                0x0000000008002284                TIM1_TRG_COM_TIM17_IRQHandler
 .text.EXTI15_10_IRQHandler
                0x0000000008002328       0x30 ./Core/Src/stm32f3xx_it.o
                0x0000000008002328                EXTI15_10_IRQHandler
 .text.TIM6_DAC_IRQHandler
                0x0000000008002358       0x7c ./Core/Src/stm32f3xx_it.o
                0x0000000008002358                TIM6_DAC_IRQHandler
 .text._read    0x00000000080023d4       0x3a ./Core/Src/syscalls.o
                0x00000000080023d4                _read
 .text._write   0x000000000800240e       0x38 ./Core/Src/syscalls.o
                0x000000000800240e                _write
 .text._close   0x0000000008002446       0x18 ./Core/Src/syscalls.o
                0x0000000008002446                _close
 .text._fstat   0x000000000800245e       0x20 ./Core/Src/syscalls.o
                0x000000000800245e                _fstat
 .text._isatty  0x000000000800247e       0x16 ./Core/Src/syscalls.o
                0x000000000800247e                _isatty
 .text._lseek   0x0000000008002494       0x1a ./Core/Src/syscalls.o
                0x0000000008002494                _lseek
 *fill*         0x00000000080024ae        0x2 
 .text._sbrk    0x00000000080024b0       0x6c ./Core/Src/sysmem.o
                0x00000000080024b0                _sbrk
 .text.SystemInit
                0x000000000800251c       0x24 ./Core/Src/system_stm32f3xx.o
                0x000000000800251c                SystemInit
 .text.Reset_Handler
                0x0000000008002540       0x50 ./Core/Startup/startup_stm32f302r8tx.o
                0x0000000008002540                Reset_Handler
 .text.Default_Handler
                0x0000000008002590        0x2 ./Core/Startup/startup_stm32f302r8tx.o
                0x0000000008002590                RTC_Alarm_IRQHandler
                0x0000000008002590                TIM1_CC_IRQHandler
                0x0000000008002590                USB_HP_IRQHandler
                0x0000000008002590                PVD_IRQHandler
                0x0000000008002590                TAMP_STAMP_IRQHandler
                0x0000000008002590                EXTI3_IRQHandler
                0x0000000008002590                I2C3_ER_IRQHandler
                0x0000000008002590                USB_HP_CAN_TX_IRQHandler
                0x0000000008002590                EXTI0_IRQHandler
                0x0000000008002590                I2C2_EV_IRQHandler
                0x0000000008002590                FPU_IRQHandler
                0x0000000008002590                TIM1_UP_TIM16_IRQHandler
                0x0000000008002590                CAN_SCE_IRQHandler
                0x0000000008002590                DMA1_Channel4_IRQHandler
                0x0000000008002590                ADC1_IRQHandler
                0x0000000008002590                USART3_IRQHandler
                0x0000000008002590                DMA1_Channel7_IRQHandler
                0x0000000008002590                CAN_RX1_IRQHandler
                0x0000000008002590                I2C1_EV_IRQHandler
                0x0000000008002590                DMA1_Channel6_IRQHandler
                0x0000000008002590                RCC_IRQHandler
                0x0000000008002590                Default_Handler
                0x0000000008002590                USBWakeUp_RMP_IRQHandler
                0x0000000008002590                COMP2_IRQHandler
                0x0000000008002590                I2C3_EV_IRQHandler
                0x0000000008002590                EXTI9_5_IRQHandler
                0x0000000008002590                RTC_WKUP_IRQHandler
                0x0000000008002590                SPI2_IRQHandler
                0x0000000008002590                USB_LP_CAN_RX0_IRQHandler
                0x0000000008002590                DMA1_Channel5_IRQHandler
                0x0000000008002590                USB_LP_IRQHandler
                0x0000000008002590                EXTI4_IRQHandler
                0x0000000008002590                DMA1_Channel3_IRQHandler
                0x0000000008002590                WWDG_IRQHandler
                0x0000000008002590                TIM2_IRQHandler
                0x0000000008002590                EXTI1_IRQHandler
                0x0000000008002590                COMP4_6_IRQHandler
                0x0000000008002590                USART2_IRQHandler
                0x0000000008002590                I2C2_ER_IRQHandler
                0x0000000008002590                DMA1_Channel2_IRQHandler
                0x0000000008002590                FLASH_IRQHandler
                0x0000000008002590                USART1_IRQHandler
                0x0000000008002590                SPI3_IRQHandler
                0x0000000008002590                I2C1_ER_IRQHandler
                0x0000000008002590                USBWakeUp_IRQHandler
                0x0000000008002590                EXTI2_TSC_IRQHandler
                0x0000000008002590                TIM1_BRK_TIM15_IRQHandler
 *fill*         0x0000000008002592        0x2 
 .text.HAL_Init
                0x0000000008002594       0x2c ./Drivers/STM32F3xx_HAL_Driver/Src/stm32f3xx_hal.o
                0x0000000008002594                HAL_Init
 .text.HAL_InitTick
                0x00000000080025c0       0x60 ./Drivers/STM32F3xx_HAL_Driver/Src/stm32f3xx_hal.o
                0x00000000080025c0                HAL_InitTick
 .text.HAL_IncTick
                0x0000000008002620       0x28 ./Drivers/STM32F3xx_HAL_Driver/Src/stm32f3xx_hal.o
                0x0000000008002620                HAL_IncTick
 .text.HAL_GetTick
                0x0000000008002648       0x18 ./Drivers/STM32F3xx_HAL_Driver/Src/stm32f3xx_hal.o
                0x0000000008002648                HAL_GetTick
 .text.HAL_Delay
                0x0000000008002660       0x48 ./Drivers/STM32F3xx_HAL_Driver/Src/stm32f3xx_hal.o
                0x0000000008002660                HAL_Delay
 .text.__NVIC_SetPriorityGrouping
                0x00000000080026a8       0x48 ./Drivers/STM32F3xx_HAL_Driver/Src/stm32f3xx_hal_cortex.o
 .text.__NVIC_GetPriorityGrouping
                0x00000000080026f0       0x1c ./Drivers/STM32F3xx_HAL_Driver/Src/stm32f3xx_hal_cortex.o
 .text.__NVIC_EnableIRQ
                0x000000000800270c       0x3c ./Drivers/STM32F3xx_HAL_Driver/Src/stm32f3xx_hal_cortex.o
 .text.__NVIC_SetPriority
                0x0000000008002748       0x54 ./Drivers/STM32F3xx_HAL_Driver/Src/stm32f3xx_hal_cortex.o
 .text.NVIC_EncodePriority
                0x000000000800279c       0x66 ./Drivers/STM32F3xx_HAL_Driver/Src/stm32f3xx_hal_cortex.o
 *fill*         0x0000000008002802        0x2 
 .text.SysTick_Config
                0x0000000008002804       0x44 ./Drivers/STM32F3xx_HAL_Driver/Src/stm32f3xx_hal_cortex.o
 .text.HAL_NVIC_SetPriorityGrouping
                0x0000000008002848       0x16 ./Drivers/STM32F3xx_HAL_Driver/Src/stm32f3xx_hal_cortex.o
                0x0000000008002848                HAL_NVIC_SetPriorityGrouping
 .text.HAL_NVIC_SetPriority
                0x000000000800285e       0x38 ./Drivers/STM32F3xx_HAL_Driver/Src/stm32f3xx_hal_cortex.o
                0x000000000800285e                HAL_NVIC_SetPriority
 .text.HAL_NVIC_EnableIRQ
                0x0000000008002896       0x1c ./Drivers/STM32F3xx_HAL_Driver/Src/stm32f3xx_hal_cortex.o
                0x0000000008002896                HAL_NVIC_EnableIRQ
 .text.HAL_SYSTICK_Config
                0x00000000080028b2       0x18 ./Drivers/STM32F3xx_HAL_Driver/Src/stm32f3xx_hal_cortex.o
                0x00000000080028b2                HAL_SYSTICK_Config
 .text.HAL_DMA_Init
                0x00000000080028ca       0x8e ./Drivers/STM32F3xx_HAL_Driver/Src/stm32f3xx_hal_dma.o
                0x00000000080028ca                HAL_DMA_Init
 .text.HAL_DMA_Start_IT
                0x0000000008002958       0xbe ./Drivers/STM32F3xx_HAL_Driver/Src/stm32f3xx_hal_dma.o
                0x0000000008002958                HAL_DMA_Start_IT
 .text.HAL_DMA_Abort_IT
                0x0000000008002a16       0x7c ./Drivers/STM32F3xx_HAL_Driver/Src/stm32f3xx_hal_dma.o
                0x0000000008002a16                HAL_DMA_Abort_IT
 .text.HAL_DMA_IRQHandler
                0x0000000008002a92      0x146 ./Drivers/STM32F3xx_HAL_Driver/Src/stm32f3xx_hal_dma.o
                0x0000000008002a92                HAL_DMA_IRQHandler
 .text.DMA_SetConfig
                0x0000000008002bd8       0x5c ./Drivers/STM32F3xx_HAL_Driver/Src/stm32f3xx_hal_dma.o
 .text.DMA_CalcBaseAndBitshift
                0x0000000008002c34       0x40 ./Drivers/STM32F3xx_HAL_Driver/Src/stm32f3xx_hal_dma.o
 .text.HAL_GPIO_Init
                0x0000000008002c74      0x2e4 ./Drivers/STM32F3xx_HAL_Driver/Src/stm32f3xx_hal_gpio.o
                0x0000000008002c74                HAL_GPIO_Init
 .text.HAL_GPIO_ReadPin
                0x0000000008002f58       0x30 ./Drivers/STM32F3xx_HAL_Driver/Src/stm32f3xx_hal_gpio.o
                0x0000000008002f58                HAL_GPIO_ReadPin
 .text.HAL_GPIO_WritePin
                0x0000000008002f88       0x30 ./Drivers/STM32F3xx_HAL_Driver/Src/stm32f3xx_hal_gpio.o
                0x0000000008002f88                HAL_GPIO_WritePin
 .text.HAL_GPIO_EXTI_IRQHandler
                0x0000000008002fb8       0x30 ./Drivers/STM32F3xx_HAL_Driver/Src/stm32f3xx_hal_gpio.o
                0x0000000008002fb8                HAL_GPIO_EXTI_IRQHandler
 .text.HAL_I2C_Init
                0x0000000008002fe8      0x11e ./Drivers/STM32F3xx_HAL_Driver/Src/stm32f3xx_hal_i2c.o
                0x0000000008002fe8                HAL_I2C_Init
 *fill*         0x0000000008003106        0x2 
 .text.HAL_I2C_Master_Transmit
                0x0000000008003108      0x1e8 ./Drivers/STM32F3xx_HAL_Driver/Src/stm32f3xx_hal_i2c.o
                0x0000000008003108                HAL_I2C_Master_Transmit
 .text.I2C_Flush_TXDR
                0x00000000080032f0       0x48 ./Drivers/STM32F3xx_HAL_Driver/Src/stm32f3xx_hal_i2c.o
 .text.I2C_WaitOnFlagUntilTimeout
                0x0000000008003338       0x9e ./Drivers/STM32F3xx_HAL_Driver/Src/stm32f3xx_hal_i2c.o
 .text.I2C_WaitOnTXISFlagUntilTimeout
                0x00000000080033d6       0x8e ./Drivers/STM32F3xx_HAL_Driver/Src/stm32f3xx_hal_i2c.o
 .text.I2C_WaitOnSTOPFlagUntilTimeout
                0x0000000008003464       0x86 ./Drivers/STM32F3xx_HAL_Driver/Src/stm32f3xx_hal_i2c.o
 *fill*         0x00000000080034ea        0x2 
 .text.I2C_IsErrorOccurred
                0x00000000080034ec      0x1c0 ./Drivers/STM32F3xx_HAL_Driver/Src/stm32f3xx_hal_i2c.o
 .text.I2C_TransferConfig
                0x00000000080036ac       0x64 ./Drivers/STM32F3xx_HAL_Driver/Src/stm32f3xx_hal_i2c.o
 .text.HAL_I2CEx_ConfigAnalogFilter
                0x0000000008003710       0x96 ./Drivers/STM32F3xx_HAL_Driver/Src/stm32f3xx_hal_i2c_ex.o
                0x0000000008003710                HAL_I2CEx_ConfigAnalogFilter
 .text.HAL_I2CEx_ConfigDigitalFilter
                0x00000000080037a6       0x98 ./Drivers/STM32F3xx_HAL_Driver/Src/stm32f3xx_hal_i2c_ex.o
                0x00000000080037a6                HAL_I2CEx_ConfigDigitalFilter
 *fill*         0x000000000800383e        0x2 
 .text.HAL_RCC_OscConfig
                0x0000000008003840     0x107c ./Drivers/STM32F3xx_HAL_Driver/Src/stm32f3xx_hal_rcc.o
                0x0000000008003840                HAL_RCC_OscConfig
 .text.HAL_RCC_ClockConfig
                0x00000000080048bc      0x2f8 ./Drivers/STM32F3xx_HAL_Driver/Src/stm32f3xx_hal_rcc.o
                0x00000000080048bc                HAL_RCC_ClockConfig
 .text.HAL_RCC_GetSysClockFreq
                0x0000000008004bb4       0xd4 ./Drivers/STM32F3xx_HAL_Driver/Src/stm32f3xx_hal_rcc.o
                0x0000000008004bb4                HAL_RCC_GetSysClockFreq
 .text.HAL_RCC_GetHCLKFreq
                0x0000000008004c88       0x18 ./Drivers/STM32F3xx_HAL_Driver/Src/stm32f3xx_hal_rcc.o
                0x0000000008004c88                HAL_RCC_GetHCLKFreq
 .text.HAL_RCC_GetPCLK1Freq
                0x0000000008004ca0       0x44 ./Drivers/STM32F3xx_HAL_Driver/Src/stm32f3xx_hal_rcc.o
                0x0000000008004ca0                HAL_RCC_GetPCLK1Freq
 .text.HAL_RCC_GetPCLK2Freq
                0x0000000008004ce4       0x44 ./Drivers/STM32F3xx_HAL_Driver/Src/stm32f3xx_hal_rcc.o
                0x0000000008004ce4                HAL_RCC_GetPCLK2Freq
 .text.HAL_RCCEx_PeriphCLKConfig
                0x0000000008004d28      0x324 ./Drivers/STM32F3xx_HAL_Driver/Src/stm32f3xx_hal_rcc_ex.o
                0x0000000008004d28                HAL_RCCEx_PeriphCLKConfig
 .text.HAL_SPI_Init
                0x000000000800504c      0x156 ./Drivers/STM32F3xx_HAL_Driver/Src/stm32f3xx_hal_spi.o
                0x000000000800504c                HAL_SPI_Init
 .text.HAL_SPI_Transmit
                0x00000000080051a2      0x2ea ./Drivers/STM32F3xx_HAL_Driver/Src/stm32f3xx_hal_spi.o
                0x00000000080051a2                HAL_SPI_Transmit
 .text.HAL_SPI_TransmitReceive
                0x000000000800548c      0x444 ./Drivers/STM32F3xx_HAL_Driver/Src/stm32f3xx_hal_spi.o
                0x000000000800548c                HAL_SPI_TransmitReceive
 .text.SPI_WaitFlagStateUntilTimeout
                0x00000000080058d0      0x110 ./Drivers/STM32F3xx_HAL_Driver/Src/stm32f3xx_hal_spi.o
 .text.SPI_WaitFifoStateUntilTimeout
                0x00000000080059e0      0x12c ./Drivers/STM32F3xx_HAL_Driver/Src/stm32f3xx_hal_spi.o
 .text.SPI_EndRxTxTransaction
                0x0000000008005b0c       0x8c ./Drivers/STM32F3xx_HAL_Driver/Src/stm32f3xx_hal_spi.o
 .text.HAL_TIM_Base_Init
                0x0000000008005b98       0xae ./Drivers/STM32F3xx_HAL_Driver/Src/stm32f3xx_hal_tim.o
                0x0000000008005b98                HAL_TIM_Base_Init
 *fill*         0x0000000008005c46        0x2 
 .text.HAL_TIM_Base_Start_IT
                0x0000000008005c48       0xa8 ./Drivers/STM32F3xx_HAL_Driver/Src/stm32f3xx_hal_tim.o
                0x0000000008005c48                HAL_TIM_Base_Start_IT
 .text.HAL_TIM_Base_Stop_IT
                0x0000000008005cf0       0x5e ./Drivers/STM32F3xx_HAL_Driver/Src/stm32f3xx_hal_tim.o
                0x0000000008005cf0                HAL_TIM_Base_Stop_IT
 .text.HAL_TIM_PWM_Init
                0x0000000008005d4e       0xae ./Drivers/STM32F3xx_HAL_Driver/Src/stm32f3xx_hal_tim.o
                0x0000000008005d4e                HAL_TIM_PWM_Init
 .text.HAL_TIM_PWM_MspInit
                0x0000000008005dfc       0x14 ./Drivers/STM32F3xx_HAL_Driver/Src/stm32f3xx_hal_tim.o
                0x0000000008005dfc                HAL_TIM_PWM_MspInit
 .text.HAL_TIM_PWM_Start
                0x0000000008005e10      0x1cc ./Drivers/STM32F3xx_HAL_Driver/Src/stm32f3xx_hal_tim.o
                0x0000000008005e10                HAL_TIM_PWM_Start
 .text.HAL_TIM_PWM_Stop
                0x0000000008005fdc      0x11c ./Drivers/STM32F3xx_HAL_Driver/Src/stm32f3xx_hal_tim.o
                0x0000000008005fdc                HAL_TIM_PWM_Stop
 .text.HAL_TIM_PWM_Start_DMA
                0x00000000080060f8      0x3fc ./Drivers/STM32F3xx_HAL_Driver/Src/stm32f3xx_hal_tim.o
                0x00000000080060f8                HAL_TIM_PWM_Start_DMA
 .text.HAL_TIM_PWM_Stop_DMA
                0x00000000080064f4      0x1e0 ./Drivers/STM32F3xx_HAL_Driver/Src/stm32f3xx_hal_tim.o
                0x00000000080064f4                HAL_TIM_PWM_Stop_DMA
 .text.HAL_TIM_IRQHandler
                0x00000000080066d4      0x23e ./Drivers/STM32F3xx_HAL_Driver/Src/stm32f3xx_hal_tim.o
                0x00000000080066d4                HAL_TIM_IRQHandler
 *fill*         0x0000000008006912        0x2 
 .text.HAL_TIM_PWM_ConfigChannel
                0x0000000008006914      0x228 ./Drivers/STM32F3xx_HAL_Driver/Src/stm32f3xx_hal_tim.o
                0x0000000008006914                HAL_TIM_PWM_ConfigChannel
 .text.HAL_TIM_PeriodElapsedCallback
                0x0000000008006b3c       0x14 ./Drivers/STM32F3xx_HAL_Driver/Src/stm32f3xx_hal_tim.o
                0x0000000008006b3c                HAL_TIM_PeriodElapsedCallback
 .text.HAL_TIM_OC_DelayElapsedCallback
                0x0000000008006b50       0x14 ./Drivers/STM32F3xx_HAL_Driver/Src/stm32f3xx_hal_tim.o
                0x0000000008006b50                HAL_TIM_OC_DelayElapsedCallback
 .text.HAL_TIM_IC_CaptureCallback
                0x0000000008006b64       0x14 ./Drivers/STM32F3xx_HAL_Driver/Src/stm32f3xx_hal_tim.o
                0x0000000008006b64                HAL_TIM_IC_CaptureCallback
 .text.HAL_TIM_PWM_PulseFinishedCallback
                0x0000000008006b78       0x14 ./Drivers/STM32F3xx_HAL_Driver/Src/stm32f3xx_hal_tim.o
                0x0000000008006b78                HAL_TIM_PWM_PulseFinishedCallback
 .text.HAL_TIM_PWM_PulseFinishedHalfCpltCallback
                0x0000000008006b8c       0x14 ./Drivers/STM32F3xx_HAL_Driver/Src/stm32f3xx_hal_tim.o
                0x0000000008006b8c                HAL_TIM_PWM_PulseFinishedHalfCpltCallback
 .text.HAL_TIM_TriggerCallback
                0x0000000008006ba0       0x14 ./Drivers/STM32F3xx_HAL_Driver/Src/stm32f3xx_hal_tim.o
                0x0000000008006ba0                HAL_TIM_TriggerCallback
 .text.HAL_TIM_ErrorCallback
                0x0000000008006bb4       0x14 ./Drivers/STM32F3xx_HAL_Driver/Src/stm32f3xx_hal_tim.o
                0x0000000008006bb4                HAL_TIM_ErrorCallback
 .text.TIM_DMAError
                0x0000000008006bc8       0x92 ./Drivers/STM32F3xx_HAL_Driver/Src/stm32f3xx_hal_tim.o
                0x0000000008006bc8                TIM_DMAError
 .text.TIM_DMADelayPulseCplt
                0x0000000008006c5a       0xa8 ./Drivers/STM32F3xx_HAL_Driver/Src/stm32f3xx_hal_tim.o
 .text.TIM_DMADelayPulseHalfCplt
                0x0000000008006d02       0x68 ./Drivers/STM32F3xx_HAL_Driver/Src/stm32f3xx_hal_tim.o
                0x0000000008006d02                TIM_DMADelayPulseHalfCplt
 *fill*         0x0000000008006d6a        0x2 
 .text.TIM_Base_SetConfig
                0x0000000008006d6c       0xdc ./Drivers/STM32F3xx_HAL_Driver/Src/stm32f3xx_hal_tim.o
                0x0000000008006d6c                TIM_Base_SetConfig
 .text.TIM_OC1_SetConfig
                0x0000000008006e48      0x10c ./Drivers/STM32F3xx_HAL_Driver/Src/stm32f3xx_hal_tim.o
 .text.TIM_OC2_SetConfig
                0x0000000008006f54      0x100 ./Drivers/STM32F3xx_HAL_Driver/Src/stm32f3xx_hal_tim.o
                0x0000000008006f54                TIM_OC2_SetConfig
 .text.TIM_OC3_SetConfig
                0x0000000008007054       0xfc ./Drivers/STM32F3xx_HAL_Driver/Src/stm32f3xx_hal_tim.o
 .text.TIM_OC4_SetConfig
                0x0000000008007150       0xc8 ./Drivers/STM32F3xx_HAL_Driver/Src/stm32f3xx_hal_tim.o
 .text.TIM_OC5_SetConfig
                0x0000000008007218       0xbc ./Drivers/STM32F3xx_HAL_Driver/Src/stm32f3xx_hal_tim.o
 .text.TIM_OC6_SetConfig
                0x00000000080072d4       0xc0 ./Drivers/STM32F3xx_HAL_Driver/Src/stm32f3xx_hal_tim.o
 .text.TIM_CCxChannelCmd
                0x0000000008007394       0x4a ./Drivers/STM32F3xx_HAL_Driver/Src/stm32f3xx_hal_tim.o
                0x0000000008007394                TIM_CCxChannelCmd
 *fill*         0x00000000080073de        0x2 
 .text.HAL_TIMEx_MasterConfigSynchronization
                0x00000000080073e0       0xcc ./Drivers/STM32F3xx_HAL_Driver/Src/stm32f3xx_hal_tim_ex.o
                0x00000000080073e0                HAL_TIMEx_MasterConfigSynchronization
 .text.HAL_TIMEx_ConfigBreakDeadTime
                0x00000000080074ac       0xf0 ./Drivers/STM32F3xx_HAL_Driver/Src/stm32f3xx_hal_tim_ex.o
                0x00000000080074ac                HAL_TIMEx_ConfigBreakDeadTime
 .text.HAL_TIMEx_CommutCallback
                0x000000000800759c       0x14 ./Drivers/STM32F3xx_HAL_Driver/Src/stm32f3xx_hal_tim_ex.o
                0x000000000800759c                HAL_TIMEx_CommutCallback
 .text.HAL_TIMEx_BreakCallback
                0x00000000080075b0       0x14 ./Drivers/STM32F3xx_HAL_Driver/Src/stm32f3xx_hal_tim_ex.o
                0x00000000080075b0                HAL_TIMEx_BreakCallback
 .text.HAL_TIMEx_Break2Callback
                0x00000000080075c4       0x14 ./Drivers/STM32F3xx_HAL_Driver/Src/stm32f3xx_hal_tim_ex.o
                0x00000000080075c4                HAL_TIMEx_Break2Callback
 .text.HAL_UART_Init
                0x00000000080075d8       0x9c ./Drivers/STM32F3xx_HAL_Driver/Src/stm32f3xx_hal_uart.o
                0x00000000080075d8                HAL_UART_Init
 .text.HAL_UART_Transmit
                0x0000000008007674      0x114 ./Drivers/STM32F3xx_HAL_Driver/Src/stm32f3xx_hal_uart.o
                0x0000000008007674                HAL_UART_Transmit
 .text.UART_SetConfig
                0x0000000008007788      0x26c ./Drivers/STM32F3xx_HAL_Driver/Src/stm32f3xx_hal_uart.o
                0x0000000008007788                UART_SetConfig
 .text.UART_AdvFeatureConfig
                0x00000000080079f4      0x144 ./Drivers/STM32F3xx_HAL_Driver/Src/stm32f3xx_hal_uart.o
                0x00000000080079f4                UART_AdvFeatureConfig
 .text.UART_CheckIdleState
                0x0000000008007b38      0x150 ./Drivers/STM32F3xx_HAL_Driver/Src/stm32f3xx_hal_uart.o
                0x0000000008007b38                UART_CheckIdleState
 .text.UART_WaitOnFlagUntilTimeout
                0x0000000008007c88       0xce ./Drivers/STM32F3xx_HAL_Driver/Src/stm32f3xx_hal_uart.o
                0x0000000008007c88                UART_WaitOnFlagUntilTimeout
 .text.UART_EndRxTransfer
                0x0000000008007d56       0xc8 ./Drivers/STM32F3xx_HAL_Driver/Src/stm32f3xx_hal_uart.o
 *fill*         0x0000000008007e1e        0x2 
 .text.MX_FATFS_Init
                0x0000000008007e20       0x24 ./FATFS/App/fatfs.o
                0x0000000008007e20                MX_FATFS_Init
 .text.get_fattime
                0x0000000008007e44       0x10 ./FATFS/App/fatfs.o
                0x0000000008007e44                get_fattime
 .text.USER_initialize
                0x0000000008007e54       0x1c ./FATFS/Target/user_diskio.o
                0x0000000008007e54                USER_initialize
 .text.USER_status
                0x0000000008007e70       0x1c ./FATFS/Target/user_diskio.o
                0x0000000008007e70                USER_status
 .text.USER_read
                0x0000000008007e8c       0x26 ./FATFS/Target/user_diskio.o
                0x0000000008007e8c                USER_read
 .text.USER_write
                0x0000000008007eb2       0x26 ./FATFS/Target/user_diskio.o
                0x0000000008007eb2                USER_write
 .text.USER_ioctl
                0x0000000008007ed8       0x26 ./FATFS/Target/user_diskio.o
                0x0000000008007ed8                USER_ioctl
 *fill*         0x0000000008007efe        0x2 
 .text.disk_status
                0x0000000008007f00       0x34 ./Middlewares/Third_Party/FatFs/src/diskio.o
                0x0000000008007f00                disk_status
 .text.disk_initialize
                0x0000000008007f34       0x4c ./Middlewares/Third_Party/FatFs/src/diskio.o
                0x0000000008007f34                disk_initialize
 .text.disk_read
                0x0000000008007f80       0x40 ./Middlewares/Third_Party/FatFs/src/diskio.o
                0x0000000008007f80                disk_read
 .text.disk_write
                0x0000000008007fc0       0x40 ./Middlewares/Third_Party/FatFs/src/diskio.o
                0x0000000008007fc0                disk_write
 .text.disk_ioctl
                0x0000000008008000       0x3c ./Middlewares/Third_Party/FatFs/src/diskio.o
                0x0000000008008000                disk_ioctl
 .text.mem_cpy  0x000000000800803c       0x3e ./Middlewares/Third_Party/FatFs/src/ff.o
 .text.mem_set  0x000000000800807a       0x36 ./Middlewares/Third_Party/FatFs/src/ff.o
 .text.mem_cmp  0x00000000080080b0       0x4e ./Middlewares/Third_Party/FatFs/src/ff.o
 .text.chk_chr  0x00000000080080fe       0x36 ./Middlewares/Third_Party/FatFs/src/ff.o
 .text.chk_lock
                0x0000000008008134       0xe0 ./Middlewares/Third_Party/FatFs/src/ff.o
 .text.enq_lock
                0x0000000008008214       0x48 ./Middlewares/Third_Party/FatFs/src/ff.o
 .text.inc_lock
                0x000000000800825c      0x17c ./Middlewares/Third_Party/FatFs/src/ff.o
 .text.dec_lock
                0x00000000080083d8       0x88 ./Middlewares/Third_Party/FatFs/src/ff.o
 .text.clear_lock
                0x0000000008008460       0x54 ./Middlewares/Third_Party/FatFs/src/ff.o
 .text.sync_window
                0x00000000080084b4       0xa4 ./Middlewares/Third_Party/FatFs/src/ff.o
 .text.move_window
                0x0000000008008558       0x64 ./Middlewares/Third_Party/FatFs/src/ff.o
 .text.sync_fs  0x00000000080085bc      0x17e ./Middlewares/Third_Party/FatFs/src/ff.o
 .text.clust2sect
                0x000000000800873a       0x4a ./Middlewares/Third_Party/FatFs/src/ff.o
                0x000000000800873a                clust2sect
 .text.get_fat  0x0000000008008784      0x1f8 ./Middlewares/Third_Party/FatFs/src/ff.o
                0x0000000008008784                get_fat
 .text.put_fat  0x000000000800897c      0x2a6 ./Middlewares/Third_Party/FatFs/src/ff.o
                0x000000000800897c                put_fat
 .text.remove_chain
                0x0000000008008c22       0xc2 ./Middlewares/Third_Party/FatFs/src/ff.o
 .text.create_chain
                0x0000000008008ce4      0x150 ./Middlewares/Third_Party/FatFs/src/ff.o
 .text.clmt_clust
                0x0000000008008e34       0x82 ./Middlewares/Third_Party/FatFs/src/ff.o
 .text.dir_sdi  0x0000000008008eb6      0x19c ./Middlewares/Third_Party/FatFs/src/ff.o
 .text.dir_next
                0x0000000008009052      0x294 ./Middlewares/Third_Party/FatFs/src/ff.o
 .text.dir_alloc
                0x00000000080092e6       0x9c ./Middlewares/Third_Party/FatFs/src/ff.o
 .text.ld_clust
                0x0000000008009382       0x5e ./Middlewares/Third_Party/FatFs/src/ff.o
 .text.st_clust
                0x00000000080093e0       0x4e ./Middlewares/Third_Party/FatFs/src/ff.o
 *fill*         0x000000000800942e        0x2 
 .text.cmp_lfn  0x0000000008009430       0xdc ./Middlewares/Third_Party/FatFs/src/ff.o
 .text.pick_lfn
                0x000000000800950c       0xc8 ./Middlewares/Third_Party/FatFs/src/ff.o
 .text.fit_lfn  0x00000000080095d4       0xec ./Middlewares/Third_Party/FatFs/src/ff.o
 .text.gen_numname
                0x00000000080096c0      0x11c ./Middlewares/Third_Party/FatFs/src/ff.o
 .text.sum_sfn  0x00000000080097dc       0x42 ./Middlewares/Third_Party/FatFs/src/ff.o
 .text.dir_find
                0x000000000800981e      0x198 ./Middlewares/Third_Party/FatFs/src/ff.o
 .text.dir_read
                0x00000000080099b6      0x164 ./Middlewares/Third_Party/FatFs/src/ff.o
 *fill*         0x0000000008009b1a        0x2 
 .text.dir_register
                0x0000000008009b1c      0x248 ./Middlewares/Third_Party/FatFs/src/ff.o
 .text.get_fileinfo
                0x0000000008009d64      0x1a6 ./Middlewares/Third_Party/FatFs/src/ff.o
 *fill*         0x0000000008009f0a        0x2 
 .text.create_name
                0x0000000008009f0c      0x37c ./Middlewares/Third_Party/FatFs/src/ff.o
 .text.follow_path
                0x000000000800a288       0xec ./Middlewares/Third_Party/FatFs/src/ff.o
 .text.get_ldnumber
                0x000000000800a374       0x88 ./Middlewares/Third_Party/FatFs/src/ff.o
 .text.check_fs
                0x000000000800a3fc       0xdc ./Middlewares/Third_Party/FatFs/src/ff.o
 .text.find_volume
                0x000000000800a4d8      0x664 ./Middlewares/Third_Party/FatFs/src/ff.o
 .text.validate
                0x000000000800ab3c       0x76 ./Middlewares/Third_Party/FatFs/src/ff.o
 *fill*         0x000000000800abb2        0x2 
 .text.f_mount  0x000000000800abb4       0x94 ./Middlewares/Third_Party/FatFs/src/ff.o
                0x000000000800abb4                f_mount
 .text.f_open   0x000000000800ac48      0x630 ./Middlewares/Third_Party/FatFs/src/ff.o
                0x000000000800ac48                f_open
 .text.f_read   0x000000000800b278      0x3d0 ./Middlewares/Third_Party/FatFs/src/ff.o
                0x000000000800b278                f_read
 .text.f_write  0x000000000800b648      0x472 ./Middlewares/Third_Party/FatFs/src/ff.o
                0x000000000800b648                f_write
 .text.f_sync   0x000000000800baba      0x19c ./Middlewares/Third_Party/FatFs/src/ff.o
                0x000000000800baba                f_sync
 .text.f_close  0x000000000800bc56       0x56 ./Middlewares/Third_Party/FatFs/src/ff.o
                0x000000000800bc56                f_close
 .text.f_lseek  0x000000000800bcac      0x5e2 ./Middlewares/Third_Party/FatFs/src/ff.o
                0x000000000800bcac                f_lseek
 *fill*         0x000000000800c28e        0x2 
 .text.f_opendir
                0x000000000800c290      0x134 ./Middlewares/Third_Party/FatFs/src/ff.o
                0x000000000800c290                f_opendir
 .text.f_readdir
                0x000000000800c3c4       0xa8 ./Middlewares/Third_Party/FatFs/src/ff.o
                0x000000000800c3c4                f_readdir
 .text.FATFS_LinkDriverEx
                0x000000000800c46c       0x98 ./Middlewares/Third_Party/FatFs/src/ff_gen_drv.o
                0x000000000800c46c                FATFS_LinkDriverEx
 .text.FATFS_LinkDriver
                0x000000000800c504       0x1e ./Middlewares/Third_Party/FatFs/src/ff_gen_drv.o
                0x000000000800c504                FATFS_LinkDriver
 *fill*         0x000000000800c522        0x2 
 .text.ff_convert
                0x000000000800c524       0x78 ./Middlewares/Third_Party/FatFs/src/option/ccsbcs.o
                0x000000000800c524                ff_convert
 .text.ff_wtoupper
                0x000000000800c59c       0x5c ./Middlewares/Third_Party/FatFs/src/option/ccsbcs.o
                0x000000000800c59c                ff_wtoupper
 .text.__errno  0x000000000800c5f8        0xc e:/programs/stm_cube_ide/stm32cubeide_1.9.0/stm32cubeide/plugins/com.st.stm32cube.ide.mcu.externaltools.gnu-tools-for-stm32.10.3-2021.10.win32_1.0.0.202111181127/tools/bin/../lib/gcc/arm-none-eabi/10.3.1/../../../../arm-none-eabi/lib/thumb/v7e-m+fp/hard\libc_nano.a(lib_a-errno.o)
                0x000000000800c5f8                __errno
 .text.__libc_init_array
                0x000000000800c604       0x48 e:/programs/stm_cube_ide/stm32cubeide_1.9.0/stm32cubeide/plugins/com.st.stm32cube.ide.mcu.externaltools.gnu-tools-for-stm32.10.3-2021.10.win32_1.0.0.202111181127/tools/bin/../lib/gcc/arm-none-eabi/10.3.1/../../../../arm-none-eabi/lib/thumb/v7e-m+fp/hard\libc_nano.a(lib_a-init.o)
                0x000000000800c604                __libc_init_array
 .text.memset   0x000000000800c64c       0x10 e:/programs/stm_cube_ide/stm32cubeide_1.9.0/stm32cubeide/plugins/com.st.stm32cube.ide.mcu.externaltools.gnu-tools-for-stm32.10.3-2021.10.win32_1.0.0.202111181127/tools/bin/../lib/gcc/arm-none-eabi/10.3.1/../../../../arm-none-eabi/lib/thumb/v7e-m+fp/hard\libc_nano.a(lib_a-memset.o)
                0x000000000800c64c                memset
 .text.printf   0x000000000800c65c       0x30 e:/programs/stm_cube_ide/stm32cubeide_1.9.0/stm32cubeide/plugins/com.st.stm32cube.ide.mcu.externaltools.gnu-tools-for-stm32.10.3-2021.10.win32_1.0.0.202111181127/tools/bin/../lib/gcc/arm-none-eabi/10.3.1/../../../../arm-none-eabi/lib/thumb/v7e-m+fp/hard\libc_nano.a(lib_a-printf.o)
                0x000000000800c65c                iprintf
                0x000000000800c65c                printf
 .text._puts_r  0x000000000800c68c       0xdc e:/programs/stm_cube_ide/stm32cubeide_1.9.0/stm32cubeide/plugins/com.st.stm32cube.ide.mcu.externaltools.gnu-tools-for-stm32.10.3-2021.10.win32_1.0.0.202111181127/tools/bin/../lib/gcc/arm-none-eabi/10.3.1/../../../../arm-none-eabi/lib/thumb/v7e-m+fp/hard\libc_nano.a(lib_a-puts.o)
                0x000000000800c68c                _puts_r
 .text.puts     0x000000000800c768       0x10 e:/programs/stm_cube_ide/stm32cubeide_1.9.0/stm32cubeide/plugins/com.st.stm32cube.ide.mcu.externaltools.gnu-tools-for-stm32.10.3-2021.10.win32_1.0.0.202111181127/tools/bin/../lib/gcc/arm-none-eabi/10.3.1/../../../../arm-none-eabi/lib/thumb/v7e-m+fp/hard\libc_nano.a(lib_a-puts.o)
                0x000000000800c768                puts
 .text.sprintf  0x000000000800c778       0x40 e:/programs/stm_cube_ide/stm32cubeide_1.9.0/stm32cubeide/plugins/com.st.stm32cube.ide.mcu.externaltools.gnu-tools-for-stm32.10.3-2021.10.win32_1.0.0.202111181127/tools/bin/../lib/gcc/arm-none-eabi/10.3.1/../../../../arm-none-eabi/lib/thumb/v7e-m+fp/hard\libc_nano.a(lib_a-sprintf.o)
                0x000000000800c778                siprintf
                0x000000000800c778                sprintf
 .text.__swbuf_r
                0x000000000800c7b8       0xa4 e:/programs/stm_cube_ide/stm32cubeide_1.9.0/stm32cubeide/plugins/com.st.stm32cube.ide.mcu.externaltools.gnu-tools-for-stm32.10.3-2021.10.win32_1.0.0.202111181127/tools/bin/../lib/gcc/arm-none-eabi/10.3.1/../../../../arm-none-eabi/lib/thumb/v7e-m+fp/hard\libc_nano.a(lib_a-wbuf.o)
                0x000000000800c7b8                __swbuf_r
 .text.__swsetup_r
                0x000000000800c85c       0xdc e:/programs/stm_cube_ide/stm32cubeide_1.9.0/stm32cubeide/plugins/com.st.stm32cube.ide.mcu.externaltools.gnu-tools-for-stm32.10.3-2021.10.win32_1.0.0.202111181127/tools/bin/../lib/gcc/arm-none-eabi/10.3.1/../../../../arm-none-eabi/lib/thumb/v7e-m+fp/hard\libc_nano.a(lib_a-wsetup.o)
                0x000000000800c85c                __swsetup_r
 .text.__sflush_r
                0x000000000800c938      0x10c e:/programs/stm_cube_ide/stm32cubeide_1.9.0/stm32cubeide/plugins/com.st.stm32cube.ide.mcu.externaltools.gnu-tools-for-stm32.10.3-2021.10.win32_1.0.0.202111181127/tools/bin/../lib/gcc/arm-none-eabi/10.3.1/../../../../arm-none-eabi/lib/thumb/v7e-m+fp/hard\libc_nano.a(lib_a-fflush.o)
                0x000000000800c938                __sflush_r
 .text._fflush_r
                0x000000000800ca44       0x78 e:/programs/stm_cube_ide/stm32cubeide_1.9.0/stm32cubeide/plugins/com.st.stm32cube.ide.mcu.externaltools.gnu-tools-for-stm32.10.3-2021.10.win32_1.0.0.202111181127/tools/bin/../lib/gcc/arm-none-eabi/10.3.1/../../../../arm-none-eabi/lib/thumb/v7e-m+fp/hard\libc_nano.a(lib_a-fflush.o)
                0x000000000800ca44                _fflush_r
 .text.std      0x000000000800cabc       0x48 e:/programs/stm_cube_ide/stm32cubeide_1.9.0/stm32cubeide/plugins/com.st.stm32cube.ide.mcu.externaltools.gnu-tools-for-stm32.10.3-2021.10.win32_1.0.0.202111181127/tools/bin/../lib/gcc/arm-none-eabi/10.3.1/../../../../arm-none-eabi/lib/thumb/v7e-m+fp/hard\libc_nano.a(lib_a-findfp.o)
 .text._cleanup_r
                0x000000000800cb04        0xc e:/programs/stm_cube_ide/stm32cubeide_1.9.0/stm32cubeide/plugins/com.st.stm32cube.ide.mcu.externaltools.gnu-tools-for-stm32.10.3-2021.10.win32_1.0.0.202111181127/tools/bin/../lib/gcc/arm-none-eabi/10.3.1/../../../../arm-none-eabi/lib/thumb/v7e-m+fp/hard\libc_nano.a(lib_a-findfp.o)
                0x000000000800cb04                _cleanup_r
 .text.__sfmoreglue
                0x000000000800cb10       0x2c e:/programs/stm_cube_ide/stm32cubeide_1.9.0/stm32cubeide/plugins/com.st.stm32cube.ide.mcu.externaltools.gnu-tools-for-stm32.10.3-2021.10.win32_1.0.0.202111181127/tools/bin/../lib/gcc/arm-none-eabi/10.3.1/../../../../arm-none-eabi/lib/thumb/v7e-m+fp/hard\libc_nano.a(lib_a-findfp.o)
                0x000000000800cb10                __sfmoreglue
 .text.__sfp_lock_acquire
                0x000000000800cb3c        0xc e:/programs/stm_cube_ide/stm32cubeide_1.9.0/stm32cubeide/plugins/com.st.stm32cube.ide.mcu.externaltools.gnu-tools-for-stm32.10.3-2021.10.win32_1.0.0.202111181127/tools/bin/../lib/gcc/arm-none-eabi/10.3.1/../../../../arm-none-eabi/lib/thumb/v7e-m+fp/hard\libc_nano.a(lib_a-findfp.o)
                0x000000000800cb3c                __sfp_lock_acquire
 .text.__sfp_lock_release
                0x000000000800cb48        0xc e:/programs/stm_cube_ide/stm32cubeide_1.9.0/stm32cubeide/plugins/com.st.stm32cube.ide.mcu.externaltools.gnu-tools-for-stm32.10.3-2021.10.win32_1.0.0.202111181127/tools/bin/../lib/gcc/arm-none-eabi/10.3.1/../../../../arm-none-eabi/lib/thumb/v7e-m+fp/hard\libc_nano.a(lib_a-findfp.o)
                0x000000000800cb48                __sfp_lock_release
 .text.__sinit_lock_acquire
                0x000000000800cb54        0xc e:/programs/stm_cube_ide/stm32cubeide_1.9.0/stm32cubeide/plugins/com.st.stm32cube.ide.mcu.externaltools.gnu-tools-for-stm32.10.3-2021.10.win32_1.0.0.202111181127/tools/bin/../lib/gcc/arm-none-eabi/10.3.1/../../../../arm-none-eabi/lib/thumb/v7e-m+fp/hard\libc_nano.a(lib_a-findfp.o)
                0x000000000800cb54                __sinit_lock_acquire
 .text.__sinit_lock_release
                0x000000000800cb60        0xc e:/programs/stm_cube_ide/stm32cubeide_1.9.0/stm32cubeide/plugins/com.st.stm32cube.ide.mcu.externaltools.gnu-tools-for-stm32.10.3-2021.10.win32_1.0.0.202111181127/tools/bin/../lib/gcc/arm-none-eabi/10.3.1/../../../../arm-none-eabi/lib/thumb/v7e-m+fp/hard\libc_nano.a(lib_a-findfp.o)
                0x000000000800cb60                __sinit_lock_release
 .text.__sinit  0x000000000800cb6c       0x70 e:/programs/stm_cube_ide/stm32cubeide_1.9.0/stm32cubeide/plugins/com.st.stm32cube.ide.mcu.externaltools.gnu-tools-for-stm32.10.3-2021.10.win32_1.0.0.202111181127/tools/bin/../lib/gcc/arm-none-eabi/10.3.1/../../../../arm-none-eabi/lib/thumb/v7e-m+fp/hard\libc_nano.a(lib_a-findfp.o)
                0x000000000800cb6c                __sinit
 .text.__sfp    0x000000000800cbdc       0x8c e:/programs/stm_cube_ide/stm32cubeide_1.9.0/stm32cubeide/plugins/com.st.stm32cube.ide.mcu.externaltools.gnu-tools-for-stm32.10.3-2021.10.win32_1.0.0.202111181127/tools/bin/../lib/gcc/arm-none-eabi/10.3.1/../../../../arm-none-eabi/lib/thumb/v7e-m+fp/hard\libc_nano.a(lib_a-findfp.o)
                0x000000000800cbdc                __sfp
 .text._fwalk_reent
                0x000000000800cc68       0x3e e:/programs/stm_cube_ide/stm32cubeide_1.9.0/stm32cubeide/plugins/com.st.stm32cube.ide.mcu.externaltools.gnu-tools-for-stm32.10.3-2021.10.win32_1.0.0.202111181127/tools/bin/../lib/gcc/arm-none-eabi/10.3.1/../../../../arm-none-eabi/lib/thumb/v7e-m+fp/hard\libc_nano.a(lib_a-fwalk.o)
                0x000000000800cc68                _fwalk_reent
 .text.__retarget_lock_init_recursive
                0x000000000800cca6        0x2 e:/programs/stm_cube_ide/stm32cubeide_1.9.0/stm32cubeide/plugins/com.st.stm32cube.ide.mcu.externaltools.gnu-tools-for-stm32.10.3-2021.10.win32_1.0.0.202111181127/tools/bin/../lib/gcc/arm-none-eabi/10.3.1/../../../../arm-none-eabi/lib/thumb/v7e-m+fp/hard\libc_nano.a(lib_a-lock.o)
                0x000000000800cca6                __retarget_lock_init_recursive
 .text.__retarget_lock_acquire_recursive
                0x000000000800cca8        0x2 e:/programs/stm_cube_ide/stm32cubeide_1.9.0/stm32cubeide/plugins/com.st.stm32cube.ide.mcu.externaltools.gnu-tools-for-stm32.10.3-2021.10.win32_1.0.0.202111181127/tools/bin/../lib/gcc/arm-none-eabi/10.3.1/../../../../arm-none-eabi/lib/thumb/v7e-m+fp/hard\libc_nano.a(lib_a-lock.o)
                0x000000000800cca8                __retarget_lock_acquire_recursive
 .text.__retarget_lock_release_recursive
                0x000000000800ccaa        0x2 e:/programs/stm_cube_ide/stm32cubeide_1.9.0/stm32cubeide/plugins/com.st.stm32cube.ide.mcu.externaltools.gnu-tools-for-stm32.10.3-2021.10.win32_1.0.0.202111181127/tools/bin/../lib/gcc/arm-none-eabi/10.3.1/../../../../arm-none-eabi/lib/thumb/v7e-m+fp/hard\libc_nano.a(lib_a-lock.o)
                0x000000000800ccaa                __retarget_lock_release_recursive
 .text.__swhatbuf_r
                0x000000000800ccac       0x4a e:/programs/stm_cube_ide/stm32cubeide_1.9.0/stm32cubeide/plugins/com.st.stm32cube.ide.mcu.externaltools.gnu-tools-for-stm32.10.3-2021.10.win32_1.0.0.202111181127/tools/bin/../lib/gcc/arm-none-eabi/10.3.1/../../../../arm-none-eabi/lib/thumb/v7e-m+fp/hard\libc_nano.a(lib_a-makebuf.o)
                0x000000000800ccac                __swhatbuf_r
 *fill*         0x000000000800ccf6        0x2 
 .text.__smakebuf_r
                0x000000000800ccf8       0x80 e:/programs/stm_cube_ide/stm32cubeide_1.9.0/stm32cubeide/plugins/com.st.stm32cube.ide.mcu.externaltools.gnu-tools-for-stm32.10.3-2021.10.win32_1.0.0.202111181127/tools/bin/../lib/gcc/arm-none-eabi/10.3.1/../../../../arm-none-eabi/lib/thumb/v7e-m+fp/hard\libc_nano.a(lib_a-makebuf.o)
                0x000000000800ccf8                __smakebuf_r
 .text._free_r  0x000000000800cd78       0x98 e:/programs/stm_cube_ide/stm32cubeide_1.9.0/stm32cubeide/plugins/com.st.stm32cube.ide.mcu.externaltools.gnu-tools-for-stm32.10.3-2021.10.win32_1.0.0.202111181127/tools/bin/../lib/gcc/arm-none-eabi/10.3.1/../../../../arm-none-eabi/lib/thumb/v7e-m+fp/hard\libc_nano.a(lib_a-nano-freer.o)
                0x000000000800cd78                _free_r
 .text.sbrk_aligned
                0x000000000800ce10       0x40 e:/programs/stm_cube_ide/stm32cubeide_1.9.0/stm32cubeide/plugins/com.st.stm32cube.ide.mcu.externaltools.gnu-tools-for-stm32.10.3-2021.10.win32_1.0.0.202111181127/tools/bin/../lib/gcc/arm-none-eabi/10.3.1/../../../../arm-none-eabi/lib/thumb/v7e-m+fp/hard\libc_nano.a(lib_a-nano-mallocr.o)
 .text._malloc_r
                0x000000000800ce50       0xe8 e:/programs/stm_cube_ide/stm32cubeide_1.9.0/stm32cubeide/plugins/com.st.stm32cube.ide.mcu.externaltools.gnu-tools-for-stm32.10.3-2021.10.win32_1.0.0.202111181127/tools/bin/../lib/gcc/arm-none-eabi/10.3.1/../../../../arm-none-eabi/lib/thumb/v7e-m+fp/hard\libc_nano.a(lib_a-nano-mallocr.o)
                0x000000000800ce50                _malloc_r
 .text.__ssputs_r
                0x000000000800cf38       0xb6 e:/programs/stm_cube_ide/stm32cubeide_1.9.0/stm32cubeide/plugins/com.st.stm32cube.ide.mcu.externaltools.gnu-tools-for-stm32.10.3-2021.10.win32_1.0.0.202111181127/tools/bin/../lib/gcc/arm-none-eabi/10.3.1/../../../../arm-none-eabi/lib/thumb/v7e-m+fp/hard\libc_nano.a(lib_a-nano-svfprintf.o)
                0x000000000800cf38                __ssputs_r
 *fill*         0x000000000800cfee        0x2 
 .text._svfprintf_r
                0x000000000800cff0      0x200 e:/programs/stm_cube_ide/stm32cubeide_1.9.0/stm32cubeide/plugins/com.st.stm32cube.ide.mcu.externaltools.gnu-tools-for-stm32.10.3-2021.10.win32_1.0.0.202111181127/tools/bin/../lib/gcc/arm-none-eabi/10.3.1/../../../../arm-none-eabi/lib/thumb/v7e-m+fp/hard\libc_nano.a(lib_a-nano-svfprintf.o)
                0x000000000800cff0                _svfiprintf_r
                0x000000000800cff0                _svfprintf_r
 .text.__sfputc_r
                0x000000000800d1f0       0x2e e:/programs/stm_cube_ide/stm32cubeide_1.9.0/stm32cubeide/plugins/com.st.stm32cube.ide.mcu.externaltools.gnu-tools-for-stm32.10.3-2021.10.win32_1.0.0.202111181127/tools/bin/../lib/gcc/arm-none-eabi/10.3.1/../../../../arm-none-eabi/lib/thumb/v7e-m+fp/hard\libc_nano.a(lib_a-nano-vfprintf.o)
 .text.__sfputs_r
                0x000000000800d21e       0x24 e:/programs/stm_cube_ide/stm32cubeide_1.9.0/stm32cubeide/plugins/com.st.stm32cube.ide.mcu.externaltools.gnu-tools-for-stm32.10.3-2021.10.win32_1.0.0.202111181127/tools/bin/../lib/gcc/arm-none-eabi/10.3.1/../../../../arm-none-eabi/lib/thumb/v7e-m+fp/hard\libc_nano.a(lib_a-nano-vfprintf.o)
                0x000000000800d21e                __sfputs_r
 *fill*         0x000000000800d242        0x2 
 .text._vfprintf_r
                0x000000000800d244      0x260 e:/programs/stm_cube_ide/stm32cubeide_1.9.0/stm32cubeide/plugins/com.st.stm32cube.ide.mcu.externaltools.gnu-tools-for-stm32.10.3-2021.10.win32_1.0.0.202111181127/tools/bin/../lib/gcc/arm-none-eabi/10.3.1/../../../../arm-none-eabi/lib/thumb/v7e-m+fp/hard\libc_nano.a(lib_a-nano-vfprintf.o)
                0x000000000800d244                _vfprintf_r
                0x000000000800d244                _vfiprintf_r
 .text._printf_common
                0x000000000800d4a4       0xda e:/programs/stm_cube_ide/stm32cubeide_1.9.0/stm32cubeide/plugins/com.st.stm32cube.ide.mcu.externaltools.gnu-tools-for-stm32.10.3-2021.10.win32_1.0.0.202111181127/tools/bin/../lib/gcc/arm-none-eabi/10.3.1/../../../../arm-none-eabi/lib/thumb/v7e-m+fp/hard\libc_nano.a(lib_a-nano-vfprintf_i.o)
                0x000000000800d4a4                _printf_common
 *fill*         0x000000000800d57e        0x2 
 .text._printf_i
                0x000000000800d580      0x24c e:/programs/stm_cube_ide/stm32cubeide_1.9.0/stm32cubeide/plugins/com.st.stm32cube.ide.mcu.externaltools.gnu-tools-for-stm32.10.3-2021.10.win32_1.0.0.202111181127/tools/bin/../lib/gcc/arm-none-eabi/10.3.1/../../../../arm-none-eabi/lib/thumb/v7e-m+fp/hard\libc_nano.a(lib_a-nano-vfprintf_i.o)
                0x000000000800d580                _printf_i
 .text._sbrk_r  0x000000000800d7cc       0x20 e:/programs/stm_cube_ide/stm32cubeide_1.9.0/stm32cubeide/plugins/com.st.stm32cube.ide.mcu.externaltools.gnu-tools-for-stm32.10.3-2021.10.win32_1.0.0.202111181127/tools/bin/../lib/gcc/arm-none-eabi/10.3.1/../../../../arm-none-eabi/lib/thumb/v7e-m+fp/hard\libc_nano.a(lib_a-sbrkr.o)
                0x000000000800d7cc                _sbrk_r
 .text.__sread  0x000000000800d7ec       0x22 e:/programs/stm_cube_ide/stm32cubeide_1.9.0/stm32cubeide/plugins/com.st.stm32cube.ide.mcu.externaltools.gnu-tools-for-stm32.10.3-2021.10.win32_1.0.0.202111181127/tools/bin/../lib/gcc/arm-none-eabi/10.3.1/../../../../arm-none-eabi/lib/thumb/v7e-m+fp/hard\libc_nano.a(lib_a-stdio.o)
                0x000000000800d7ec                __sread
 .text.__swrite
                0x000000000800d80e       0x38 e:/programs/stm_cube_ide/stm32cubeide_1.9.0/stm32cubeide/plugins/com.st.stm32cube.ide.mcu.externaltools.gnu-tools-for-stm32.10.3-2021.10.win32_1.0.0.202111181127/tools/bin/../lib/gcc/arm-none-eabi/10.3.1/../../../../arm-none-eabi/lib/thumb/v7e-m+fp/hard\libc_nano.a(lib_a-stdio.o)
                0x000000000800d80e                __swrite
 .text.__sseek  0x000000000800d846       0x24 e:/programs/stm_cube_ide/stm32cubeide_1.9.0/stm32cubeide/plugins/com.st.stm32cube.ide.mcu.externaltools.gnu-tools-for-stm32.10.3-2021.10.win32_1.0.0.202111181127/tools/bin/../lib/gcc/arm-none-eabi/10.3.1/../../../../arm-none-eabi/lib/thumb/v7e-m+fp/hard\libc_nano.a(lib_a-stdio.o)
                0x000000000800d846                __sseek
 .text.__sclose
                0x000000000800d86a        0x8 e:/programs/stm_cube_ide/stm32cubeide_1.9.0/stm32cubeide/plugins/com.st.stm32cube.ide.mcu.externaltools.gnu-tools-for-stm32.10.3-2021.10.win32_1.0.0.202111181127/tools/bin/../lib/gcc/arm-none-eabi/10.3.1/../../../../arm-none-eabi/lib/thumb/v7e-m+fp/hard\libc_nano.a(lib_a-stdio.o)
                0x000000000800d86a                __sclose
 *fill*         0x000000000800d872        0x2 
 .text._write_r
                0x000000000800d874       0x24 e:/programs/stm_cube_ide/stm32cubeide_1.9.0/stm32cubeide/plugins/com.st.stm32cube.ide.mcu.externaltools.gnu-tools-for-stm32.10.3-2021.10.win32_1.0.0.202111181127/tools/bin/../lib/gcc/arm-none-eabi/10.3.1/../../../../arm-none-eabi/lib/thumb/v7e-m+fp/hard\libc_nano.a(lib_a-writer.o)
                0x000000000800d874                _write_r
 .text._close_r
                0x000000000800d898       0x20 e:/programs/stm_cube_ide/stm32cubeide_1.9.0/stm32cubeide/plugins/com.st.stm32cube.ide.mcu.externaltools.gnu-tools-for-stm32.10.3-2021.10.win32_1.0.0.202111181127/tools/bin/../lib/gcc/arm-none-eabi/10.3.1/../../../../arm-none-eabi/lib/thumb/v7e-m+fp/hard\libc_nano.a(lib_a-closer.o)
                0x000000000800d898                _close_r
 .text._fstat_r
                0x000000000800d8b8       0x24 e:/programs/stm_cube_ide/stm32cubeide_1.9.0/stm32cubeide/plugins/com.st.stm32cube.ide.mcu.externaltools.gnu-tools-for-stm32.10.3-2021.10.win32_1.0.0.202111181127/tools/bin/../lib/gcc/arm-none-eabi/10.3.1/../../../../arm-none-eabi/lib/thumb/v7e-m+fp/hard\libc_nano.a(lib_a-fstatr.o)
                0x000000000800d8b8                _fstat_r
 .text._isatty_r
                0x000000000800d8dc       0x20 e:/programs/stm_cube_ide/stm32cubeide_1.9.0/stm32cubeide/plugins/com.st.stm32cube.ide.mcu.externaltools.gnu-tools-for-stm32.10.3-2021.10.win32_1.0.0.202111181127/tools/bin/../lib/gcc/arm-none-eabi/10.3.1/../../../../arm-none-eabi/lib/thumb/v7e-m+fp/hard\libc_nano.a(lib_a-isattyr.o)
                0x000000000800d8dc                _isatty_r
 .text._lseek_r
                0x000000000800d8fc       0x24 e:/programs/stm_cube_ide/stm32cubeide_1.9.0/stm32cubeide/plugins/com.st.stm32cube.ide.mcu.externaltools.gnu-tools-for-stm32.10.3-2021.10.win32_1.0.0.202111181127/tools/bin/../lib/gcc/arm-none-eabi/10.3.1/../../../../arm-none-eabi/lib/thumb/v7e-m+fp/hard\libc_nano.a(lib_a-lseekr.o)
                0x000000000800d8fc                _lseek_r
 .text.memcpy   0x000000000800d920       0x1c e:/programs/stm_cube_ide/stm32cubeide_1.9.0/stm32cubeide/plugins/com.st.stm32cube.ide.mcu.externaltools.gnu-tools-for-stm32.10.3-2021.10.win32_1.0.0.202111181127/tools/bin/../lib/gcc/arm-none-eabi/10.3.1/../../../../arm-none-eabi/lib/thumb/v7e-m+fp/hard\libc_nano.a(lib_a-memcpy-stub.o)
                0x000000000800d920                memcpy
 .text.memmove  0x000000000800d93c       0x34 e:/programs/stm_cube_ide/stm32cubeide_1.9.0/stm32cubeide/plugins/com.st.stm32cube.ide.mcu.externaltools.gnu-tools-for-stm32.10.3-2021.10.win32_1.0.0.202111181127/tools/bin/../lib/gcc/arm-none-eabi/10.3.1/../../../../arm-none-eabi/lib/thumb/v7e-m+fp/hard\libc_nano.a(lib_a-memmove.o)
                0x000000000800d93c                memmove
 .text.__malloc_lock
                0x000000000800d970        0xc e:/programs/stm_cube_ide/stm32cubeide_1.9.0/stm32cubeide/plugins/com.st.stm32cube.ide.mcu.externaltools.gnu-tools-for-stm32.10.3-2021.10.win32_1.0.0.202111181127/tools/bin/../lib/gcc/arm-none-eabi/10.3.1/../../../../arm-none-eabi/lib/thumb/v7e-m+fp/hard\libc_nano.a(lib_a-mlock.o)
                0x000000000800d970                __malloc_lock
 .text.__malloc_unlock
                0x000000000800d97c        0xc e:/programs/stm_cube_ide/stm32cubeide_1.9.0/stm32cubeide/plugins/com.st.stm32cube.ide.mcu.externaltools.gnu-tools-for-stm32.10.3-2021.10.win32_1.0.0.202111181127/tools/bin/../lib/gcc/arm-none-eabi/10.3.1/../../../../arm-none-eabi/lib/thumb/v7e-m+fp/hard\libc_nano.a(lib_a-mlock.o)
                0x000000000800d97c                __malloc_unlock
 .text._realloc_r
                0x000000000800d988       0x5e e:/programs/stm_cube_ide/stm32cubeide_1.9.0/stm32cubeide/plugins/com.st.stm32cube.ide.mcu.externaltools.gnu-tools-for-stm32.10.3-2021.10.win32_1.0.0.202111181127/tools/bin/../lib/gcc/arm-none-eabi/10.3.1/../../../../arm-none-eabi/lib/thumb/v7e-m+fp/hard\libc_nano.a(lib_a-nano-reallocr.o)
                0x000000000800d988                _realloc_r
 *fill*         0x000000000800d9e6        0x2 
 .text._read_r  0x000000000800d9e8       0x24 e:/programs/stm_cube_ide/stm32cubeide_1.9.0/stm32cubeide/plugins/com.st.stm32cube.ide.mcu.externaltools.gnu-tools-for-stm32.10.3-2021.10.win32_1.0.0.202111181127/tools/bin/../lib/gcc/arm-none-eabi/10.3.1/../../../../arm-none-eabi/lib/thumb/v7e-m+fp/hard\libc_nano.a(lib_a-readr.o)
                0x000000000800d9e8                _read_r
 .text._malloc_usable_size_r
                0x000000000800da0c       0x10 e:/programs/stm_cube_ide/stm32cubeide_1.9.0/stm32cubeide/plugins/com.st.stm32cube.ide.mcu.externaltools.gnu-tools-for-stm32.10.3-2021.10.win32_1.0.0.202111181127/tools/bin/../lib/gcc/arm-none-eabi/10.3.1/../../../../arm-none-eabi/lib/thumb/v7e-m+fp/hard\libc_nano.a(lib_a-nano-msizer.o)
                0x000000000800da0c                _malloc_usable_size_r
 *(.glue_7)
 .glue_7        0x000000000800da1c        0x0 linker stubs
 *(.glue_7t)
 .glue_7t       0x000000000800da1c        0x0 linker stubs
 *(.eh_frame)
 .eh_frame      0x000000000800da1c        0x0 e:/programs/stm_cube_ide/stm32cubeide_1.9.0/stm32cubeide/plugins/com.st.stm32cube.ide.mcu.externaltools.gnu-tools-for-stm32.10.3-2021.10.win32_1.0.0.202111181127/tools/bin/../lib/gcc/arm-none-eabi/10.3.1/thumb/v7e-m+fp/hard/crtbegin.o
 *(.init)
 .init          0x000000000800da1c        0x4 e:/programs/stm_cube_ide/stm32cubeide_1.9.0/stm32cubeide/plugins/com.st.stm32cube.ide.mcu.externaltools.gnu-tools-for-stm32.10.3-2021.10.win32_1.0.0.202111181127/tools/bin/../lib/gcc/arm-none-eabi/10.3.1/thumb/v7e-m+fp/hard/crti.o
                0x000000000800da1c                _init
 .init          0x000000000800da20        0x8 e:/programs/stm_cube_ide/stm32cubeide_1.9.0/stm32cubeide/plugins/com.st.stm32cube.ide.mcu.externaltools.gnu-tools-for-stm32.10.3-2021.10.win32_1.0.0.202111181127/tools/bin/../lib/gcc/arm-none-eabi/10.3.1/thumb/v7e-m+fp/hard/crtn.o
 *(.fini)
 .fini          0x000000000800da28        0x4 e:/programs/stm_cube_ide/stm32cubeide_1.9.0/stm32cubeide/plugins/com.st.stm32cube.ide.mcu.externaltools.gnu-tools-for-stm32.10.3-2021.10.win32_1.0.0.202111181127/tools/bin/../lib/gcc/arm-none-eabi/10.3.1/thumb/v7e-m+fp/hard/crti.o
                0x000000000800da28                _fini
 .fini          0x000000000800da2c        0x8 e:/programs/stm_cube_ide/stm32cubeide_1.9.0/stm32cubeide/plugins/com.st.stm32cube.ide.mcu.externaltools.gnu-tools-for-stm32.10.3-2021.10.win32_1.0.0.202111181127/tools/bin/../lib/gcc/arm-none-eabi/10.3.1/thumb/v7e-m+fp/hard/crtn.o
                0x000000000800da34                . = ALIGN (0x4)
                0x000000000800da34                _etext = .

.vfp11_veneer   0x000000000800da34        0x0
 .vfp11_veneer  0x000000000800da34        0x0 linker stubs

.v4_bx          0x000000000800da34        0x0
 .v4_bx         0x000000000800da34        0x0 linker stubs

.iplt           0x000000000800da34        0x0
 .iplt          0x000000000800da34        0x0 e:/programs/stm_cube_ide/stm32cubeide_1.9.0/stm32cubeide/plugins/com.st.stm32cube.ide.mcu.externaltools.gnu-tools-for-stm32.10.3-2021.10.win32_1.0.0.202111181127/tools/bin/../lib/gcc/arm-none-eabi/10.3.1/thumb/v7e-m+fp/hard/crtbegin.o

.rodata         0x000000000800da34      0x7d4
                0x000000000800da34                . = ALIGN (0x4)
 *(.rodata)
 .rodata        0x000000000800da34       0x10 ./Core/Src/liquidcrystal_i2c.o
 .rodata        0x000000000800da44      0x154 ./Core/Src/main.o
 .rodata        0x000000000800db98        0x6 ./Core/Src/stm32f3xx_it.o
 *fill*         0x000000000800db9e        0x2 
 .rodata        0x000000000800dba0       0x48 ./Middlewares/Third_Party/FatFs/src/ff.o
 *(.rodata*)
 .rodata.AHBPrescTable
                0x000000000800dbe8       0x10 ./Core/Src/system_stm32f3xx.o
                0x000000000800dbe8                AHBPrescTable
 .rodata.APBPrescTable
                0x000000000800dbf8        0x8 ./Core/Src/system_stm32f3xx.o
                0x000000000800dbf8                APBPrescTable
 .rodata.aPLLMULFactorTable
                0x000000000800dc00       0x10 ./Drivers/STM32F3xx_HAL_Driver/Src/stm32f3xx_hal_rcc.o
 .rodata.aPredivFactorTable
                0x000000000800dc10       0x10 ./Drivers/STM32F3xx_HAL_Driver/Src/stm32f3xx_hal_rcc.o
 .rodata.ExCvt  0x000000000800dc20       0x80 ./Middlewares/Third_Party/FatFs/src/ff.o
 .rodata.LfnOfs
                0x000000000800dca0        0xd ./Middlewares/Third_Party/FatFs/src/ff.o
 *fill*         0x000000000800dcad        0x3 
 .rodata.Tbl    0x000000000800dcb0      0x100 ./Middlewares/Third_Party/FatFs/src/option/ccsbcs.o
 .rodata.tbl_lower.1
                0x000000000800ddb0      0x1e0 ./Middlewares/Third_Party/FatFs/src/option/ccsbcs.o
 .rodata.tbl_upper.0
                0x000000000800df90      0x1e0 ./Middlewares/Third_Party/FatFs/src/option/ccsbcs.o
 .rodata._global_impure_ptr
                0x000000000800e170        0x4 e:/programs/stm_cube_ide/stm32cubeide_1.9.0/stm32cubeide/plugins/com.st.stm32cube.ide.mcu.externaltools.gnu-tools-for-stm32.10.3-2021.10.win32_1.0.0.202111181127/tools/bin/../lib/gcc/arm-none-eabi/10.3.1/../../../../arm-none-eabi/lib/thumb/v7e-m+fp/hard\libc_nano.a(lib_a-impure.o)
                0x000000000800e170                _global_impure_ptr
 .rodata.__sf_fake_stderr
                0x000000000800e174       0x20 e:/programs/stm_cube_ide/stm32cubeide_1.9.0/stm32cubeide/plugins/com.st.stm32cube.ide.mcu.externaltools.gnu-tools-for-stm32.10.3-2021.10.win32_1.0.0.202111181127/tools/bin/../lib/gcc/arm-none-eabi/10.3.1/../../../../arm-none-eabi/lib/thumb/v7e-m+fp/hard\libc_nano.a(lib_a-findfp.o)
                0x000000000800e174                __sf_fake_stderr
 .rodata.__sf_fake_stdin
                0x000000000800e194       0x20 e:/programs/stm_cube_ide/stm32cubeide_1.9.0/stm32cubeide/plugins/com.st.stm32cube.ide.mcu.externaltools.gnu-tools-for-stm32.10.3-2021.10.win32_1.0.0.202111181127/tools/bin/../lib/gcc/arm-none-eabi/10.3.1/../../../../arm-none-eabi/lib/thumb/v7e-m+fp/hard\libc_nano.a(lib_a-findfp.o)
                0x000000000800e194                __sf_fake_stdin
 .rodata.__sf_fake_stdout
                0x000000000800e1b4       0x20 e:/programs/stm_cube_ide/stm32cubeide_1.9.0/stm32cubeide/plugins/com.st.stm32cube.ide.mcu.externaltools.gnu-tools-for-stm32.10.3-2021.10.win32_1.0.0.202111181127/tools/bin/../lib/gcc/arm-none-eabi/10.3.1/../../../../arm-none-eabi/lib/thumb/v7e-m+fp/hard\libc_nano.a(lib_a-findfp.o)
                0x000000000800e1b4                __sf_fake_stdout
 .rodata._svfprintf_r.str1.1
                0x000000000800e1d4       0x11 e:/programs/stm_cube_ide/stm32cubeide_1.9.0/stm32cubeide/plugins/com.st.stm32cube.ide.mcu.externaltools.gnu-tools-for-stm32.10.3-2021.10.win32_1.0.0.202111181127/tools/bin/../lib/gcc/arm-none-eabi/10.3.1/../../../../arm-none-eabi/lib/thumb/v7e-m+fp/hard\libc_nano.a(lib_a-nano-svfprintf.o)
 .rodata._vfprintf_r.str1.1
                0x000000000800e1e5       0x11 e:/programs/stm_cube_ide/stm32cubeide_1.9.0/stm32cubeide/plugins/com.st.stm32cube.ide.mcu.externaltools.gnu-tools-for-stm32.10.3-2021.10.win32_1.0.0.202111181127/tools/bin/../lib/gcc/arm-none-eabi/10.3.1/../../../../arm-none-eabi/lib/thumb/v7e-m+fp/hard\libc_nano.a(lib_a-nano-vfprintf.o)
 .rodata._printf_i.str1.1
                0x000000000800e1e5       0x22 e:/programs/stm_cube_ide/stm32cubeide_1.9.0/stm32cubeide/plugins/com.st.stm32cube.ide.mcu.externaltools.gnu-tools-for-stm32.10.3-2021.10.win32_1.0.0.202111181127/tools/bin/../lib/gcc/arm-none-eabi/10.3.1/../../../../arm-none-eabi/lib/thumb/v7e-m+fp/hard\libc_nano.a(lib_a-nano-vfprintf_i.o)
                0x000000000800e208                . = ALIGN (0x4)
 *fill*         0x000000000800e207        0x1 

.rel.dyn        0x000000000800e208        0x0
 .rel.iplt      0x000000000800e208        0x0 e:/programs/stm_cube_ide/stm32cubeide_1.9.0/stm32cubeide/plugins/com.st.stm32cube.ide.mcu.externaltools.gnu-tools-for-stm32.10.3-2021.10.win32_1.0.0.202111181127/tools/bin/../lib/gcc/arm-none-eabi/10.3.1/thumb/v7e-m+fp/hard/crtbegin.o

.ARM.extab      0x000000000800e208        0x0
                0x000000000800e208                . = ALIGN (0x4)
 *(.ARM.extab* .gnu.linkonce.armextab.*)
                0x000000000800e208                . = ALIGN (0x4)

.ARM            0x000000000800e208        0x0
                0x000000000800e208                . = ALIGN (0x4)
                0x000000000800e208                __exidx_start = .
 *(.ARM.exidx*)
                0x000000000800e208                __exidx_end = .
                0x000000000800e208                . = ALIGN (0x4)

.preinit_array  0x000000000800e208        0x0
                0x000000000800e208                . = ALIGN (0x4)
                0x000000000800e208                PROVIDE (__preinit_array_start = .)
 *(.preinit_array*)
                0x000000000800e208                PROVIDE (__preinit_array_end = .)
                0x000000000800e208                . = ALIGN (0x4)

.init_array     0x000000000800e208        0x4
                0x000000000800e208                . = ALIGN (0x4)
                0x000000000800e208                PROVIDE (__init_array_start = .)
 *(SORT_BY_NAME(.init_array.*))
 *(.init_array*)
 .init_array    0x000000000800e208        0x4 e:/programs/stm_cube_ide/stm32cubeide_1.9.0/stm32cubeide/plugins/com.st.stm32cube.ide.mcu.externaltools.gnu-tools-for-stm32.10.3-2021.10.win32_1.0.0.202111181127/tools/bin/../lib/gcc/arm-none-eabi/10.3.1/thumb/v7e-m+fp/hard/crtbegin.o
                0x000000000800e20c                PROVIDE (__init_array_end = .)
                0x000000000800e20c                . = ALIGN (0x4)

.fini_array     0x000000000800e20c        0x4
                0x000000000800e20c                . = ALIGN (0x4)
                [!provide]                        PROVIDE (__fini_array_start = .)
 *(SORT_BY_NAME(.fini_array.*))
 *(.fini_array*)
 .fini_array    0x000000000800e20c        0x4 e:/programs/stm_cube_ide/stm32cubeide_1.9.0/stm32cubeide/plugins/com.st.stm32cube.ide.mcu.externaltools.gnu-tools-for-stm32.10.3-2021.10.win32_1.0.0.202111181127/tools/bin/../lib/gcc/arm-none-eabi/10.3.1/thumb/v7e-m+fp/hard/crtbegin.o
                [!provide]                        PROVIDE (__fini_array_end = .)
                0x000000000800e210                . = ALIGN (0x4)
                0x000000000800e210                _sidata = LOADADDR (.data)

.data           0x0000000020000000       0x98 load address 0x000000000800e210
                0x0000000020000000                . = ALIGN (0x4)
                0x0000000020000000                _sdata = .
 *(.data)
 *(.data*)
 .data.Stat     0x0000000020000000        0x1 ./Core/Src/fatfs_sd_card.o
 *fill*         0x0000000020000001        0x3 
 .data.special1
                0x0000000020000004        0x8 ./Core/Src/liquidcrystal_i2c.o
                0x0000000020000004                special1
 .data.special2
                0x000000002000000c        0x8 ./Core/Src/liquidcrystal_i2c.o
                0x000000002000000c                special2
 .data.SystemCoreClock
                0x0000000020000014        0x4 ./Core/Src/system_stm32f3xx.o
                0x0000000020000014                SystemCoreClock
 .data.uwTickPrio
                0x0000000020000018        0x4 ./Drivers/STM32F3xx_HAL_Driver/Src/stm32f3xx_hal.o
                0x0000000020000018                uwTickPrio
 .data.uwTickFreq
                0x000000002000001c        0x1 ./Drivers/STM32F3xx_HAL_Driver/Src/stm32f3xx_hal.o
                0x000000002000001c                uwTickFreq
 *fill*         0x000000002000001d        0x3 
 .data.USER_Driver
                0x0000000020000020       0x14 ./FATFS/Target/user_diskio.o
                0x0000000020000020                USER_Driver
 .data._impure_ptr
                0x0000000020000034        0x4 e:/programs/stm_cube_ide/stm32cubeide_1.9.0/stm32cubeide/plugins/com.st.stm32cube.ide.mcu.externaltools.gnu-tools-for-stm32.10.3-2021.10.win32_1.0.0.202111181127/tools/bin/../lib/gcc/arm-none-eabi/10.3.1/../../../../arm-none-eabi/lib/thumb/v7e-m+fp/hard\libc_nano.a(lib_a-impure.o)
                0x0000000020000034                _impure_ptr
 .data.impure_data
                0x0000000020000038       0x60 e:/programs/stm_cube_ide/stm32cubeide_1.9.0/stm32cubeide/plugins/com.st.stm32cube.ide.mcu.externaltools.gnu-tools-for-stm32.10.3-2021.10.win32_1.0.0.202111181127/tools/bin/../lib/gcc/arm-none-eabi/10.3.1/../../../../arm-none-eabi/lib/thumb/v7e-m+fp/hard\libc_nano.a(lib_a-impure.o)
 *(.RamFunc)
 *(.RamFunc*)
                0x0000000020000098                . = ALIGN (0x4)
                0x0000000020000098                _edata = .

.igot.plt       0x0000000020000098        0x0 load address 0x000000000800e2a8
 .igot.plt      0x0000000020000098        0x0 e:/programs/stm_cube_ide/stm32cubeide_1.9.0/stm32cubeide/plugins/com.st.stm32cube.ide.mcu.externaltools.gnu-tools-for-stm32.10.3-2021.10.win32_1.0.0.202111181127/tools/bin/../lib/gcc/arm-none-eabi/10.3.1/thumb/v7e-m+fp/hard/crtbegin.o
                0x0000000020000098                . = ALIGN (0x4)

.bss            0x0000000020000098     0x3748 load address 0x000000000800e2a8
                0x0000000020000098                _sbss = .
                0x0000000020000098                __bss_start__ = _sbss
 *(.bss)
 .bss           0x0000000020000098       0x1c e:/programs/stm_cube_ide/stm32cubeide_1.9.0/stm32cubeide/plugins/com.st.stm32cube.ide.mcu.externaltools.gnu-tools-for-stm32.10.3-2021.10.win32_1.0.0.202111181127/tools/bin/../lib/gcc/arm-none-eabi/10.3.1/thumb/v7e-m+fp/hard/crtbegin.o
 *(.bss*)
 .bss.Timer1    0x00000000200000b4        0x2 ./Core/Src/fatfs_sd_card.o
                0x00000000200000b4                Timer1
 .bss.Timer2    0x00000000200000b6        0x2 ./Core/Src/fatfs_sd_card.o
                0x00000000200000b6                Timer2
 .bss.CardType  0x00000000200000b8        0x1 ./Core/Src/fatfs_sd_card.o
 .bss.PowerFlag
                0x00000000200000b9        0x1 ./Core/Src/fatfs_sd_card.o
 .bss.dpFunction
                0x00000000200000ba        0x1 ./Core/Src/liquidcrystal_i2c.o
                0x00000000200000ba                dpFunction
 .bss.dpControl
                0x00000000200000bb        0x1 ./Core/Src/liquidcrystal_i2c.o
                0x00000000200000bb                dpControl
 .bss.dpMode    0x00000000200000bc        0x1 ./Core/Src/liquidcrystal_i2c.o
                0x00000000200000bc                dpMode
 .bss.dpRows    0x00000000200000bd        0x1 ./Core/Src/liquidcrystal_i2c.o
                0x00000000200000bd                dpRows
 .bss.dpBacklight
                0x00000000200000be        0x1 ./Core/Src/liquidcrystal_i2c.o
                0x00000000200000be                dpBacklight
 *fill*         0x00000000200000bf        0x1 
 .bss.hi2c1     0x00000000200000c0       0x54 ./Core/Src/main.o
                0x00000000200000c0                hi2c1
 .bss.hspi2     0x0000000020000114       0x64 ./Core/Src/main.o
                0x0000000020000114                hspi2
 .bss.htim6     0x0000000020000178       0x4c ./Core/Src/main.o
                0x0000000020000178                htim6
 .bss.htim17    0x00000000200001c4       0x4c ./Core/Src/main.o
                0x00000000200001c4                htim17
 .bss.hdma_tim17_ch1_up
                0x0000000020000210       0x44 ./Core/Src/main.o
                0x0000000020000210                hdma_tim17_ch1_up
 .bss.huart1    0x0000000020000254       0x88 ./Core/Src/main.o
                0x0000000020000254                huart1
 .bss.FatFs     0x00000000200002dc     0x1030 ./Core/Src/main.o
                0x00000000200002dc                FatFs
 .bss.fil       0x000000002000130c     0x102c ./Core/Src/main.o
                0x000000002000130c                fil
 .bss.dp        0x0000000020002338     0x1028 ./Core/Src/main.o
                0x0000000020002338                dp
 .bss.fno       0x0000000020003360       0x20 ./Core/Src/main.o
                0x0000000020003360                fno
 .bss.fres      0x0000000020003380        0x1 ./Core/Src/main.o
                0x0000000020003380                fres
 *fill*         0x0000000020003381        0x3 
 .bss.old_fsize
                0x0000000020003384        0x4 ./Core/Src/main.o
                0x0000000020003384                old_fsize
 .bss.buff_music
                0x0000000020003388      0x1f4 ./Core/Src/main.o
                0x0000000020003388                buff_music
 .bss.general   0x000000002000357c        0x4 ./Core/Src/main.o
                0x000000002000357c                general
 .bss.display_status
                0x0000000020003580       0x10 ./Core/Src/main.o
                0x0000000020003580                display_status
 .bss.tim17_counter
                0x0000000020003590        0x2 ./Core/Src/main.o
                0x0000000020003590                tim17_counter
 *fill*         0x0000000020003592        0x2 
 .bss.__sbrk_heap_end
                0x0000000020003594        0x4 ./Core/Src/sysmem.o
 .bss.uwTick    0x0000000020003598        0x4 ./Drivers/STM32F3xx_HAL_Driver/Src/stm32f3xx_hal.o
                0x0000000020003598                uwTick
 .bss.retUSER   0x000000002000359c        0x1 ./FATFS/App/fatfs.o
                0x000000002000359c                retUSER
 *fill*         0x000000002000359d        0x3 
 .bss.USERPath  0x00000000200035a0        0x4 ./FATFS/App/fatfs.o
                0x00000000200035a0                USERPath
 .bss.FatFs     0x00000000200035a4        0x4 ./Middlewares/Third_Party/FatFs/src/ff.o
 .bss.Fsid      0x00000000200035a8        0x2 ./Middlewares/Third_Party/FatFs/src/ff.o
 *fill*         0x00000000200035aa        0x2 
 .bss.Files     0x00000000200035ac       0x18 ./Middlewares/Third_Party/FatFs/src/ff.o
 .bss.LfnBuf    0x00000000200035c4      0x200 ./Middlewares/Third_Party/FatFs/src/ff.o
 .bss.disk      0x00000000200037c4        0xc ./Middlewares/Third_Party/FatFs/src/ff_gen_drv.o
                0x00000000200037c4                disk
 .bss.__lock___malloc_recursive_mutex
                0x00000000200037d0        0x1 e:/programs/stm_cube_ide/stm32cubeide_1.9.0/stm32cubeide/plugins/com.st.stm32cube.ide.mcu.externaltools.gnu-tools-for-stm32.10.3-2021.10.win32_1.0.0.202111181127/tools/bin/../lib/gcc/arm-none-eabi/10.3.1/../../../../arm-none-eabi/lib/thumb/v7e-m+fp/hard\libc_nano.a(lib_a-lock.o)
                0x00000000200037d0                __lock___malloc_recursive_mutex
 .bss.__lock___sfp_recursive_mutex
                0x00000000200037d1        0x1 e:/programs/stm_cube_ide/stm32cubeide_1.9.0/stm32cubeide/plugins/com.st.stm32cube.ide.mcu.externaltools.gnu-tools-for-stm32.10.3-2021.10.win32_1.0.0.202111181127/tools/bin/../lib/gcc/arm-none-eabi/10.3.1/../../../../arm-none-eabi/lib/thumb/v7e-m+fp/hard\libc_nano.a(lib_a-lock.o)
                0x00000000200037d1                __lock___sfp_recursive_mutex
 .bss.__lock___sinit_recursive_mutex
                0x00000000200037d2        0x1 e:/programs/stm_cube_ide/stm32cubeide_1.9.0/stm32cubeide/plugins/com.st.stm32cube.ide.mcu.externaltools.gnu-tools-for-stm32.10.3-2021.10.win32_1.0.0.202111181127/tools/bin/../lib/gcc/arm-none-eabi/10.3.1/../../../../arm-none-eabi/lib/thumb/v7e-m+fp/hard\libc_nano.a(lib_a-lock.o)
                0x00000000200037d2                __lock___sinit_recursive_mutex
 *fill*         0x00000000200037d3        0x1 
 .bss.__malloc_free_list
                0x00000000200037d4        0x4 e:/programs/stm_cube_ide/stm32cubeide_1.9.0/stm32cubeide/plugins/com.st.stm32cube.ide.mcu.externaltools.gnu-tools-for-stm32.10.3-2021.10.win32_1.0.0.202111181127/tools/bin/../lib/gcc/arm-none-eabi/10.3.1/../../../../arm-none-eabi/lib/thumb/v7e-m+fp/hard\libc_nano.a(lib_a-nano-mallocr.o)
                0x00000000200037d4                __malloc_free_list
 .bss.__malloc_sbrk_start
                0x00000000200037d8        0x4 e:/programs/stm_cube_ide/stm32cubeide_1.9.0/stm32cubeide/plugins/com.st.stm32cube.ide.mcu.externaltools.gnu-tools-for-stm32.10.3-2021.10.win32_1.0.0.202111181127/tools/bin/../lib/gcc/arm-none-eabi/10.3.1/../../../../arm-none-eabi/lib/thumb/v7e-m+fp/hard\libc_nano.a(lib_a-nano-mallocr.o)
                0x00000000200037d8                __malloc_sbrk_start
 .bss.errno     0x00000000200037dc        0x4 e:/programs/stm_cube_ide/stm32cubeide_1.9.0/stm32cubeide/plugins/com.st.stm32cube.ide.mcu.externaltools.gnu-tools-for-stm32.10.3-2021.10.win32_1.0.0.202111181127/tools/bin/../lib/gcc/arm-none-eabi/10.3.1/../../../../arm-none-eabi/lib/thumb/v7e-m+fp/hard\libc_nano.a(lib_a-reent.o)
                0x00000000200037dc                errno
 *(COMMON)
                0x00000000200037e0                . = ALIGN (0x4)
                0x00000000200037e0                _ebss = .
                0x00000000200037e0                __bss_end__ = _ebss

._user_heap_stack
                0x00000000200037e0      0x600 load address 0x000000000800e2a8
                0x00000000200037e0                . = ALIGN (0x8)
                [!provide]                        PROVIDE (end = .)
                0x00000000200037e0                PROVIDE (_end = .)
                0x00000000200039e0                . = (. + _Min_Heap_Size)
 *fill*         0x00000000200037e0      0x200 
                0x0000000020003de0                . = (. + _Min_Stack_Size)
 *fill*         0x00000000200039e0      0x400 
                0x0000000020003de0                . = ALIGN (0x8)

/DISCARD/
 libc.a(*)
 libm.a(*)
 libgcc.a(*)

.ARM.attributes
                0x0000000000000000       0x30
 *(.ARM.attributes)
 .ARM.attributes
                0x0000000000000000       0x1e e:/programs/stm_cube_ide/stm32cubeide_1.9.0/stm32cubeide/plugins/com.st.stm32cube.ide.mcu.externaltools.gnu-tools-for-stm32.10.3-2021.10.win32_1.0.0.202111181127/tools/bin/../lib/gcc/arm-none-eabi/10.3.1/thumb/v7e-m+fp/hard/crti.o
 .ARM.attributes
                0x000000000000001e       0x34 e:/programs/stm_cube_ide/stm32cubeide_1.9.0/stm32cubeide/plugins/com.st.stm32cube.ide.mcu.externaltools.gnu-tools-for-stm32.10.3-2021.10.win32_1.0.0.202111181127/tools/bin/../lib/gcc/arm-none-eabi/10.3.1/thumb/v7e-m+fp/hard/crtbegin.o
 .ARM.attributes
                0x0000000000000052       0x34 ./Core/Src/fatfs_sd_card.o
 .ARM.attributes
                0x0000000000000086       0x34 ./Core/Src/liquidcrystal_i2c.o
 .ARM.attributes
                0x00000000000000ba       0x34 ./Core/Src/main.o
 .ARM.attributes
                0x00000000000000ee       0x34 ./Core/Src/stm32f3xx_hal_msp.o
 .ARM.attributes
                0x0000000000000122       0x34 ./Core/Src/stm32f3xx_it.o
 .ARM.attributes
                0x0000000000000156       0x34 ./Core/Src/syscalls.o
 .ARM.attributes
                0x000000000000018a       0x34 ./Core/Src/sysmem.o
 .ARM.attributes
                0x00000000000001be       0x34 ./Core/Src/system_stm32f3xx.o
 .ARM.attributes
                0x00000000000001f2       0x21 ./Core/Startup/startup_stm32f302r8tx.o
 .ARM.attributes
                0x0000000000000213       0x34 ./Drivers/STM32F3xx_HAL_Driver/Src/stm32f3xx_hal.o
 .ARM.attributes
                0x0000000000000247       0x34 ./Drivers/STM32F3xx_HAL_Driver/Src/stm32f3xx_hal_cortex.o
 .ARM.attributes
                0x000000000000027b       0x34 ./Drivers/STM32F3xx_HAL_Driver/Src/stm32f3xx_hal_dma.o
 .ARM.attributes
                0x00000000000002af       0x34 ./Drivers/STM32F3xx_HAL_Driver/Src/stm32f3xx_hal_gpio.o
 .ARM.attributes
                0x00000000000002e3       0x34 ./Drivers/STM32F3xx_HAL_Driver/Src/stm32f3xx_hal_i2c.o
 .ARM.attributes
                0x0000000000000317       0x34 ./Drivers/STM32F3xx_HAL_Driver/Src/stm32f3xx_hal_i2c_ex.o
 .ARM.attributes
                0x000000000000034b       0x34 ./Drivers/STM32F3xx_HAL_Driver/Src/stm32f3xx_hal_rcc.o
 .ARM.attributes
                0x000000000000037f       0x34 ./Drivers/STM32F3xx_HAL_Driver/Src/stm32f3xx_hal_rcc_ex.o
 .ARM.attributes
                0x00000000000003b3       0x34 ./Drivers/STM32F3xx_HAL_Driver/Src/stm32f3xx_hal_spi.o
 .ARM.attributes
                0x00000000000003e7       0x34 ./Drivers/STM32F3xx_HAL_Driver/Src/stm32f3xx_hal_tim.o
 .ARM.attributes
                0x000000000000041b       0x34 ./Drivers/STM32F3xx_HAL_Driver/Src/stm32f3xx_hal_tim_ex.o
 .ARM.attributes
                0x000000000000044f       0x34 ./Drivers/STM32F3xx_HAL_Driver/Src/stm32f3xx_hal_uart.o
 .ARM.attributes
                0x0000000000000483       0x34 ./FATFS/App/fatfs.o
 .ARM.attributes
                0x00000000000004b7       0x34 ./FATFS/Target/user_diskio.o
 .ARM.attributes
                0x00000000000004eb       0x34 ./Middlewares/Third_Party/FatFs/src/diskio.o
 .ARM.attributes
                0x000000000000051f       0x34 ./Middlewares/Third_Party/FatFs/src/ff.o
 .ARM.attributes
                0x0000000000000553       0x34 ./Middlewares/Third_Party/FatFs/src/ff_gen_drv.o
 .ARM.attributes
                0x0000000000000587       0x34 ./Middlewares/Third_Party/FatFs/src/option/ccsbcs.o
 .ARM.attributes
                0x00000000000005bb       0x34 e:/programs/stm_cube_ide/stm32cubeide_1.9.0/stm32cubeide/plugins/com.st.stm32cube.ide.mcu.externaltools.gnu-tools-for-stm32.10.3-2021.10.win32_1.0.0.202111181127/tools/bin/../lib/gcc/arm-none-eabi/10.3.1/../../../../arm-none-eabi/lib/thumb/v7e-m+fp/hard\libc_nano.a(lib_a-errno.o)
 .ARM.attributes
                0x00000000000005ef       0x34 e:/programs/stm_cube_ide/stm32cubeide_1.9.0/stm32cubeide/plugins/com.st.stm32cube.ide.mcu.externaltools.gnu-tools-for-stm32.10.3-2021.10.win32_1.0.0.202111181127/tools/bin/../lib/gcc/arm-none-eabi/10.3.1/../../../../arm-none-eabi/lib/thumb/v7e-m+fp/hard\libc_nano.a(lib_a-impure.o)
 .ARM.attributes
                0x0000000000000623       0x34 e:/programs/stm_cube_ide/stm32cubeide_1.9.0/stm32cubeide/plugins/com.st.stm32cube.ide.mcu.externaltools.gnu-tools-for-stm32.10.3-2021.10.win32_1.0.0.202111181127/tools/bin/../lib/gcc/arm-none-eabi/10.3.1/../../../../arm-none-eabi/lib/thumb/v7e-m+fp/hard\libc_nano.a(lib_a-init.o)
 .ARM.attributes
                0x0000000000000657       0x34 e:/programs/stm_cube_ide/stm32cubeide_1.9.0/stm32cubeide/plugins/com.st.stm32cube.ide.mcu.externaltools.gnu-tools-for-stm32.10.3-2021.10.win32_1.0.0.202111181127/tools/bin/../lib/gcc/arm-none-eabi/10.3.1/../../../../arm-none-eabi/lib/thumb/v7e-m+fp/hard\libc_nano.a(lib_a-memset.o)
 .ARM.attributes
                0x000000000000068b       0x34 e:/programs/stm_cube_ide/stm32cubeide_1.9.0/stm32cubeide/plugins/com.st.stm32cube.ide.mcu.externaltools.gnu-tools-for-stm32.10.3-2021.10.win32_1.0.0.202111181127/tools/bin/../lib/gcc/arm-none-eabi/10.3.1/../../../../arm-none-eabi/lib/thumb/v7e-m+fp/hard\libc_nano.a(lib_a-printf.o)
 .ARM.attributes
                0x00000000000006bf       0x34 e:/programs/stm_cube_ide/stm32cubeide_1.9.0/stm32cubeide/plugins/com.st.stm32cube.ide.mcu.externaltools.gnu-tools-for-stm32.10.3-2021.10.win32_1.0.0.202111181127/tools/bin/../lib/gcc/arm-none-eabi/10.3.1/../../../../arm-none-eabi/lib/thumb/v7e-m+fp/hard\libc_nano.a(lib_a-puts.o)
 .ARM.attributes
                0x00000000000006f3       0x34 e:/programs/stm_cube_ide/stm32cubeide_1.9.0/stm32cubeide/plugins/com.st.stm32cube.ide.mcu.externaltools.gnu-tools-for-stm32.10.3-2021.10.win32_1.0.0.202111181127/tools/bin/../lib/gcc/arm-none-eabi/10.3.1/../../../../arm-none-eabi/lib/thumb/v7e-m+fp/hard\libc_nano.a(lib_a-sprintf.o)
 .ARM.attributes