Archive member included to satisfy reference by file (symbol)

e:/programs/stm_cube_ide/stm32cubeide_1.9.0/stm32cubeide/plugins/com.st.stm32cube.ide.mcu.externaltools.gnu-tools-for-stm32.10.3-2021.10.win32_1.0.0.202111181127/tools/bin/../lib/gcc/arm-none-eabi/10.3.1/../../../../arm-none-eabi/lib/thumb/v7e-m+fp/hard\libc_nano.a(lib_a-errno.o)
                              ./Core/Src/syscalls.o (__errno)
e:/programs/stm_cube_ide/stm32cubeide_1.9.0/stm32cubeide/plugins/com.st.stm32cube.ide.mcu.externaltools.gnu-tools-for-stm32.10.3-2021.10.win32_1.0.0.202111181127/tools/bin/../lib/gcc/arm-none-eabi/10.3.1/../../../../arm-none-eabi/lib/thumb/v7e-m+fp/hard\libc_nano.a(lib_a-exit.o)
                              e:/programs/stm_cube_ide/stm32cubeide_1.9.0/stm32cubeide/plugins/com.st.stm32cube.ide.mcu.externaltools.gnu-tools-for-stm32.10.3-2021.10.win32_1.0.0.202111181127/tools/bin/../lib/gcc/arm-none-eabi/10.3.1/../../../../arm-none-eabi/lib/thumb/v7e-m+fp/hard/crt0.o (exit)
e:/programs/stm_cube_ide/stm32cubeide_1.9.0/stm32cubeide/plugins/com.st.stm32cube.ide.mcu.externaltools.gnu-tools-for-stm32.10.3-2021.10.win32_1.0.0.202111181127/tools/bin/../lib/gcc/arm-none-eabi/10.3.1/../../../../arm-none-eabi/lib/thumb/v7e-m+fp/hard\libc_nano.a(lib_a-impure.o)
                              e:/programs/stm_cube_ide/stm32cubeide_1.9.0/stm32cubeide/plugins/com.st.stm32cube.ide.mcu.externaltools.gnu-tools-for-stm32.10.3-2021.10.win32_1.0.0.202111181127/tools/bin/../lib/gcc/arm-none-eabi/10.3.1/../../../../arm-none-eabi/lib/thumb/v7e-m+fp/hard\libc_nano.a(lib_a-exit.o) (_global_impure_ptr)
e:/programs/stm_cube_ide/stm32cubeide_1.9.0/stm32cubeide/plugins/com.st.stm32cube.ide.mcu.externaltools.gnu-tools-for-stm32.10.3-2021.10.win32_1.0.0.202111181127/tools/bin/../lib/gcc/arm-none-eabi/10.3.1/../../../../arm-none-eabi/lib/thumb/v7e-m+fp/hard\libc_nano.a(lib_a-init.o)
                              e:/programs/stm_cube_ide/stm32cubeide_1.9.0/stm32cubeide/plugins/com.st.stm32cube.ide.mcu.externaltools.gnu-tools-for-stm32.10.3-2021.10.win32_1.0.0.202111181127/tools/bin/../lib/gcc/arm-none-eabi/10.3.1/../../../../arm-none-eabi/lib/thumb/v7e-m+fp/hard/crt0.o (__libc_init_array)
e:/programs/stm_cube_ide/stm32cubeide_1.9.0/stm32cubeide/plugins/com.st.stm32cube.ide.mcu.externaltools.gnu-tools-for-stm32.10.3-2021.10.win32_1.0.0.202111181127/tools/bin/../lib/gcc/arm-none-eabi/10.3.1/../../../../arm-none-eabi/lib/thumb/v7e-m+fp/hard\libc_nano.a(lib_a-memset.o)
                              e:/programs/stm_cube_ide/stm32cubeide_1.9.0/stm32cubeide/plugins/com.st.stm32cube.ide.mcu.externaltools.gnu-tools-for-stm32.10.3-2021.10.win32_1.0.0.202111181127/tools/bin/../lib/gcc/arm-none-eabi/10.3.1/../../../../arm-none-eabi/lib/thumb/v7e-m+fp/hard/crt0.o (memset)
e:/programs/stm_cube_ide/stm32cubeide_1.9.0/stm32cubeide/plugins/com.st.stm32cube.ide.mcu.externaltools.gnu-tools-for-stm32.10.3-2021.10.win32_1.0.0.202111181127/tools/bin/../lib/gcc/arm-none-eabi/10.3.1/../../../../arm-none-eabi/lib/thumb/v7e-m+fp/hard\libc_nano.a(lib_a-printf.o)
                              ./Core/Src/main.o (printf)
e:/programs/stm_cube_ide/stm32cubeide_1.9.0/stm32cubeide/plugins/com.st.stm32cube.ide.mcu.externaltools.gnu-tools-for-stm32.10.3-2021.10.win32_1.0.0.202111181127/tools/bin/../lib/gcc/arm-none-eabi/10.3.1/../../../../arm-none-eabi/lib/thumb/v7e-m+fp/hard\libc_nano.a(lib_a-puts.o)
                              ./Core/Src/main.o (puts)
e:/programs/stm_cube_ide/stm32cubeide_1.9.0/stm32cubeide/plugins/com.st.stm32cube.ide.mcu.externaltools.gnu-tools-for-stm32.10.3-2021.10.win32_1.0.0.202111181127/tools/bin/../lib/gcc/arm-none-eabi/10.3.1/../../../../arm-none-eabi/lib/thumb/v7e-m+fp/hard\libc_nano.a(lib_a-sprintf.o)
                              ./Core/Src/main.o (sprintf)
e:/programs/stm_cube_ide/stm32cubeide_1.9.0/stm32cubeide/plugins/com.st.stm32cube.ide.mcu.externaltools.gnu-tools-for-stm32.10.3-2021.10.win32_1.0.0.202111181127/tools/bin/../lib/gcc/arm-none-eabi/10.3.1/../../../../arm-none-eabi/lib/thumb/v7e-m+fp/hard\libc_nano.a(lib_a-wbuf.o)
                              e:/programs/stm_cube_ide/stm32cubeide_1.9.0/stm32cubeide/plugins/com.st.stm32cube.ide.mcu.externaltools.gnu-tools-for-stm32.10.3-2021.10.win32_1.0.0.202111181127/tools/bin/../lib/gcc/arm-none-eabi/10.3.1/../../../../arm-none-eabi/lib/thumb/v7e-m+fp/hard\libc_nano.a(lib_a-puts.o) (__swbuf_r)
e:/programs/stm_cube_ide/stm32cubeide_1.9.0/stm32cubeide/plugins/com.st.stm32cube.ide.mcu.externaltools.gnu-tools-for-stm32.10.3-2021.10.win32_1.0.0.202111181127/tools/bin/../lib/gcc/arm-none-eabi/10.3.1/../../../../arm-none-eabi/lib/thumb/v7e-m+fp/hard\libc_nano.a(lib_a-wsetup.o)
                              e:/programs/stm_cube_ide/stm32cubeide_1.9.0/stm32cubeide/plugins/com.st.stm32cube.ide.mcu.externaltools.gnu-tools-for-stm32.10.3-2021.10.win32_1.0.0.202111181127/tools/bin/../lib/gcc/arm-none-eabi/10.3.1/../../../../arm-none-eabi/lib/thumb/v7e-m+fp/hard\libc_nano.a(lib_a-puts.o) (__swsetup_r)
[...]
Memory Configuration

Name             Origin             Length             Attributes
RAM              0x0000000020000000 0x0000000000004000 xrw
FLASH            0x0000000008000000 0x0000000000010000 xr
*default*        0x0000000000000000 0xffffffffffffffff

Linker script and memory map

LOAD e:/programs/stm_cube_ide/stm32cubeide_1.9.0/stm32cubeide/plugins/com.st.stm32cube.ide.mcu.externaltools.gnu-tools-for-stm32.10.3-2021.10.win32_1.0.0.202111181127/tools/bin/../lib/gcc/arm-none-eabi/10.3.1/thumb/v7e-m+fp/hard/crti.o
LOAD e:/programs/stm_cube_ide/stm32cubeide_1.9.0/stm32cubeide/plugins/com.st.stm32cube.ide.mcu.externaltools.gnu-tools-for-stm32.10.3-2021.10.win32_1.0.0.202111181127/tools/bin/../lib/gcc/arm-none-eabi/10.3.1/thumb/v7e-m+fp/hard/crtbegin.o
LOAD e:/programs/stm_cube_ide/stm32cubeide_1.9.0/stm32cubeide/plugins/com.st.stm32cube.ide.mcu.externaltools.gnu-tools-for-stm32.10.3-2021.10.win32_1.0.0.202111181127/tools/bin/../lib/gcc/arm-none-eabi/10.3.1/../../../../arm-none-eabi/lib/thumb/v7e-m+fp/hard/crt0.o
LOAD ./Core/Src/fatfs_sd_card.o
LOAD ./Core/Src/liquidcrystal_i2c.o
LOAD ./Core/Src/main.o
LOAD ./Core/Src/stm32f3xx_hal_msp.o
LOAD ./Core/Src/stm32f3xx_it.o
LOAD ./Core/Src/syscalls.o
LOAD ./Core/Src/sysmem.o
LOAD ./Core/Src/system_stm32f3xx.o
LOAD ./Core/Startup/startup_stm32f302r8tx.o
LOAD ./Drivers/STM32F3xx_HAL_Driver/Src/stm32f3xx_hal.o
LOAD ./Drivers/STM32F3xx_HAL_Driver/Src/stm32f3xx_hal_adc.o
LOAD ./Drivers/STM32F3xx_HAL_Driver/Src/stm32f3xx_hal_adc_ex.o
LOAD ./Drivers/STM32F3xx_HAL_Driver/Src/stm32f3xx_hal_cortex.o
LOAD ./Drivers/STM32F3xx_HAL_Driver/Src/stm32f3xx_hal_dac.o
LOAD ./Drivers/STM32F3xx_HAL_Driver/Src/stm32f3xx_hal_dac_ex.o
LOAD ./Drivers/STM32F3xx_HAL_Driver/Src/stm32f3xx_hal_dma.o
LOAD ./Drivers/STM32F3xx_HAL_Driver/Src/stm32f3xx_hal_exti.o
LOAD ./Drivers/STM32F3xx_HAL_Driver/Src/stm32f3xx_hal_flash.o
LOAD ./Drivers/STM32F3xx_HAL_Driver/Src/stm32f3xx_hal_flash_ex.o
LOAD ./Drivers/STM32F3xx_HAL_Driver/Src/stm32f3xx_hal_gpio.o
LOAD ./Drivers/STM32F3xx_HAL_Driver/Src/stm32f3xx_hal_i2c.o
LOAD ./Drivers/STM32F3xx_HAL_Driver/Src/stm32f3xx_hal_i2c_ex.o
LOAD ./Drivers/STM32F3xx_HAL_Driver/Src/stm32f3xx_hal_pwr.o
LOAD ./Drivers/STM32F3xx_HAL_Driver/Src/stm32f3xx_hal_pwr_ex.o
LOAD ./Drivers/STM32F3xx_HAL_Driver/Src/stm32f3xx_hal_rcc.o
LOAD ./Drivers/STM32F3xx_HAL_Driver/Src/stm32f3xx_hal_rcc_ex.o
LOAD ./Drivers/STM32F3xx_HAL_Driver/Src/stm32f3xx_hal_spi.o
LOAD ./Drivers/STM32F3xx_HAL_Driver/Src/stm32f3xx_hal_spi_ex.o
LOAD ./Drivers/STM32F3xx_HAL_Driver/Src/stm32f3xx_hal_tim.o
LOAD ./Drivers/STM32F3xx_HAL_Driver/Src/stm32f3xx_hal_tim_ex.o
LOAD ./Drivers/STM32F3xx_HAL_Driver/Src/stm32f3xx_hal_uart.o
LOAD ./Drivers/STM32F3xx_HAL_Driver/Src/stm32f3xx_hal_uart_ex.o
LOAD ./FATFS/App/fatfs.o
LOAD ./FATFS/Target/user_diskio.o
LOAD ./Middlewares/Third_Party/FatFs/src/diskio.o
LOAD ./Middlewares/Third_Party/FatFs/src/ff.o
LOAD ./Middlewares/Third_Party/FatFs/src/ff_gen_drv.o
LOAD ./Middlewares/Third_Party/FatFs/src/option/ccsbcs.o
LOAD ./Middlewares/Third_Party/FatFs/src/option/syscall.o
START GROUP
LOAD e:/programs/stm_cube_ide/stm32cubeide_1.9.0/stm32cubeide/plugins/com.st.stm32cube.ide.mcu.externaltools.gnu-tools-for-stm32.10.3-2021.10.win32_1.0.0.202111181127/tools/bin/../lib/gcc/arm-none-eabi/10.3.1/../../../../arm-none-eabi/lib/thumb/v7e-m+fp/hard\libc_nano.a
LOAD e:/programs/stm_cube_ide/stm32cubeide_1.9.0/stm32cubeide/plugins/com.st.stm32cube.ide.mcu.externaltools.gnu-tools-for-stm32.10.3-2021.10.win32_1.0.0.202111181127/tools/bin/../lib/gcc/arm-none-eabi/10.3.1/../../../../arm-none-eabi/lib/thumb/v7e-m+fp/hard\libm.a
END GROUP
START GROUP
LOAD e:/programs/stm_cube_ide/stm32cubeide_1.9.0/stm32cubeide/plugins/com.st.stm32cube.ide.mcu.externaltools.gnu-tools-for-stm32.10.3-2021.10.win32_1.0.0.202111181127/tools/bin/../lib/gcc/arm-none-eabi/10.3.1/thumb/v7e-m+fp/hard\libgcc.a
LOAD e:/programs/stm_cube_ide/stm32cubeide_1.9.0/stm32cubeide/plugins/com.st.stm32cube.ide.mcu.externaltools.gnu-tools-for-stm32.10.3-2021.10.win32_1.0.0.202111181127/tools/bin/../lib/gcc/arm-none-eabi/10.3.1/../../../../arm-none-eabi/lib/thumb/v7e-m+fp/hard\libc_nano.a
END GROUP
START GROUP
LOAD e:/programs/stm_cube_ide/stm32cubeide_1.9.0/stm32cubeide/plugins/com.st.stm32cube.ide.mcu.externaltools.gnu-tools-for-stm32.10.3-2021.10.win32_1.0.0.202111181127/tools/bin/../lib/gcc/arm-none-eabi/10.3.1/thumb/v7e-m+fp/hard\libgcc.a
LOAD e:/programs/stm_cube_ide/stm32cubeide_1.9.0/stm32cubeide/plugins/com.st.stm32cube.ide.mcu.externaltools.gnu-tools-for-stm32.10.3-2021.10.win32_1.0.0.202111181127/tools/bin/../lib/gcc/arm-none-eabi/10.3.1/../../../../arm-none-eabi/lib/thumb/v7e-m+fp/hard\libc_nano.a
LOAD e:/programs/stm_cube_ide/stm32cubeide_1.9.0/stm32cubeide/plugins/com.st.stm32cube.ide.mcu.externaltools.gnu-tools-for-stm32.10.3-2021.10.win32_1.0.0.202111181127/tools/bin/../lib/gcc/arm-none-eabi/10.3.1/../../../../arm-none-eabi/lib/thumb/v7e-m+fp/hard\libnosys.a
END GROUP
START GROUP
LOAD e:/programs/stm_cube_ide/stm32cubeide_1.9.0/stm32cubeide/plugins/com.st.stm32cube.ide.mcu.externaltools.gnu-tools-for-stm32.10.3-2021.10.win32_1.0.0.202111181127/tools/bin/../lib/gcc/arm-none-eabi/10.3.1/thumb/v7e-m+fp/hard\libgcc.a
LOAD e:/programs/stm_cube_ide/stm32cubeide_1.9.0/stm32cubeide/plugins/com.st.stm32cube.ide.mcu.externaltools.gnu-tools-for-stm32.10.3-2021.10.win32_1.0.0.202111181127/tools/bin/../lib/gcc/arm-none-eabi/10.3.1/../../../../arm-none-eabi/lib/thumb/v7e-m+fp/hard\libc_nano.a
LOAD e:/programs/stm_cube_ide/stm32cubeide_1.9.0/stm32cubeide/plugins/com.st.stm32cube.ide.mcu.externaltools.gnu-tools-for-stm32.10.3-2021.10.win32_1.0.0.202111181127/tools/bin/../lib/gcc/arm-none-eabi/10.3.1/../../../../arm-none-eabi/lib/thumb/v7e-m+fp/hard\libnosys.a
END GROUP
LOAD e:/programs/stm_cube_ide/stm32cubeide_1.9.0/stm32cubeide/plugins/com.st.stm32cube.ide.mcu.externaltools.gnu-tools-for-stm32.10.3-2021.10.win32_1.0.0.202111181127/tools/bin/../lib/gcc/arm-none-eabi/10.3.1/thumb/v7e-m+fp/hard/crtend.o
LOAD e:/programs/stm_cube_ide/stm32cubeide_1.9.0/stm32cubeide/plugins/com.st.stm32cube.ide.mcu.externaltools.gnu-tools-for-stm32.10.3-2021.10.win32_1.0.0.202111181127/tools/bin/../lib/gcc/arm-none-eabi/10.3.1/thumb/v7e-m+fp/hard/crtn.o
                0x0000000020004000                _estack = (ORIGIN (RAM) + LENGTH (RAM))
                0x0000000000000200                _Min_Heap_Size = 0x200
                0x0000000000000400                _Min_Stack_Size = 0x400

.isr_vector     0x0000000008000000      0x188
                0x0000000008000000                . = ALIGN (0x4)
 *(.isr_vector)
 .isr_vector    0x0000000008000000      0x188 ./Core/Startup/startup_stm32f302r8tx.o
                0x0000000008000000                g_pfnVectors
                0x0000000008000188                . = ALIGN (0x4)

.text           0x0000000008000190     0xeb28
                0x0000000008000190                . = ALIGN (0x4)
 *(.text)
 .text          0x0000000008000190       0x40 e:/programs/stm_cube_ide/stm32cubeide_1.9.0/stm32cubeide/plugins/com.st.stm32cube.ide.mcu.externaltools.gnu-tools-for-stm32.10.3-2021.10.win32_1.0.0.202111181127/tools/bin/../lib/gcc/arm-none-eabi/10.3.1/thumb/v7e-m+fp/hard/crtbegin.o
 .text          0x00000000080001d0       0xa0 e:/programs/stm_cube_ide/stm32cubeide_1.9.0/stm32cubeide/plugins/com.st.stm32cube.ide.mcu.externaltools.gnu-tools-for-stm32.10.3-2021.10.win32_1.0.0.202111181127/tools/bin/../lib/gcc/arm-none-eabi/10.3.1/../../../../arm-none-eabi/lib/thumb/v7e-m+fp/hard\libc_nano.a(lib_a-memchr.o)
                0x00000000080001d0                memchr
 *(.text*)
 .text.SELECT   0x0000000008000270       0x20 ./Core/Src/fatfs_sd_card.o
 .text.DESELECT
                0x0000000008000290       0x20 ./Core/Src/fatfs_sd_card.o
 .text.SPI_TxByte
                0x00000000080002b0       0x34 ./Core/Src/fatfs_sd_card.o
 .text.SPI_TxBuffer
                0x00000000080002e4       0x38 ./Core/Src/fatfs_sd_card.o
 .text.SPI_RxByte
                0x000000000800031c       0x3c ./Core/Src/fatfs_sd_card.o
 .text.SPI_RxBytePtr
                0x0000000008000358       0x1c ./Core/Src/fatfs_sd_card.o
 .text.SD_ReadyWait
                0x0000000008000374       0x34 ./Core/Src/fatfs_sd_card.o
 .text.SD_PowerOn
                0x00000000080003a8       0x84 ./Core/Src/fatfs_sd_card.o
 .text.SD_PowerOff
                0x000000000800042c       0x18 ./Core/Src/fatfs_sd_card.o
 .text.SD_CheckPower
                0x0000000008000444       0x18 ./Core/Src/fatfs_sd_card.o
 .text.SD_RxDataBlock
                0x000000000800045c       0x5c ./Core/Src/fatfs_sd_card.o
 .text.SD_TxDataBlock
                0x00000000080004b8       0x86 ./Core/Src/fatfs_sd_card.o
 .text.SD_SendCmd
                0x000000000800053e       0xa8 ./Core/Src/fatfs_sd_card.o
 *fill*         0x00000000080005e6        0x2 
 .text.SD_disk_initialize
                0x00000000080005e8      0x1cc ./Core/Src/fatfs_sd_card.o
                0x00000000080005e8                SD_disk_initialize
 .text.SD_disk_status
                0x00000000080007b4       0x2c ./Core/Src/fatfs_sd_card.o
                0x00000000080007b4                SD_disk_status
 .text.SD_disk_read
                0x00000000080007e0       0xd4 ./Core/Src/fatfs_sd_card.o
                0x00000000080007e0                SD_disk_read
 .text.SD_disk_write
                0x00000000080008b4      0x108 ./Core/Src/fatfs_sd_card.o
                0x00000000080008b4                SD_disk_write
 .text.SD_disk_ioctl
                0x00000000080009bc      0x258 ./Core/Src/fatfs_sd_card.o
                0x00000000080009bc                SD_disk_ioctl
 .text.HD44780_Init
                0x0000000008000c14      0x108 ./Core/Src/liquidcrystal_i2c.o
                0x0000000008000c14                HD44780_Init
 .text.HD44780_Clear
                0x0000000008000d1c       0x16 ./Core/Src/liquidcrystal_i2c.o
                0x0000000008000d1c                HD44780_Clear
 .text.HD44780_Home
                0x0000000008000d32       0x16 ./Core/Src/liquidcrystal_i2c.o
                0x0000000008000d32                HD44780_Home
 .text.HD44780_SetCursor
                0x0000000008000d48       0x64 ./Core/Src/liquidcrystal_i2c.o
                0x0000000008000d48                HD44780_SetCursor
 .text.HD44780_Display
                0x0000000008000dac       0x2c ./Core/Src/liquidcrystal_i2c.o
                0x0000000008000dac                HD44780_Display
 .text.HD44780_Cursor
                0x0000000008000dd8       0x2c ./Core/Src/liquidcrystal_i2c.o
                0x0000000008000dd8                HD44780_Cursor
 .text.HD44780_Blink
                0x0000000008000e04       0x2c ./Core/Src/liquidcrystal_i2c.o
                0x0000000008000e04                HD44780_Blink
 .text.HD44780_CreateSpecialChar
                0x0000000008000e30       0x52 ./Core/Src/liquidcrystal_i2c.o
                0x0000000008000e30                HD44780_CreateSpecialChar
 .text.HD44780_PrintStr
                0x0000000008000e82       0x2a ./Core/Src/liquidcrystal_i2c.o
                0x0000000008000e82                HD44780_PrintStr
 .text.SendCommand
                0x0000000008000eac       0x1c ./Core/Src/liquidcrystal_i2c.o
 .text.SendChar
                0x0000000008000ec8       0x1c ./Core/Src/liquidcrystal_i2c.o
 .text.Send     0x0000000008000ee4       0x42 ./Core/Src/liquidcrystal_i2c.o
 .text.Write4Bits
                0x0000000008000f26       0x22 ./Core/Src/liquidcrystal_i2c.o
 .text.ExpanderWrite
                0x0000000008000f48       0x38 ./Core/Src/liquidcrystal_i2c.o
 .text.PulseEnable
                0x0000000008000f80       0x3a ./Core/Src/liquidcrystal_i2c.o
 *fill*         0x0000000008000fba        0x2 
 .text.DelayInit
                0x0000000008000fbc       0x54 ./Core/Src/liquidcrystal_i2c.o
 .text.DelayUS  0x0000000008001010       0x50 ./Core/Src/liquidcrystal_i2c.o
 .text.main     0x0000000008001060       0x8c ./Core/Src/main.o
                0x0000000008001060                main
 .text.SystemClock_Config
                0x00000000080010ec       0xbc ./Core/Src/main.o
                0x00000000080010ec                SystemClock_Config
 .text.MX_ADC1_Init
                0x00000000080011a8       0xc8 ./Core/Src/main.o
 .text.MX_DAC_Init
                0x0000000008001270       0x54 ./Core/Src/main.o
 .text.MX_I2C1_Init
                0x00000000080012c4       0x80 ./Core/Src/main.o
 .text.MX_SPI2_Init
                0x0000000008001344       0x7c ./Core/Src/main.o
 .text.MX_TIM6_Init
                0x00000000080013c0       0x6c ./Core/Src/main.o
 .text.MX_TIM17_Init
                0x000000000800142c       0xf0 ./Core/Src/main.o
 .text.MX_USART1_UART_Init
                0x000000000800151c       0x60 ./Core/Src/main.o
 .text.MX_DMA_Init
                0x000000000800157c       0x4c ./Core/Src/main.o
 .text.MX_GPIO_Init
                0x00000000080015c8      0x10c ./Core/Src/main.o
 .text.__io_putchar
                0x00000000080016d4       0x24 ./Core/Src/main.o
                0x00000000080016d4                __io_putchar
 .text.process_SD_card
                0x00000000080016f8      0x114 ./Core/Src/main.o
                0x00000000080016f8                process_SD_card
 .text.HAL_GPIO_EXTI_Callback
                0x000000000800180c      0x710 ./Core/Src/main.o
                0x000000000800180c                HAL_GPIO_EXTI_Callback
 .text.start_play_music
                0x0000000008001f1c       0x74 ./Core/Src/main.o
                0x0000000008001f1c                start_play_music
 .text.stop_play_music
                0x0000000008001f90       0x54 ./Core/Src/main.o
                0x0000000008001f90                stop_play_music
 .text.Error_Handler
                0x0000000008001fe4        0xa ./Core/Src/main.o
                0x0000000008001fe4                Error_Handler
 *fill*         0x0000000008001fee        0x2 
 .text.HAL_MspInit
                0x0000000008001ff0       0x48 ./Core/Src/stm32f3xx_hal_msp.o
                0x0000000008001ff0                HAL_MspInit
 .text.HAL_ADC_MspInit
                0x0000000008002038       0xd0 ./Core/Src/stm32f3xx_hal_msp.o
                0x0000000008002038                HAL_ADC_MspInit
 .text.HAL_DAC_MspInit
                0x0000000008002108       0x8c ./Core/Src/stm32f3xx_hal_msp.o
                0x0000000008002108                HAL_DAC_MspInit
 .text.HAL_I2C_MspInit
                0x0000000008002194       0x88 ./Core/Src/stm32f3xx_hal_msp.o
                0x0000000008002194                HAL_I2C_MspInit
 .text.HAL_SPI_MspInit
                0x000000000800221c       0x88 ./Core/Src/stm32f3xx_hal_msp.o
                0x000000000800221c                HAL_SPI_MspInit
 .text.HAL_TIM_Base_MspInit
                0x00000000080022a4       0xf4 ./Core/Src/stm32f3xx_hal_msp.o
                0x00000000080022a4                HAL_TIM_Base_MspInit
 .text.HAL_TIM_MspPostInit
                0x0000000008002398       0x6c ./Core/Src/stm32f3xx_hal_msp.o
                0x0000000008002398                HAL_TIM_MspPostInit
 .text.HAL_UART_MspInit
                0x0000000008002404       0x88 ./Core/Src/stm32f3xx_hal_msp.o
                0x0000000008002404                HAL_UART_MspInit
 .text.NMI_Handler
                0x000000000800248c        0x6 ./Core/Src/stm32f3xx_it.o
                0x000000000800248c                NMI_Handler
 .text.HardFault_Handler
                0x0000000008002492        0x6 ./Core/Src/stm32f3xx_it.o
                0x0000000008002492                HardFault_Handler
 .text.MemManage_Handler
                0x0000000008002498        0x6 ./Core/Src/stm32f3xx_it.o
                0x0000000008002498                MemManage_Handler
 .text.BusFault_Handler
                0x000000000800249e        0x6 ./Core/Src/stm32f3xx_it.o
                0x000000000800249e                BusFault_Handler
 .text.UsageFault_Handler
                0x00000000080024a4        0x6 ./Core/Src/stm32f3xx_it.o
                0x00000000080024a4                UsageFault_Handler
 .text.SVC_Handler
                0x00000000080024aa        0xe ./Core/Src/stm32f3xx_it.o
                0x00000000080024aa                SVC_Handler
 .text.DebugMon_Handler
                0x00000000080024b8        0xe ./Core/Src/stm32f3xx_it.o
                0x00000000080024b8                DebugMon_Handler
 .text.PendSV_Handler
                0x00000000080024c6        0xe ./Core/Src/stm32f3xx_it.o
                0x00000000080024c6                PendSV_Handler
 .text.SysTick_Handler
                0x00000000080024d4       0x3c ./Core/Src/stm32f3xx_it.o
                0x00000000080024d4                SysTick_Handler
 .text.DMA1_Channel1_IRQHandler
                0x0000000008002510      0x124 ./Core/Src/stm32f3xx_it.o
                0x0000000008002510                DMA1_Channel1_IRQHandler
 .text.DMA1_Channel7_IRQHandler
                0x0000000008002634       0x88 ./Core/Src/stm32f3xx_it.o
                0x0000000008002634                DMA1_Channel7_IRQHandler
 .text.TIM1_TRG_COM_TIM17_IRQHandler
                0x00000000080026bc       0xa4 ./Core/Src/stm32f3xx_it.o
                0x00000000080026bc                TIM1_TRG_COM_TIM17_IRQHandler
 .text.EXTI15_10_IRQHandler
                0x0000000008002760       0x30 ./Core/Src/stm32f3xx_it.o
                0x0000000008002760                EXTI15_10_IRQHandler
 .text.TIM6_DAC_IRQHandler
                0x0000000008002790       0xb8 ./Core/Src/stm32f3xx_it.o
                0x0000000008002790                TIM6_DAC_IRQHandler
 .text._read    0x0000000008002848       0x3a ./Core/Src/syscalls.o
                0x0000000008002848                _read
 .text._write   0x0000000008002882       0x38 ./Core/Src/syscalls.o
                0x0000000008002882                _write
 .text._close   0x00000000080028ba       0x18 ./Core/Src/syscalls.o
                0x00000000080028ba                _close
 .text._fstat   0x00000000080028d2       0x20 ./Core/Src/syscalls.o
                0x00000000080028d2                _fstat
 .text._isatty  0x00000000080028f2       0x16 ./Core/Src/syscalls.o
                0x00000000080028f2                _isatty
 .text._lseek   0x0000000008002908       0x1a ./Core/Src/syscalls.o
                0x0000000008002908                _lseek
 *fill*         0x0000000008002922        0x2 
 .text._sbrk    0x0000000008002924       0x6c ./Core/Src/sysmem.o
                0x0000000008002924                _sbrk
 .text.SystemInit
                0x0000000008002990       0x24 ./Core/Src/system_stm32f3xx.o
                0x0000000008002990                SystemInit
 .text.Reset_Handler
                0x00000000080029b4       0x50 ./Core/Startup/startup_stm32f302r8tx.o
                0x00000000080029b4                Reset_Handler
 .text.Default_Handler
                0x0000000008002a04        0x2 ./Core/Startup/startup_stm32f302r8tx.o
                0x0000000008002a04                RTC_Alarm_IRQHandler
                0x0000000008002a04                TIM1_CC_IRQHandler
                0x0000000008002a04                USB_HP_IRQHandler
                0x0000000008002a04                PVD_IRQHandler
                0x0000000008002a04                TAMP_STAMP_IRQHandler
                0x0000000008002a04                EXTI3_IRQHandler
                0x0000000008002a04                I2C3_ER_IRQHandler
                0x0000000008002a04                USB_HP_CAN_TX_IRQHandler
                0x0000000008002a04                EXTI0_IRQHandler
                0x0000000008002a04                I2C2_EV_IRQHandler
                0x0000000008002a04                FPU_IRQHandler
                0x0000000008002a04                TIM1_UP_TIM16_IRQHandler
                0x0000000008002a04                CAN_SCE_IRQHandler
                0x0000000008002a04                DMA1_Channel4_IRQHandler
                0x0000000008002a04                ADC1_IRQHandler
                0x0000000008002a04                USART3_IRQHandler
                0x0000000008002a04                CAN_RX1_IRQHandler
                0x0000000008002a04                I2C1_EV_IRQHandler
                0x0000000008002a04                DMA1_Channel6_IRQHandler
                0x0000000008002a04                RCC_IRQHandler
                0x0000000008002a04                Default_Handler
                0x0000000008002a04                USBWakeUp_RMP_IRQHandler
                0x0000000008002a04                COMP2_IRQHandler
                0x0000000008002a04                I2C3_EV_IRQHandler
                0x0000000008002a04                EXTI9_5_IRQHandler
                0x0000000008002a04                RTC_WKUP_IRQHandler
                0x0000000008002a04                SPI2_IRQHandler
                0x0000000008002a04                USB_LP_CAN_RX0_IRQHandler
                0x0000000008002a04                DMA1_Channel5_IRQHandler
                0x0000000008002a04                USB_LP_IRQHandler
                0x0000000008002a04                EXTI4_IRQHandler
                0x0000000008002a04                DMA1_Channel3_IRQHandler
                0x0000000008002a04                WWDG_IRQHandler
                0x0000000008002a04                TIM2_IRQHandler
                0x0000000008002a04                EXTI1_IRQHandler
                0x0000000008002a04                COMP4_6_IRQHandler
                0x0000000008002a04                USART2_IRQHandler
                0x0000000008002a04                I2C2_ER_IRQHandler
                0x0000000008002a04                DMA1_Channel2_IRQHandler
                0x0000000008002a04                FLASH_IRQHandler
                0x0000000008002a04                USART1_IRQHandler
                0x0000000008002a04                SPI3_IRQHandler
                0x0000000008002a04                I2C1_ER_IRQHandler
                0x0000000008002a04                USBWakeUp_IRQHandler
                0x0000000008002a04                EXTI2_TSC_IRQHandler
                0x0000000008002a04                TIM1_BRK_TIM15_IRQHandler
 *fill*         0x0000000008002a06        0x2 
 .text.HAL_Init
                0x0000000008002a08       0x2c ./Drivers/STM32F3xx_HAL_Driver/Src/stm32f3xx_hal.o
                0x0000000008002a08                HAL_Init
 .text.HAL_InitTick
                0x0000000008002a34       0x60 ./Drivers/STM32F3xx_HAL_Driver/Src/stm32f3xx_hal.o
                0x0000000008002a34                HAL_InitTick
 .text.HAL_IncTick
                0x0000000008002a94       0x28 ./Drivers/STM32F3xx_HAL_Driver/Src/stm32f3xx_hal.o
                0x0000000008002a94                HAL_IncTick
 .text.HAL_GetTick
                0x0000000008002abc       0x18 ./Drivers/STM32F3xx_HAL_Driver/Src/stm32f3xx_hal.o
                0x0000000008002abc                HAL_GetTick
 .text.HAL_Delay
                0x0000000008002ad4       0x48 ./Drivers/STM32F3xx_HAL_Driver/Src/stm32f3xx_hal.o
                0x0000000008002ad4                HAL_Delay
 .text.HAL_ADC_Init
                0x0000000008002b1c      0x30c ./Drivers/STM32F3xx_HAL_Driver/Src/stm32f3xx_hal_adc_ex.o
                0x0000000008002b1c                HAL_ADC_Init
 .text.HAL_ADC_Start
                0x0000000008002e28       0xda ./Drivers/STM32F3xx_HAL_Driver/Src/stm32f3xx_hal_adc_ex.o
                0x0000000008002e28                HAL_ADC_Start
 .text.HAL_ADC_Stop
                0x0000000008002f02       0x6a ./Drivers/STM32F3xx_HAL_Driver/Src/stm32f3xx_hal_adc_ex.o
                0x0000000008002f02                HAL_ADC_Stop
 .text.HAL_ADC_ConfigChannel
                0x0000000008002f6c      0x56c ./Drivers/STM32F3xx_HAL_Driver/Src/stm32f3xx_hal_adc_ex.o
                0x0000000008002f6c                HAL_ADC_ConfigChannel
 .text.ADC_Enable
                0x00000000080034d8       0xc8 ./Drivers/STM32F3xx_HAL_Driver/Src/stm32f3xx_hal_adc_ex.o
 .text.ADC_Disable
                0x00000000080035a0       0xcc ./Drivers/STM32F3xx_HAL_Driver/Src/stm32f3xx_hal_adc_ex.o
 .text.ADC_ConversionStop
                0x000000000800366c      0x16c ./Drivers/STM32F3xx_HAL_Driver/Src/stm32f3xx_hal_adc_ex.o
 .text.__NVIC_SetPriorityGrouping
                0x00000000080037d8       0x48 ./Drivers/STM32F3xx_HAL_Driver/Src/stm32f3xx_hal_cortex.o
 .text.__NVIC_GetPriorityGrouping
                0x0000000008003820       0x1c ./Drivers/STM32F3xx_HAL_Driver/Src/stm32f3xx_hal_cortex.o
 .text.__NVIC_EnableIRQ
                0x000000000800383c       0x3c ./Drivers/STM32F3xx_HAL_Driver/Src/stm32f3xx_hal_cortex.o
 .text.__NVIC_SetPriority
                0x0000000008003878       0x54 ./Drivers/STM32F3xx_HAL_Driver/Src/stm32f3xx_hal_cortex.o
 .text.NVIC_EncodePriority
                0x00000000080038cc       0x66 ./Drivers/STM32F3xx_HAL_Driver/Src/stm32f3xx_hal_cortex.o
 *fill*         0x0000000008003932        0x2 
 .text.SysTick_Config
                0x0000000008003934       0x44 ./Drivers/STM32F3xx_HAL_Driver/Src/stm32f3xx_hal_cortex.o
 .text.HAL_NVIC_SetPriorityGrouping
                0x0000000008003978       0x16 ./Drivers/STM32F3xx_HAL_Driver/Src/stm32f3xx_hal_cortex.o
                0x0000000008003978                HAL_NVIC_SetPriorityGrouping
 .text.HAL_NVIC_SetPriority
                0x000000000800398e       0x38 ./Drivers/STM32F3xx_HAL_Driver/Src/stm32f3xx_hal_cortex.o
                0x000000000800398e                HAL_NVIC_SetPriority
 .text.HAL_NVIC_EnableIRQ
                0x00000000080039c6       0x1c ./Drivers/STM32F3xx_HAL_Driver/Src/stm32f3xx_hal_cortex.o
                0x00000000080039c6                HAL_NVIC_EnableIRQ
 .text.HAL_SYSTICK_Config
                0x00000000080039e2       0x18 ./Drivers/STM32F3xx_HAL_Driver/Src/stm32f3xx_hal_cortex.o
                0x00000000080039e2                HAL_SYSTICK_Config
 .text.HAL_DAC_Init
                0x00000000080039fa       0x44 ./Drivers/STM32F3xx_HAL_Driver/Src/stm32f3xx_hal_dac.o
                0x00000000080039fa                HAL_DAC_Init
 .text.HAL_DAC_DMAUnderrunCallbackCh1
                0x0000000008003a3e       0x14 ./Drivers/STM32F3xx_HAL_Driver/Src/stm32f3xx_hal_dac.o
                0x0000000008003a3e                HAL_DAC_DMAUnderrunCallbackCh1
 .text.HAL_DAC_IRQHandler
                0x0000000008003a52       0x62 ./Drivers/STM32F3xx_HAL_Driver/Src/stm32f3xx_hal_dac_ex.o
                0x0000000008003a52                HAL_DAC_IRQHandler
 .text.HAL_DAC_ConfigChannel
                0x0000000008003ab4       0x9a ./Drivers/STM32F3xx_HAL_Driver/Src/stm32f3xx_hal_dac_ex.o
                0x0000000008003ab4                HAL_DAC_ConfigChannel
 .text.HAL_DMA_Init
                0x0000000008003b4e       0x8e ./Drivers/STM32F3xx_HAL_Driver/Src/stm32f3xx_hal_dma.o
                0x0000000008003b4e                HAL_DMA_Init
 .text.HAL_DMA_Start_IT
                0x0000000008003bdc       0xbe ./Drivers/STM32F3xx_HAL_Driver/Src/stm32f3xx_hal_dma.o
                0x0000000008003bdc                HAL_DMA_Start_IT
 .text.HAL_DMA_Abort_IT
                0x0000000008003c9a       0x7c ./Drivers/STM32F3xx_HAL_Driver/Src/stm32f3xx_hal_dma.o
                0x0000000008003c9a                HAL_DMA_Abort_IT
 .text.HAL_DMA_IRQHandler
                0x0000000008003d16      0x146 ./Drivers/STM32F3xx_HAL_Driver/Src/stm32f3xx_hal_dma.o
                0x0000000008003d16                HAL_DMA_IRQHandler
 .text.DMA_SetConfig
                0x0000000008003e5c       0x5c ./Drivers/STM32F3xx_HAL_Driver/Src/stm32f3xx_hal_dma.o
 .text.DMA_CalcBaseAndBitshift
                0x0000000008003eb8       0x40 ./Drivers/STM32F3xx_HAL_Driver/Src/stm32f3xx_hal_dma.o
 .text.HAL_GPIO_Init
                0x0000000008003ef8      0x2e4 ./Drivers/STM32F3xx_HAL_Driver/Src/stm32f3xx_hal_gpio.o
                0x0000000008003ef8                HAL_GPIO_Init
 .text.HAL_GPIO_ReadPin
                0x00000000080041dc       0x30 ./Drivers/STM32F3xx_HAL_Driver/Src/stm32f3xx_hal_gpio.o
                0x00000000080041dc                HAL_GPIO_ReadPin
 .text.HAL_GPIO_WritePin
                0x000000000800420c       0x30 ./Drivers/STM32F3xx_HAL_Driver/Src/stm32f3xx_hal_gpio.o
                0x000000000800420c                HAL_GPIO_WritePin
 .text.HAL_GPIO_EXTI_IRQHandler
                0x000000000800423c       0x30 ./Drivers/STM32F3xx_HAL_Driver/Src/stm32f3xx_hal_gpio.o
                0x000000000800423c                HAL_GPIO_EXTI_IRQHandler
 .text.HAL_I2C_Init
                0x000000000800426c      0x11e ./Drivers/STM32F3xx_HAL_Driver/Src/stm32f3xx_hal_i2c.o
                0x000000000800426c                HAL_I2C_Init
 *fill*         0x000000000800438a        0x2 
 .text.HAL_I2C_Master_Transmit
                0x000000000800438c      0x1e8 ./Drivers/STM32F3xx_HAL_Driver/Src/stm32f3xx_hal_i2c.o
                0x000000000800438c                HAL_I2C_Master_Transmit
 .text.I2C_Flush_TXDR
                0x0000000008004574       0x48 ./Drivers/STM32F3xx_HAL_Driver/Src/stm32f3xx_hal_i2c.o
 .text.I2C_WaitOnFlagUntilTimeout
                0x00000000080045bc       0x9e ./Drivers/STM32F3xx_HAL_Driver/Src/stm32f3xx_hal_i2c.o
 .text.I2C_WaitOnTXISFlagUntilTimeout
                0x000000000800465a       0x8e ./Drivers/STM32F3xx_HAL_Driver/Src/stm32f3xx_hal_i2c.o
 .text.I2C_WaitOnSTOPFlagUntilTimeout
                0x00000000080046e8       0x86 ./Drivers/STM32F3xx_HAL_Driver/Src/stm32f3xx_hal_i2c.o
 *fill*         0x000000000800476e        0x2 
 .text.I2C_IsErrorOccurred
                0x0000000008004770      0x1c0 ./Drivers/STM32F3xx_HAL_Driver/Src/stm32f3xx_hal_i2c.o
 .text.I2C_TransferConfig
                0x0000000008004930       0x64 ./Drivers/STM32F3xx_HAL_Driver/Src/stm32f3xx_hal_i2c.o
 .text.HAL_I2CEx_ConfigAnalogFilter
                0x0000000008004994       0x96 ./Drivers/STM32F3xx_HAL_Driver/Src/stm32f3xx_hal_i2c_ex.o
                0x0000000008004994                HAL_I2CEx_ConfigAnalogFilter
 .text.HAL_I2CEx_ConfigDigitalFilter
                0x0000000008004a2a       0x98 ./Drivers/STM32F3xx_HAL_Driver/Src/stm32f3xx_hal_i2c_ex.o
                0x0000000008004a2a                HAL_I2CEx_ConfigDigitalFilter
 *fill*         0x0000000008004ac2        0x2 
 .text.HAL_RCC_OscConfig
                0x0000000008004ac4     0x107c ./Drivers/STM32F3xx_HAL_Driver/Src/stm32f3xx_hal_rcc.o
                0x0000000008004ac4                HAL_RCC_OscConfig
 .text.HAL_RCC_ClockConfig
                0x0000000008005b40      0x2f8 ./Drivers/STM32F3xx_HAL_Driver/Src/stm32f3xx_hal_rcc.o
                0x0000000008005b40                HAL_RCC_ClockConfig
 .text.HAL_RCC_GetSysClockFreq
                0x0000000008005e38       0xd4 ./Drivers/STM32F3xx_HAL_Driver/Src/stm32f3xx_hal_rcc.o
                0x0000000008005e38                HAL_RCC_GetSysClockFreq
 .text.HAL_RCC_GetHCLKFreq
                0x0000000008005f0c       0x18 ./Drivers/STM32F3xx_HAL_Driver/Src/stm32f3xx_hal_rcc.o
                0x0000000008005f0c                HAL_RCC_GetHCLKFreq
 .text.HAL_RCC_GetPCLK1Freq
                0x0000000008005f24       0x44 ./Drivers/STM32F3xx_HAL_Driver/Src/stm32f3xx_hal_rcc.o
                0x0000000008005f24                HAL_RCC_GetPCLK1Freq
 .text.HAL_RCC_GetPCLK2Freq
                0x0000000008005f68       0x44 ./Drivers/STM32F3xx_HAL_Driver/Src/stm32f3xx_hal_rcc.o
                0x0000000008005f68                HAL_RCC_GetPCLK2Freq
 .text.HAL_RCCEx_PeriphCLKConfig
                0x0000000008005fac      0x324 ./Drivers/STM32F3xx_HAL_Driver/Src/stm32f3xx_hal_rcc_ex.o
                0x0000000008005fac                HAL_RCCEx_PeriphCLKConfig
 .text.HAL_SPI_Init
                0x00000000080062d0      0x156 ./Drivers/STM32F3xx_HAL_Driver/Src/stm32f3xx_hal_spi.o
                0x00000000080062d0                HAL_SPI_Init
 .text.HAL_SPI_Transmit
                0x0000000008006426      0x2ea ./Drivers/STM32F3xx_HAL_Driver/Src/stm32f3xx_hal_spi.o
                0x0000000008006426                HAL_SPI_Transmit
 .text.HAL_SPI_TransmitReceive
                0x0000000008006710      0x444 ./Drivers/STM32F3xx_HAL_Driver/Src/stm32f3xx_hal_spi.o
                0x0000000008006710                HAL_SPI_TransmitReceive
 .text.SPI_WaitFlagStateUntilTimeout
                0x0000000008006b54      0x110 ./Drivers/STM32F3xx_HAL_Driver/Src/stm32f3xx_hal_spi.o
 .text.SPI_WaitFifoStateUntilTimeout
                0x0000000008006c64      0x12c ./Drivers/STM32F3xx_HAL_Driver/Src/stm32f3xx_hal_spi.o
 .text.SPI_EndRxTxTransaction
                0x0000000008006d90       0x8c ./Drivers/STM32F3xx_HAL_Driver/Src/stm32f3xx_hal_spi.o
 .text.HAL_TIM_Base_Init
                0x0000000008006e1c       0xae ./Drivers/STM32F3xx_HAL_Driver/Src/stm32f3xx_hal_tim.o
                0x0000000008006e1c                HAL_TIM_Base_Init
 *fill*         0x0000000008006eca        0x2 
 .text.HAL_TIM_Base_Start_IT
                0x0000000008006ecc       0xa8 ./Drivers/STM32F3xx_HAL_Driver/Src/stm32f3xx_hal_tim.o
                0x0000000008006ecc                HAL_TIM_Base_Start_IT
 .text.HAL_TIM_Base_Stop_IT
                0x0000000008006f74       0x5e ./Drivers/STM32F3xx_HAL_Driver/Src/stm32f3xx_hal_tim.o
                0x0000000008006f74                HAL_TIM_Base_Stop_IT
 .text.HAL_TIM_PWM_Init
                0x0000000008006fd2       0xae ./Drivers/STM32F3xx_HAL_Driver/Src/stm32f3xx_hal_tim.o
                0x0000000008006fd2                HAL_TIM_PWM_Init
 .text.HAL_TIM_PWM_MspInit
                0x0000000008007080       0x14 ./Drivers/STM32F3xx_HAL_Driver/Src/stm32f3xx_hal_tim.o
                0x0000000008007080                HAL_TIM_PWM_MspInit
 .text.HAL_TIM_PWM_Start
                0x0000000008007094      0x1cc ./Drivers/STM32F3xx_HAL_Driver/Src/stm32f3xx_hal_tim.o
                0x0000000008007094                HAL_TIM_PWM_Start
 .text.HAL_TIM_PWM_Stop
                0x0000000008007260      0x11c ./Drivers/STM32F3xx_HAL_Driver/Src/stm32f3xx_hal_tim.o
                0x0000000008007260                HAL_TIM_PWM_Stop
 .text.HAL_TIM_PWM_Start_DMA
                0x000000000800737c      0x3fc ./Drivers/STM32F3xx_HAL_Driver/Src/stm32f3xx_hal_tim.o
                0x000000000800737c                HAL_TIM_PWM_Start_DMA
 .text.HAL_TIM_PWM_Stop_DMA
                0x0000000008007778      0x1e0 ./Drivers/STM32F3xx_HAL_Driver/Src/stm32f3xx_hal_tim.o
                0x0000000008007778                HAL_TIM_PWM_Stop_DMA
 .text.HAL_TIM_IRQHandler
                0x0000000008007958      0x23e ./Drivers/STM32F3xx_HAL_Driver/Src/stm32f3xx_hal_tim.o
                0x0000000008007958                HAL_TIM_IRQHandler
 *fill*         0x0000000008007b96        0x2 
 .text.HAL_TIM_PWM_ConfigChannel
                0x0000000008007b98      0x228 ./Drivers/STM32F3xx_HAL_Driver/Src/stm32f3xx_hal_tim.o
                0x0000000008007b98                HAL_TIM_PWM_ConfigChannel
 .text.HAL_TIM_PeriodElapsedCallback
                0x0000000008007dc0       0x14 ./Drivers/STM32F3xx_HAL_Driver/Src/stm32f3xx_hal_tim.o
                0x0000000008007dc0                HAL_TIM_PeriodElapsedCallback
 .text.HAL_TIM_OC_DelayElapsedCallback
                0x0000000008007dd4       0x14 ./Drivers/STM32F3xx_HAL_Driver/Src/stm32f3xx_hal_tim.o
                0x0000000008007dd4                HAL_TIM_OC_DelayElapsedCallback
 .text.HAL_TIM_IC_CaptureCallback
                0x0000000008007de8       0x14 ./Drivers/STM32F3xx_HAL_Driver/Src/stm32f3xx_hal_tim.o
                0x0000000008007de8                HAL_TIM_IC_CaptureCallback
 .text.HAL_TIM_PWM_PulseFinishedCallback
                0x0000000008007dfc       0x14 ./Drivers/STM32F3xx_HAL_Driver/Src/stm32f3xx_hal_tim.o
                0x0000000008007dfc                HAL_TIM_PWM_PulseFinishedCallback
 .text.HAL_TIM_PWM_PulseFinishedHalfCpltCallback
                0x0000000008007e10       0x14 ./Drivers/STM32F3xx_HAL_Driver/Src/stm32f3xx_hal_tim.o
                0x0000000008007e10                HAL_TIM_PWM_PulseFinishedHalfCpltCallback
 .text.HAL_TIM_TriggerCallback
                0x0000000008007e24       0x14 ./Drivers/STM32F3xx_HAL_Driver/Src/stm32f3xx_hal_tim.o
                0x0000000008007e24                HAL_TIM_TriggerCallback
 .text.HAL_TIM_ErrorCallback
                0x0000000008007e38       0x14 ./Drivers/STM32F3xx_HAL_Driver/Src/stm32f3xx_hal_tim.o
                0x0000000008007e38                HAL_TIM_ErrorCallback
 .text.TIM_DMAError
                0x0000000008007e4c       0x92 ./Drivers/STM32F3xx_HAL_Driver/Src/stm32f3xx_hal_tim.o
                0x0000000008007e4c                TIM_DMAError
 .text.TIM_DMADelayPulseCplt
                0x0000000008007ede       0xa8 ./Drivers/STM32F3xx_HAL_Driver/Src/stm32f3xx_hal_tim.o
 .text.TIM_DMADelayPulseHalfCplt
                0x0000000008007f86       0x68 ./Drivers/STM32F3xx_HAL_Driver/Src/stm32f3xx_hal_tim.o
                0x0000000008007f86                TIM_DMADelayPulseHalfCplt
 *fill*         0x0000000008007fee        0x2 
 .text.TIM_Base_SetConfig
                0x0000000008007ff0       0xdc ./Drivers/STM32F3xx_HAL_Driver/Src/stm32f3xx_hal_tim.o
                0x0000000008007ff0                TIM_Base_SetConfig
 .text.TIM_OC1_SetConfig
                0x00000000080080cc      0x10c ./Drivers/STM32F3xx_HAL_Driver/Src/stm32f3xx_hal_tim.o
 .text.TIM_OC2_SetConfig
                0x00000000080081d8      0x100 ./Drivers/STM32F3xx_HAL_Driver/Src/stm32f3xx_hal_tim.o
                0x00000000080081d8                TIM_OC2_SetConfig
 .text.TIM_OC3_SetConfig
                0x00000000080082d8       0xfc ./Drivers/STM32F3xx_HAL_Driver/Src/stm32f3xx_hal_tim.o
 .text.TIM_OC4_SetConfig
                0x00000000080083d4       0xc8 ./Drivers/STM32F3xx_HAL_Driver/Src/stm32f3xx_hal_tim.o
 .text.TIM_OC5_SetConfig
                0x000000000800849c       0xbc ./Drivers/STM32F3xx_HAL_Driver/Src/stm32f3xx_hal_tim.o
 .text.TIM_OC6_SetConfig
                0x0000000008008558       0xc0 ./Drivers/STM32F3xx_HAL_Driver/Src/stm32f3xx_hal_tim.o
 .text.TIM_CCxChannelCmd
                0x0000000008008618       0x4a ./Drivers/STM32F3xx_HAL_Driver/Src/stm32f3xx_hal_tim.o
                0x0000000008008618                TIM_CCxChannelCmd
 *fill*         0x0000000008008662        0x2 
 .text.HAL_TIMEx_MasterConfigSynchronization
                0x0000000008008664       0xcc ./Drivers/STM32F3xx_HAL_Driver/Src/stm32f3xx_hal_tim_ex.o
                0x0000000008008664                HAL_TIMEx_MasterConfigSynchronization
 .text.HAL_TIMEx_ConfigBreakDeadTime
                0x0000000008008730       0xf0 ./Drivers/STM32F3xx_HAL_Driver/Src/stm32f3xx_hal_tim_ex.o
                0x0000000008008730                HAL_TIMEx_ConfigBreakDeadTime
 .text.HAL_TIMEx_CommutCallback
                0x0000000008008820       0x14 ./Drivers/STM32F3xx_HAL_Driver/Src/stm32f3xx_hal_tim_ex.o
                0x0000000008008820                HAL_TIMEx_CommutCallback
 .text.HAL_TIMEx_BreakCallback
                0x0000000008008834       0x14 ./Drivers/STM32F3xx_HAL_Driver/Src/stm32f3xx_hal_tim_ex.o
                0x0000000008008834                HAL_TIMEx_BreakCallback
 .text.HAL_TIMEx_Break2Callback
                0x0000000008008848       0x14 ./Drivers/STM32F3xx_HAL_Driver/Src/stm32f3xx_hal_tim_ex.o
                0x0000000008008848                HAL_TIMEx_Break2Callback
 .text.HAL_UART_Init
                0x000000000800885c       0x9c ./Drivers/STM32F3xx_HAL_Driver/Src/stm32f3xx_hal_uart.o
                0x000000000800885c                HAL_UART_Init
 .text.HAL_UART_Transmit
                0x00000000080088f8      0x114 ./Drivers/STM32F3xx_HAL_Driver/Src/stm32f3xx_hal_uart.o
                0x00000000080088f8                HAL_UART_Transmit
 .text.UART_SetConfig
                0x0000000008008a0c      0x26c ./Drivers/STM32F3xx_HAL_Driver/Src/stm32f3xx_hal_uart.o
                0x0000000008008a0c                UART_SetConfig
 .text.UART_AdvFeatureConfig
                0x0000000008008c78      0x144 ./Drivers/STM32F3xx_HAL_Driver/Src/stm32f3xx_hal_uart.o
                0x0000000008008c78                UART_AdvFeatureConfig
 .text.UART_CheckIdleState
                0x0000000008008dbc      0x150 ./Drivers/STM32F3xx_HAL_Driver/Src/stm32f3xx_hal_uart.o
                0x0000000008008dbc                UART_CheckIdleState
 .text.UART_WaitOnFlagUntilTimeout
                0x0000000008008f0c       0xce ./Drivers/STM32F3xx_HAL_Driver/Src/stm32f3xx_hal_uart.o
                0x0000000008008f0c                UART_WaitOnFlagUntilTimeout
 .text.UART_EndRxTransfer
                0x0000000008008fda       0xc8 ./Drivers/STM32F3xx_HAL_Driver/Src/stm32f3xx_hal_uart.o
 *fill*         0x00000000080090a2        0x2 
 .text.MX_FATFS_Init
                0x00000000080090a4       0x24 ./FATFS/App/fatfs.o
                0x00000000080090a4                MX_FATFS_Init
 .text.get_fattime
                0x00000000080090c8       0x10 ./FATFS/App/fatfs.o
                0x00000000080090c8                get_fattime
 .text.USER_initialize
                0x00000000080090d8       0x1c ./FATFS/Target/user_diskio.o
                0x00000000080090d8                USER_initialize
 .text.USER_status
                0x00000000080090f4       0x1c ./FATFS/Target/user_diskio.o
                0x00000000080090f4                USER_status
 .text.USER_read
                0x0000000008009110       0x26 ./FATFS/Target/user_diskio.o
                0x0000000008009110                USER_read
 .text.USER_write
                0x0000000008009136       0x26 ./FATFS/Target/user_diskio.o
                0x0000000008009136                USER_write
 .text.USER_ioctl
                0x000000000800915c       0x26 ./FATFS/Target/user_diskio.o
                0x000000000800915c                USER_ioctl
 *fill*         0x0000000008009182        0x2 
 .text.disk_status
                0x0000000008009184       0x34 ./Middlewares/Third_Party/FatFs/src/diskio.o
                0x0000000008009184                disk_status
 .text.disk_initialize
                0x00000000080091b8       0x4c ./Middlewares/Third_Party/FatFs/src/diskio.o
                0x00000000080091b8                disk_initialize
 .text.disk_read
                0x0000000008009204       0x40 ./Middlewares/Third_Party/FatFs/src/diskio.o
                0x0000000008009204                disk_read
 .text.disk_write
                0x0000000008009244       0x40 ./Middlewares/Third_Party/FatFs/src/diskio.o
                0x0000000008009244                disk_write
 .text.disk_ioctl
                0x0000000008009284       0x3c ./Middlewares/Third_Party/FatFs/src/diskio.o
                0x0000000008009284                disk_ioctl
 .text.mem_cpy  0x00000000080092c0       0x3e ./Middlewares/Third_Party/FatFs/src/ff.o
 .text.mem_set  0x00000000080092fe       0x36 ./Middlewares/Third_Party/FatFs/src/ff.o
 .text.mem_cmp  0x0000000008009334       0x4e ./Middlewares/Third_Party/FatFs/src/ff.o
 .text.chk_chr  0x0000000008009382       0x36 ./Middlewares/Third_Party/FatFs/src/ff.o
 .text.chk_lock
                0x00000000080093b8       0xe0 ./Middlewares/Third_Party/FatFs/src/ff.o
 .text.enq_lock
                0x0000000008009498       0x48 ./Middlewares/Third_Party/FatFs/src/ff.o
 .text.inc_lock
                0x00000000080094e0      0x17c ./Middlewares/Third_Party/FatFs/src/ff.o
 .text.dec_lock
                0x000000000800965c       0x88 ./Middlewares/Third_Party/FatFs/src/ff.o
 .text.clear_lock
                0x00000000080096e4       0x54 ./Middlewares/Third_Party/FatFs/src/ff.o
 .text.sync_window
                0x0000000008009738       0xa4 ./Middlewares/Third_Party/FatFs/src/ff.o
 .text.move_window
                0x00000000080097dc       0x64 ./Middlewares/Third_Party/FatFs/src/ff.o
 .text.sync_fs  0x0000000008009840      0x17e ./Middlewares/Third_Party/FatFs/src/ff.o
 .text.clust2sect
                0x00000000080099be       0x4a ./Middlewares/Third_Party/FatFs/src/ff.o
                0x00000000080099be                clust2sect
 .text.get_fat  0x0000000008009a08      0x1f8 ./Middlewares/Third_Party/FatFs/src/ff.o
                0x0000000008009a08                get_fat
 .text.put_fat  0x0000000008009c00      0x2a6 ./Middlewares/Third_Party/FatFs/src/ff.o
                0x0000000008009c00                put_fat
 .text.remove_chain
                0x0000000008009ea6       0xc2 ./Middlewares/Third_Party/FatFs/src/ff.o
 .text.create_chain
                0x0000000008009f68      0x150 ./Middlewares/Third_Party/FatFs/src/ff.o
 .text.clmt_clust
                0x000000000800a0b8       0x82 ./Middlewares/Third_Party/FatFs/src/ff.o
 .text.dir_sdi  0x000000000800a13a      0x19c ./Middlewares/Third_Party/FatFs/src/ff.o
 .text.dir_next
                0x000000000800a2d6      0x294 ./Middlewares/Third_Party/FatFs/src/ff.o
 .text.dir_alloc
                0x000000000800a56a       0x9c ./Middlewares/Third_Party/FatFs/src/ff.o
 .text.ld_clust
                0x000000000800a606       0x5e ./Middlewares/Third_Party/FatFs/src/ff.o
 .text.st_clust
                0x000000000800a664       0x4e ./Middlewares/Third_Party/FatFs/src/ff.o
 *fill*         0x000000000800a6b2        0x2 
 .text.cmp_lfn  0x000000000800a6b4       0xdc ./Middlewares/Third_Party/FatFs/src/ff.o
 .text.pick_lfn
                0x000000000800a790       0xc8 ./Middlewares/Third_Party/FatFs/src/ff.o
 .text.fit_lfn  0x000000000800a858       0xec ./Middlewares/Third_Party/FatFs/src/ff.o
 .text.gen_numname
                0x000000000800a944      0x11c ./Middlewares/Third_Party/FatFs/src/ff.o
 .text.sum_sfn  0x000000000800aa60       0x42 ./Middlewares/Third_Party/FatFs/src/ff.o
 .text.dir_find
                0x000000000800aaa2      0x198 ./Middlewares/Third_Party/FatFs/src/ff.o
 .text.dir_read
                0x000000000800ac3a      0x164 ./Middlewares/Third_Party/FatFs/src/ff.o
 *fill*         0x000000000800ad9e        0x2 
 .text.dir_register
                0x000000000800ada0      0x248 ./Middlewares/Third_Party/FatFs/src/ff.o
 .text.get_fileinfo
                0x000000000800afe8      0x1a6 ./Middlewares/Third_Party/FatFs/src/ff.o
 *fill*         0x000000000800b18e        0x2 
 .text.create_name
                0x000000000800b190      0x37c ./Middlewares/Third_Party/FatFs/src/ff.o
 .text.follow_path
                0x000000000800b50c       0xec ./Middlewares/Third_Party/FatFs/src/ff.o
 .text.get_ldnumber
                0x000000000800b5f8       0x88 ./Middlewares/Third_Party/FatFs/src/ff.o
 .text.check_fs
                0x000000000800b680       0xdc ./Middlewares/Third_Party/FatFs/src/ff.o
 .text.find_volume
                0x000000000800b75c      0x664 ./Middlewares/Third_Party/FatFs/src/ff.o
 .text.validate
                0x000000000800bdc0       0x76 ./Middlewares/Third_Party/FatFs/src/ff.o
 *fill*         0x000000000800be36        0x2 
 .text.f_mount  0x000000000800be38       0x94 ./Middlewares/Third_Party/FatFs/src/ff.o
                0x000000000800be38                f_mount
 .text.f_open   0x000000000800becc      0x630 ./Middlewares/Third_Party/FatFs/src/ff.o
                0x000000000800becc                f_open
 .text.f_read   0x000000000800c4fc      0x3d0 ./Middlewares/Third_Party/FatFs/src/ff.o
                0x000000000800c4fc                f_read
 .text.f_write  0x000000000800c8cc      0x472 ./Middlewares/Third_Party/FatFs/src/ff.o
                0x000000000800c8cc                f_write
 .text.f_sync   0x000000000800cd3e      0x19c ./Middlewares/Third_Party/FatFs/src/ff.o
                0x000000000800cd3e                f_sync
 .text.f_close  0x000000000800ceda       0x56 ./Middlewares/Third_Party/FatFs/src/ff.o
                0x000000000800ceda                f_close
 .text.f_lseek  0x000000000800cf30      0x5e2 ./Middlewares/Third_Party/FatFs/src/ff.o
                0x000000000800cf30                f_lseek
 *fill*         0x000000000800d512        0x2 
 .text.f_opendir
                0x000000000800d514      0x134 ./Middlewares/Third_Party/FatFs/src/ff.o
                0x000000000800d514                f_opendir
 .text.f_readdir
                0x000000000800d648       0xa8 ./Middlewares/Third_Party/FatFs/src/ff.o
                0x000000000800d648                f_readdir
 .text.FATFS_LinkDriverEx
                0x000000000800d6f0       0x98 ./Middlewares/Third_Party/FatFs/src/ff_gen_drv.o
                0x000000000800d6f0                FATFS_LinkDriverEx
 .text.FATFS_LinkDriver
                0x000000000800d788       0x1e ./Middlewares/Third_Party/FatFs/src/ff_gen_drv.o
                0x000000000800d788                FATFS_LinkDriver
 *fill*         0x000000000800d7a6        0x2 
 .text.ff_convert
                0x000000000800d7a8       0x78 ./Middlewares/Third_Party/FatFs/src/option/ccsbcs.o
                0x000000000800d7a8                ff_convert
 .text.ff_wtoupper
                0x000000000800d820       0x5c ./Middlewares/Third_Party/FatFs/src/option/ccsbcs.o
                0x000000000800d820                ff_wtoupper
 .text.__errno  0x000000000800d87c        0xc e:/programs/stm_cube_ide/stm32cubeide_1.9.0/stm32cubeide/plugins/com.st.stm32cube.ide.mcu.externaltools.gnu-tools-for-stm32.10.3-2021.10.win32_1.0.0.202111181127/tools/bin/../lib/gcc/arm-none-eabi/10.3.1/../../../../arm-none-eabi/lib/thumb/v7e-m+fp/hard\libc_nano.a(lib_a-errno.o)
                0x000000000800d87c                __errno
 .text.__libc_init_array
                0x000000000800d888       0x48 e:/programs/stm_cube_ide/stm32cubeide_1.9.0/stm32cubeide/plugins/com.st.stm32cube.ide.mcu.externaltools.gnu-tools-for-stm32.10.3-2021.10.win32_1.0.0.202111181127/tools/bin/../lib/gcc/arm-none-eabi/10.3.1/../../../../arm-none-eabi/lib/thumb/v7e-m+fp/hard\libc_nano.a(lib_a-init.o)
                0x000000000800d888                __libc_init_array
 .text.memset   0x000000000800d8d0       0x10 e:/programs/stm_cube_ide/stm32cubeide_1.9.0/stm32cubeide/plugins/com.st.stm32cube.ide.mcu.externaltools.gnu-tools-for-stm32.10.3-2021.10.win32_1.0.0.202111181127/tools/bin/../lib/gcc/arm-none-eabi/10.3.1/../../../../arm-none-eabi/lib/thumb/v7e-m+fp/hard\libc_nano.a(lib_a-memset.o)
                0x000000000800d8d0                memset
 .text.printf   0x000000000800d8e0       0x30 e:/programs/stm_cube_ide/stm32cubeide_1.9.0/stm32cubeide/plugins/com.st.stm32cube.ide.mcu.externaltools.gnu-tools-for-stm32.10.3-2021.10.win32_1.0.0.202111181127/tools/bin/../lib/gcc/arm-none-eabi/10.3.1/../../../../arm-none-eabi/lib/thumb/v7e-m+fp/hard\libc_nano.a(lib_a-printf.o)
                0x000000000800d8e0                iprintf
                0x000000000800d8e0                printf
 .text._puts_r  0x000000000800d910       0xdc e:/programs/stm_cube_ide/stm32cubeide_1.9.0/stm32cubeide/plugins/com.st.stm32cube.ide.mcu.externaltools.gnu-tools-for-stm32.10.3-2021.10.win32_1.0.0.202111181127/tools/bin/../lib/gcc/arm-none-eabi/10.3.1/../../../../arm-none-eabi/lib/thumb/v7e-m+fp/hard\libc_nano.a(lib_a-puts.o)
                0x000000000800d910                _puts_r
 .text.puts     0x000000000800d9ec       0x10 e:/programs/stm_cube_ide/stm32cubeide_1.9.0/stm32cubeide/plugins/com.st.stm32cube.ide.mcu.externaltools.gnu-tools-for-stm32.10.3-2021.10.win32_1.0.0.202111181127/tools/bin/../lib/gcc/arm-none-eabi/10.3.1/../../../../arm-none-eabi/lib/thumb/v7e-m+fp/hard\libc_nano.a(lib_a-puts.o)
                0x000000000800d9ec                puts
 .text.sprintf  0x000000000800d9fc       0x40 e:/programs/stm_cube_ide/stm32cubeide_1.9.0/stm32cubeide/plugins/com.st.stm32cube.ide.mcu.externaltools.gnu-tools-for-stm32.10.3-2021.10.win32_1.0.0.202111181127/tools/bin/../lib/gcc/arm-none-eabi/10.3.1/../../../../arm-none-eabi/lib/thumb/v7e-m+fp/hard\libc_nano.a(lib_a-sprintf.o)
                0x000000000800d9fc                siprintf
                0x000000000800d9fc                sprintf
 .text.__swbuf_r
                0x000000000800da3c       0xa4 e:/programs/stm_cube_ide/stm32cubeide_1.9.0/stm32cubeide/plugins/com.st.stm32cube.ide.mcu.externaltools.gnu-tools-for-stm32.10.3-2021.10.win32_1.0.0.202111181127/tools/bin/../lib/gcc/arm-none-eabi/10.3.1/../../../../arm-none-eabi/lib/thumb/v7e-m+fp/hard\libc_nano.a(lib_a-wbuf.o)
                0x000000000800da3c                __swbuf_r
 .text.__swsetup_r
                0x000000000800dae0       0xdc e:/programs/stm_cube_ide/stm32cubeide_1.9.0/stm32cubeide/plugins/com.st.stm32cube.ide.mcu.externaltools.gnu-tools-for-stm32.10.3-2021.10.win32_1.0.0.202111181127/tools/bin/../lib/gcc/arm-none-eabi/10.3.1/../../../../arm-none-eabi/lib/thumb/v7e-m+fp/hard\libc_nano.a(lib_a-wsetup.o)
                0x000000000800dae0                __swsetup_r
 .text.__sflush_r
                0x000000000800dbbc      0x10c e:/programs/stm_cube_ide/stm32cubeide_1.9.0/stm32cubeide/plugins/com.st.stm32cube.ide.mcu.externaltools.gnu-tools-for-stm32.10.3-2021.10.win32_1.0.0.202111181127/tools/bin/../lib/gcc/arm-none-eabi/10.3.1/../../../../arm-none-eabi/lib/thumb/v7e-m+fp/hard\libc_nano.a(lib_a-fflush.o)
                0x000000000800dbbc                __sflush_r
 .text._fflush_r
                0x000000000800dcc8       0x78 e:/programs/stm_cube_ide/stm32cubeide_1.9.0/stm32cubeide/plugins/com.st.stm32cube.ide.mcu.externaltools.gnu-tools-for-stm32.10.3-2021.10.win32_1.0.0.202111181127/tools/bin/../lib/gcc/arm-none-eabi/10.3.1/../../../../arm-none-eabi/lib/thumb/v7e-m+fp/hard\libc_nano.a(lib_a-fflush.o)
                0x000000000800dcc8                _fflush_r
 .text.std      0x000000000800dd40       0x48 e:/programs/stm_cube_ide/stm32cubeide_1.9.0/stm32cubeide/plugins/com.st.stm32cube.ide.mcu.externaltools.gnu-tools-for-stm32.10.3-2021.10.win32_1.0.0.202111181127/tools/bin/../lib/gcc/arm-none-eabi/10.3.1/../../../../arm-none-eabi/lib/thumb/v7e-m+fp/hard\libc_nano.a(lib_a-findfp.o)
 .text._cleanup_r
                0x000000000800dd88        0xc e:/programs/stm_cube_ide/stm32cubeide_1.9.0/stm32cubeide/plugins/com.st.stm32cube.ide.mcu.externaltools.gnu-tools-for-stm32.10.3-2021.10.win32_1.0.0.202111181127/tools/bin/../lib/gcc/arm-none-eabi/10.3.1/../../../../arm-none-eabi/lib/thumb/v7e-m+fp/hard\libc_nano.a(lib_a-findfp.o)
                0x000000000800dd88                _cleanup_r
 .text.__sfmoreglue
                0x000000000800dd94       0x2c e:/programs/stm_cube_ide/stm32cubeide_1.9.0/stm32cubeide/plugins/com.st.stm32cube.ide.mcu.externaltools.gnu-tools-for-stm32.10.3-2021.10.win32_1.0.0.202111181127/tools/bin/../lib/gcc/arm-none-eabi/10.3.1/../../../../arm-none-eabi/lib/thumb/v7e-m+fp/hard\libc_nano.a(lib_a-findfp.o)
                0x000000000800dd94                __sfmoreglue
 .text.__sfp_lock_acquire
                0x000000000800ddc0        0xc e:/programs/stm_cube_ide/stm32cubeide_1.9.0/stm32cubeide/plugins/com.st.stm32cube.ide.mcu.externaltools.gnu-tools-for-stm32.10.3-2021.10.win32_1.0.0.202111181127/tools/bin/../lib/gcc/arm-none-eabi/10.3.1/../../../../arm-none-eabi/lib/thumb/v7e-m+fp/hard\libc_nano.a(lib_a-findfp.o)
                0x000000000800ddc0                __sfp_lock_acquire
 .text.__sfp_lock_release
                0x000000000800ddcc        0xc e:/programs/stm_cube_ide/stm32cubeide_1.9.0/stm32cubeide/plugins/com.st.stm32cube.ide.mcu.externaltools.gnu-tools-for-stm32.10.3-2021.10.win32_1.0.0.202111181127/tools/bin/../lib/gcc/arm-none-eabi/10.3.1/../../../../arm-none-eabi/lib/thumb/v7e-m+fp/hard\libc_nano.a(lib_a-findfp.o)
                0x000000000800ddcc                __sfp_lock_release
 .text.__sinit_lock_acquire
                0x000000000800ddd8        0xc e:/programs/stm_cube_ide/stm32cubeide_1.9.0/stm32cubeide/plugins/com.st.stm32cube.ide.mcu.externaltools.gnu-tools-for-stm32.10.3-2021.10.win32_1.0.0.202111181127/tools/bin/../lib/gcc/arm-none-eabi/10.3.1/../../../../arm-none-eabi/lib/thumb/v7e-m+fp/hard\libc_nano.a(lib_a-findfp.o)
                0x000000000800ddd8                __sinit_lock_acquire
 .text.__sinit_lock_release
                0x000000000800dde4        0xc e:/programs/stm_cube_ide/stm32cubeide_1.9.0/stm32cubeide/plugins/com.st.stm32cube.ide.mcu.externaltools.gnu-tools-for-stm32.10.3-2021.10.win32_1.0.0.202111181127/tools/bin/../lib/gcc/arm-none-eabi/10.3.1/../../../../arm-none-eabi/lib/thumb/v7e-m+fp/hard\libc_nano.a(lib_a-findfp.o)
                0x000000000800dde4                __sinit_lock_release
 .text.__sinit  0x000000000800ddf0       0x70 e:/programs/stm_cube_ide/stm32cubeide_1.9.0/stm32cubeide/plugins/com.st.stm32cube.ide.mcu.externaltools.gnu-tools-for-stm32.10.3-2021.10.win32_1.0.0.202111181127/tools/bin/../lib/gcc/arm-none-eabi/10.3.1/../../../../arm-none-eabi/lib/thumb/v7e-m+fp/hard\libc_nano.a(lib_a-findfp.o)
                0x000000000800ddf0                __sinit
 .text.__sfp    0x000000000800de60       0x8c e:/programs/stm_cube_ide/stm32cubeide_1.9.0/stm32cubeide/plugins/com.st.stm32cube.ide.mcu.externaltools.gnu-tools-for-stm32.10.3-2021.10.win32_1.0.0.202111181127/tools/bin/../lib/gcc/arm-none-eabi/10.3.1/../../../../arm-none-eabi/lib/thumb/v7e-m+fp/hard\libc_nano.a(lib_a-findfp.o)
                0x000000000800de60                __sfp
 .text._fwalk_reent
                0x000000000800deec       0x3e e:/programs/stm_cube_ide/stm32cubeide_1.9.0/stm32cubeide/plugins/com.st.stm32cube.ide.mcu.externaltools.gnu-tools-for-stm32.10.3-2021.10.win32_1.0.0.202111181127/tools/bin/../lib/gcc/arm-none-eabi/10.3.1/../../../../arm-none-eabi/lib/thumb/v7e-m+fp/hard\libc_nano.a(lib_a-fwalk.o)
                0x000000000800deec                _fwalk_reent
 .text.__retarget_lock_init_recursive
                0x000000000800df2a        0x2 e:/programs/stm_cube_ide/stm32cubeide_1.9.0/stm32cubeide/plugins/com.st.stm32cube.ide.mcu.externaltools.gnu-tools-for-stm32.10.3-2021.10.win32_1.0.0.202111181127/tools/bin/../lib/gcc/arm-none-eabi/10.3.1/../../../../arm-none-eabi/lib/thumb/v7e-m+fp/hard\libc_nano.a(lib_a-lock.o)
                0x000000000800df2a                __retarget_lock_init_recursive
 .text.__retarget_lock_acquire_recursive
                0x000000000800df2c        0x2 e:/programs/stm_cube_ide/stm32cubeide_1.9.0/stm32cubeide/plugins/com.st.stm32cube.ide.mcu.externaltools.gnu-tools-for-stm32.10.3-2021.10.win32_1.0.0.202111181127/tools/bin/../lib/gcc/arm-none-eabi/10.3.1/../../../../arm-none-eabi/lib/thumb/v7e-m+fp/hard\libc_nano.a(lib_a-lock.o)
                0x000000000800df2c                __retarget_lock_acquire_recursive
 .text.__retarget_lock_release_recursive
                0x000000000800df2e        0x2 e:/programs/stm_cube_ide/stm32cubeide_1.9.0/stm32cubeide/plugins/com.st.stm32cube.ide.mcu.externaltools.gnu-tools-for-stm32.10.3-2021.10.win32_1.0.0.202111181127/tools/bin/../lib/gcc/arm-none-eabi/10.3.1/../../../../arm-none-eabi/lib/thumb/v7e-m+fp/hard\libc_nano.a(lib_a-lock.o)
                0x000000000800df2e                __retarget_lock_release_recursive
 .text.__swhatbuf_r
                0x000000000800df30       0x4a e:/programs/stm_cube_ide/stm32cubeide_1.9.0/stm32cubeide/plugins/com.st.stm32cube.ide.mcu.externaltools.gnu-tools-for-stm32.10.3-2021.10.win32_1.0.0.202111181127/tools/bin/../lib/gcc/arm-none-eabi/10.3.1/../../../../arm-none-eabi/lib/thumb/v7e-m+fp/hard\libc_nano.a(lib_a-makebuf.o)
                0x000000000800df30                __swhatbuf_r
 *fill*         0x000000000800df7a        0x2 
 .text.__smakebuf_r
                0x000000000800df7c       0x80 e:/programs/stm_cube_ide/stm32cubeide_1.9.0/stm32cubeide/plugins/com.st.stm32cube.ide.mcu.externaltools.gnu-tools-for-stm32.10.3-2021.10.win32_1.0.0.202111181127/tools/bin/../lib/gcc/arm-none-eabi/10.3.1/../../../../arm-none-eabi/lib/thumb/v7e-m+fp/hard\libc_nano.a(lib_a-makebuf.o)
                0x000000000800df7c                __smakebuf_r
 .text._free_r  0x000000000800dffc       0x98 e:/programs/stm_cube_ide/stm32cubeide_1.9.0/stm32cubeide/plugins/com.st.stm32cube.ide.mcu.externaltools.gnu-tools-for-stm32.10.3-2021.10.win32_1.0.0.202111181127/tools/bin/../lib/gcc/arm-none-eabi/10.3.1/../../../../arm-none-eabi/lib/thumb/v7e-m+fp/hard\libc_nano.a(lib_a-nano-freer.o)
                0x000000000800dffc                _free_r
 .text.sbrk_aligned
                0x000000000800e094       0x40 e:/programs/stm_cube_ide/stm32cubeide_1.9.0/stm32cubeide/plugins/com.st.stm32cube.ide.mcu.externaltools.gnu-tools-for-stm32.10.3-2021.10.win32_1.0.0.202111181127/tools/bin/../lib/gcc/arm-none-eabi/10.3.1/../../../../arm-none-eabi/lib/thumb/v7e-m+fp/hard\libc_nano.a(lib_a-nano-mallocr.o)
 .text._malloc_r
                0x000000000800e0d4       0xe8 e:/programs/stm_cube_ide/stm32cubeide_1.9.0/stm32cubeide/plugins/com.st.stm32cube.ide.mcu.externaltools.gnu-tools-for-stm32.10.3-2021.10.win32_1.0.0.202111181127/tools/bin/../lib/gcc/arm-none-eabi/10.3.1/../../../../arm-none-eabi/lib/thumb/v7e-m+fp/hard\libc_nano.a(lib_a-nano-mallocr.o)
                0x000000000800e0d4                _malloc_r
 .text.__ssputs_r
                0x000000000800e1bc       0xb6 e:/programs/stm_cube_ide/stm32cubeide_1.9.0/stm32cubeide/plugins/com.st.stm32cube.ide.mcu.externaltools.gnu-tools-for-stm32.10.3-2021.10.win32_1.0.0.202111181127/tools/bin/../lib/gcc/arm-none-eabi/10.3.1/../../../../arm-none-eabi/lib/thumb/v7e-m+fp/hard\libc_nano.a(lib_a-nano-svfprintf.o)
                0x000000000800e1bc                __ssputs_r
 *fill*         0x000000000800e272        0x2 
 .text._svfprintf_r
                0x000000000800e274      0x200 e:/programs/stm_cube_ide/stm32cubeide_1.9.0/stm32cubeide/plugins/com.st.stm32cube.ide.mcu.externaltools.gnu-tools-for-stm32.10.3-2021.10.win32_1.0.0.202111181127/tools/bin/../lib/gcc/arm-none-eabi/10.3.1/../../../../arm-none-eabi/lib/thumb/v7e-m+fp/hard\libc_nano.a(lib_a-nano-svfprintf.o)
                0x000000000800e274                _svfiprintf_r
                0x000000000800e274                _svfprintf_r
 .text.__sfputc_r
                0x000000000800e474       0x2e e:/programs/stm_cube_ide/stm32cubeide_1.9.0/stm32cubeide/plugins/com.st.stm32cube.ide.mcu.externaltools.gnu-tools-for-stm32.10.3-2021.10.win32_1.0.0.202111181127/tools/bin/../lib/gcc/arm-none-eabi/10.3.1/../../../../arm-none-eabi/lib/thumb/v7e-m+fp/hard\libc_nano.a(lib_a-nano-vfprintf.o)
 .text.__sfputs_r
                0x000000000800e4a2       0x24 e:/programs/stm_cube_ide/stm32cubeide_1.9.0/stm32cubeide/plugins/com.st.stm32cube.ide.mcu.externaltools.gnu-tools-for-stm32.10.3-2021.10.win32_1.0.0.202111181127/tools/bin/../lib/gcc/arm-none-eabi/10.3.1/../../../../arm-none-eabi/lib/thumb/v7e-m+fp/hard\libc_nano.a(lib_a-nano-vfprintf.o)
                0x000000000800e4a2                __sfputs_r
 *fill*         0x000000000800e4c6        0x2 
 .text._vfprintf_r
                0x000000000800e4c8      0x260 e:/programs/stm_cube_ide/stm32cubeide_1.9.0/stm32cubeide/plugins/com.st.stm32cube.ide.mcu.externaltools.gnu-tools-for-stm32.10.3-2021.10.win32_1.0.0.202111181127/tools/bin/../lib/gcc/arm-none-eabi/10.3.1/../../../../arm-none-eabi/lib/thumb/v7e-m+fp/hard\libc_nano.a(lib_a-nano-vfprintf.o)
                0x000000000800e4c8                _vfprintf_r
                0x000000000800e4c8                _vfiprintf_r
 .text._printf_common
                0x000000000800e728       0xda e:/programs/stm_cube_ide/stm32cubeide_1.9.0/stm32cubeide/plugins/com.st.stm32cube.ide.mcu.externaltools.gnu-tools-for-stm32.10.3-2021.10.win32_1.0.0.202111181127/tools/bin/../lib/gcc/arm-none-eabi/10.3.1/../../../../arm-none-eabi/lib/thumb/v7e-m+fp/hard\libc_nano.a(lib_a-nano-vfprintf_i.o)
                0x000000000800e728                _printf_common
 *fill*         0x000000000800e802        0x2 
 .text._printf_i
                0x000000000800e804      0x24c e:/programs/stm_cube_ide/stm32cubeide_1.9.0/stm32cubeide/plugins/com.st.stm32cube.ide.mcu.externaltools.gnu-tools-for-stm32.10.3-2021.10.win32_1.0.0.202111181127/tools/bin/../lib/gcc/arm-none-eabi/10.3.1/../../../../arm-none-eabi/lib/thumb/v7e-m+fp/hard\libc_nano.a(lib_a-nano-vfprintf_i.o)
                0x000000000800e804                _printf_i
 .text._sbrk_r  0x000000000800ea50       0x20 e:/programs/stm_cube_ide/stm32cubeide_1.9.0/stm32cubeide/plugins/com.st.stm32cube.ide.mcu.externaltools.gnu-tools-for-stm32.10.3-2021.10.win32_1.0.0.202111181127/tools/bin/../lib/gcc/arm-none-eabi/10.3.1/../../../../arm-none-eabi/lib/thumb/v7e-m+fp/hard\libc_nano.a(lib_a-sbrkr.o)
                0x000000000800ea50                _sbrk_r
 .text.__sread  0x000000000800ea70       0x22 e:/programs/stm_cube_ide/stm32cubeide_1.9.0/stm32cubeide/plugins/com.st.stm32cube.ide.mcu.externaltools.gnu-tools-for-stm32.10.3-2021.10.win32_1.0.0.202111181127/tools/bin/../lib/gcc/arm-none-eabi/10.3.1/../../../../arm-none-eabi/lib/thumb/v7e-m+fp/hard\libc_nano.a(lib_a-stdio.o)
                0x000000000800ea70                __sread
 .text.__swrite
                0x000000000800ea92       0x38 e:/programs/stm_cube_ide/stm32cubeide_1.9.0/stm32cubeide/plugins/com.st.stm32cube.ide.mcu.externaltools.gnu-tools-for-stm32.10.3-2021.10.win32_1.0.0.202111181127/tools/bin/../lib/gcc/arm-none-eabi/10.3.1/../../../../arm-none-eabi/lib/thumb/v7e-m+fp/hard\libc_nano.a(lib_a-stdio.o)
                0x000000000800ea92                __swrite
 .text.__sseek  0x000000000800eaca       0x24 e:/programs/stm_cube_ide/stm32cubeide_1.9.0/stm32cubeide/plugins/com.st.stm32cube.ide.mcu.externaltools.gnu-tools-for-stm32.10.3-2021.10.win32_1.0.0.202111181127/tools/bin/../lib/gcc/arm-none-eabi/10.3.1/../../../../arm-none-eabi/lib/thumb/v7e-m+fp/hard\libc_nano.a(lib_a-stdio.o)
                0x000000000800eaca                __sseek
 .text.__sclose
                0x000000000800eaee        0x8 e:/programs/stm_cube_ide/stm32cubeide_1.9.0/stm32cubeide/plugins/com.st.stm32cube.ide.mcu.externaltools.gnu-tools-for-stm32.10.3-2021.10.win32_1.0.0.202111181127/tools/bin/../lib/gcc/arm-none-eabi/10.3.1/../../../../arm-none-eabi/lib/thumb/v7e-m+fp/hard\libc_nano.a(lib_a-stdio.o)
                0x000000000800eaee                __sclose
 *fill*         0x000000000800eaf6        0x2 
 .text._write_r
                0x000000000800eaf8       0x24 e:/programs/stm_cube_ide/stm32cubeide_1.9.0/stm32cubeide/plugins/com.st.stm32cube.ide.mcu.externaltools.gnu-tools-for-stm32.10.3-2021.10.win32_1.0.0.202111181127/tools/bin/../lib/gcc/arm-none-eabi/10.3.1/../../../../arm-none-eabi/lib/thumb/v7e-m+fp/hard\libc_nano.a(lib_a-writer.o)
                0x000000000800eaf8                _write_r
 .text._close_r
                0x000000000800eb1c       0x20 e:/programs/stm_cube_ide/stm32cubeide_1.9.0/stm32cubeide/plugins/com.st.stm32cube.ide.mcu.externaltools.gnu-tools-for-stm32.10.3-2021.10.win32_1.0.0.202111181127/tools/bin/../lib/gcc/arm-none-eabi/10.3.1/../../../../arm-none-eabi/lib/thumb/v7e-m+fp/hard\libc_nano.a(lib_a-closer.o)
                0x000000000800eb1c                _close_r
 .text._fstat_r
                0x000000000800eb3c       0x24 e:/programs/stm_cube_ide/stm32cubeide_1.9.0/stm32cubeide/plugins/com.st.stm32cube.ide.mcu.externaltools.gnu-tools-for-stm32.10.3-2021.10.win32_1.0.0.202111181127/tools/bin/../lib/gcc/arm-none-eabi/10.3.1/../../../../arm-none-eabi/lib/thumb/v7e-m+fp/hard\libc_nano.a(lib_a-fstatr.o)
                0x000000000800eb3c                _fstat_r
 .text._isatty_r
                0x000000000800eb60       0x20 e:/programs/stm_cube_ide/stm32cubeide_1.9.0/stm32cubeide/plugins/com.st.stm32cube.ide.mcu.externaltools.gnu-tools-for-stm32.10.3-2021.10.win32_1.0.0.202111181127/tools/bin/../lib/gcc/arm-none-eabi/10.3.1/../../../../arm-none-eabi/lib/thumb/v7e-m+fp/hard\libc_nano.a(lib_a-isattyr.o)
                0x000000000800eb60                _isatty_r
 .text._lseek_r
                0x000000000800eb80       0x24 e:/programs/stm_cube_ide/stm32cubeide_1.9.0/stm32cubeide/plugins/com.st.stm32cube.ide.mcu.externaltools.gnu-tools-for-stm32.10.3-2021.10.win32_1.0.0.202111181127/tools/bin/../lib/gcc/arm-none-eabi/10.3.1/../../../../arm-none-eabi/lib/thumb/v7e-m+fp/hard\libc_nano.a(lib_a-lseekr.o)
                0x000000000800eb80                _lseek_r
 .text.memcpy   0x000000000800eba4       0x1c e:/programs/stm_cube_ide/stm32cubeide_1.9.0/stm32cubeide/plugins/com.st.stm32cube.ide.mcu.externaltools.gnu-tools-for-stm32.10.3-2021.10.win32_1.0.0.202111181127/tools/bin/../lib/gcc/arm-none-eabi/10.3.1/../../../../arm-none-eabi/lib/thumb/v7e-m+fp/hard\libc_nano.a(lib_a-memcpy-stub.o)
                0x000000000800eba4                memcpy
 .text.memmove  0x000000000800ebc0       0x34 e:/programs/stm_cube_ide/stm32cubeide_1.9.0/stm32cubeide/plugins/com.st.stm32cube.ide.mcu.externaltools.gnu-tools-for-stm32.10.3-2021.10.win32_1.0.0.202111181127/tools/bin/../lib/gcc/arm-none-eabi/10.3.1/../../../../arm-none-eabi/lib/thumb/v7e-m+fp/hard\libc_nano.a(lib_a-memmove.o)
                0x000000000800ebc0                memmove
 .text.__malloc_lock
                0x000000000800ebf4        0xc e:/programs/stm_cube_ide/stm32cubeide_1.9.0/stm32cubeide/plugins/com.st.stm32cube.ide.mcu.externaltools.gnu-tools-for-stm32.10.3-2021.10.win32_1.0.0.202111181127/tools/bin/../lib/gcc/arm-none-eabi/10.3.1/../../../../arm-none-eabi/lib/thumb/v7e-m+fp/hard\libc_nano.a(lib_a-mlock.o)
                0x000000000800ebf4                __malloc_lock
 .text.__malloc_unlock
                0x000000000800ec00        0xc e:/programs/stm_cube_ide/stm32cubeide_1.9.0/stm32cubeide/plugins/com.st.stm32cube.ide.mcu.externaltools.gnu-tools-for-stm32.10.3-2021.10.win32_1.0.0.202111181127/tools/bin/../lib/gcc/arm-none-eabi/10.3.1/../../../../arm-none-eabi/lib/thumb/v7e-m+fp/hard\libc_nano.a(lib_a-mlock.o)
                0x000000000800ec00                __malloc_unlock
 .text._realloc_r
                0x000000000800ec0c       0x5e e:/programs/stm_cube_ide/stm32cubeide_1.9.0/stm32cubeide/plugins/com.st.stm32cube.ide.mcu.externaltools.gnu-tools-for-stm32.10.3-2021.10.win32_1.0.0.202111181127/tools/bin/../lib/gcc/arm-none-eabi/10.3.1/../../../../arm-none-eabi/lib/thumb/v7e-m+fp/hard\libc_nano.a(lib_a-nano-reallocr.o)
                0x000000000800ec0c                _realloc_r
 *fill*         0x000000000800ec6a        0x2 
 .text._read_r  0x000000000800ec6c       0x24 e:/programs/stm_cube_ide/stm32cubeide_1.9.0/stm32cubeide/plugins/com.st.stm32cube.ide.mcu.externaltools.gnu-tools-for-stm32.10.3-2021.10.win32_1.0.0.202111181127/tools/bin/../lib/gcc/arm-none-eabi/10.3.1/../../../../arm-none-eabi/lib/thumb/v7e-m+fp/hard\libc_nano.a(lib_a-readr.o)
                0x000000000800ec6c                _read_r
 .text._malloc_usable_size_r
                0x000000000800ec90       0x10 e:/programs/stm_cube_ide/stm32cubeide_1.9.0/stm32cubeide/plugins/com.st.stm32cube.ide.mcu.externaltools.gnu-tools-for-stm32.10.3-2021.10.win32_1.0.0.202111181127/tools/bin/../lib/gcc/arm-none-eabi/10.3.1/../../../../arm-none-eabi/lib/thumb/v7e-m+fp/hard\libc_nano.a(lib_a-nano-msizer.o)
                0x000000000800ec90                _malloc_usable_size_r
 *(.glue_7)
 .glue_7        0x000000000800eca0        0x0 linker stubs
 *(.glue_7t)
 .glue_7t       0x000000000800eca0        0x0 linker stubs
 *(.eh_frame)
 .eh_frame      0x000000000800eca0        0x0 e:/programs/stm_cube_ide/stm32cubeide_1.9.0/stm32cubeide/plugins/com.st.stm32cube.ide.mcu.externaltools.gnu-tools-for-stm32.10.3-2021.10.win32_1.0.0.202111181127/tools/bin/../lib/gcc/arm-none-eabi/10.3.1/thumb/v7e-m+fp/hard/crtbegin.o
 *(.init)
 .init          0x000000000800eca0        0x4 e:/programs/stm_cube_ide/stm32cubeide_1.9.0/stm32cubeide/plugins/com.st.stm32cube.ide.mcu.externaltools.gnu-tools-for-stm32.10.3-2021.10.win32_1.0.0.202111181127/tools/bin/../lib/gcc/arm-none-eabi/10.3.1/thumb/v7e-m+fp/hard/crti.o
                0x000000000800eca0                _init
 .init          0x000000000800eca4        0x8 e:/programs/stm_cube_ide/stm32cubeide_1.9.0/stm32cubeide/plugins/com.st.stm32cube.ide.mcu.externaltools.gnu-tools-for-stm32.10.3-2021.10.win32_1.0.0.202111181127/tools/bin/../lib/gcc/arm-none-eabi/10.3.1/thumb/v7e-m+fp/hard/crtn.o
 *(.fini)
 .fini          0x000000000800ecac        0x4 e:/programs/stm_cube_ide/stm32cubeide_1.9.0/stm32cubeide/plugins/com.st.stm32cube.ide.mcu.externaltools.gnu-tools-for-stm32.10.3-2021.10.win32_1.0.0.202111181127/tools/bin/../lib/gcc/arm-none-eabi/10.3.1/thumb/v7e-m+fp/hard/crti.o
                0x000000000800ecac                _fini
 .fini          0x000000000800ecb0        0x8 e:/programs/stm_cube_ide/stm32cubeide_1.9.0/stm32cubeide/plugins/com.st.stm32cube.ide.mcu.externaltools.gnu-tools-for-stm32.10.3-2021.10.win32_1.0.0.202111181127/tools/bin/../lib/gcc/arm-none-eabi/10.3.1/thumb/v7e-m+fp/hard/crtn.o
                0x000000000800ecb8                . = ALIGN (0x4)
                0x000000000800ecb8                _etext = .

.vfp11_veneer   0x000000000800ecb8        0x0
 .vfp11_veneer  0x000000000800ecb8        0x0 linker stubs

.v4_bx          0x000000000800ecb8        0x0
 .v4_bx         0x000000000800ecb8        0x0 linker stubs

.iplt           0x000000000800ecb8        0x0
 .iplt          0x000000000800ecb8        0x0 e:/programs/stm_cube_ide/stm32cubeide_1.9.0/stm32cubeide/plugins/com.st.stm32cube.ide.mcu.externaltools.gnu-tools-for-stm32.10.3-2021.10.win32_1.0.0.202111181127/tools/bin/../lib/gcc/arm-none-eabi/10.3.1/thumb/v7e-m+fp/hard/crtbegin.o

.rodata         0x000000000800ecb8      0x824
                0x000000000800ecb8                . = ALIGN (0x4)
 *(.rodata)
 .rodata        0x000000000800ecb8       0x10 ./Core/Src/liquidcrystal_i2c.o
 .rodata        0x000000000800ecc8      0x164 ./Core/Src/main.o
 .rodata        0x000000000800ee2c       0x46 ./Core/Src/stm32f3xx_it.o
 *fill*         0x000000000800ee72        0x2 
 .rodata        0x000000000800ee74       0x48 ./Middlewares/Third_Party/FatFs/src/ff.o
 *(.rodata*)
 .rodata.AHBPrescTable
                0x000000000800eebc       0x10 ./Core/Src/system_stm32f3xx.o
                0x000000000800eebc                AHBPrescTable
 .rodata.APBPrescTable
                0x000000000800eecc        0x8 ./Core/Src/system_stm32f3xx.o
                0x000000000800eecc                APBPrescTable
 .rodata.aPLLMULFactorTable
                0x000000000800eed4       0x10 ./Drivers/STM32F3xx_HAL_Driver/Src/stm32f3xx_hal_rcc.o
 .rodata.aPredivFactorTable
                0x000000000800eee4       0x10 ./Drivers/STM32F3xx_HAL_Driver/Src/stm32f3xx_hal_rcc.o
 .rodata.ExCvt  0x000000000800eef4       0x80 ./Middlewares/Third_Party/FatFs/src/ff.o
 .rodata.LfnOfs
                0x000000000800ef74        0xd ./Middlewares/Third_Party/FatFs/src/ff.o
 *fill*         0x000000000800ef81        0x3 
 .rodata.Tbl    0x000000000800ef84      0x100 ./Middlewares/Third_Party/FatFs/src/option/ccsbcs.o
 .rodata.tbl_lower.1
                0x000000000800f084      0x1e0 ./Middlewares/Third_Party/FatFs/src/option/ccsbcs.o
 .rodata.tbl_upper.0
                0x000000000800f264      0x1e0 ./Middlewares/Third_Party/FatFs/src/option/ccsbcs.o
 .rodata._global_impure_ptr
                0x000000000800f444        0x4 e:/programs/stm_cube_ide/stm32cubeide_1.9.0/stm32cubeide/plugins/com.st.stm32cube.ide.mcu.externaltools.gnu-tools-for-stm32.10.3-2021.10.win32_1.0.0.202111181127/tools/bin/../lib/gcc/arm-none-eabi/10.3.1/../../../../arm-none-eabi/lib/thumb/v7e-m+fp/hard\libc_nano.a(lib_a-impure.o)
                0x000000000800f444                _global_impure_ptr
 .rodata.__sf_fake_stderr
                0x000000000800f448       0x20 e:/programs/stm_cube_ide/stm32cubeide_1.9.0/stm32cubeide/plugins/com.st.stm32cube.ide.mcu.externaltools.gnu-tools-for-stm32.10.3-2021.10.win32_1.0.0.202111181127/tools/bin/../lib/gcc/arm-none-eabi/10.3.1/../../../../arm-none-eabi/lib/thumb/v7e-m+fp/hard\libc_nano.a(lib_a-findfp.o)
                0x000000000800f448                __sf_fake_stderr
 .rodata.__sf_fake_stdin
                0x000000000800f468       0x20 e:/programs/stm_cube_ide/stm32cubeide_1.9.0/stm32cubeide/plugins/com.st.stm32cube.ide.mcu.externaltools.gnu-tools-for-stm32.10.3-2021.10.win32_1.0.0.202111181127/tools/bin/../lib/gcc/arm-none-eabi/10.3.1/../../../../arm-none-eabi/lib/thumb/v7e-m+fp/hard\libc_nano.a(lib_a-findfp.o)
                0x000000000800f468                __sf_fake_stdin
 .rodata.__sf_fake_stdout
                0x000000000800f488       0x20 e:/programs/stm_cube_ide/stm32cubeide_1.9.0/stm32cubeide/plugins/com.st.stm32cube.ide.mcu.externaltools.gnu-tools-for-stm32.10.3-2021.10.win32_1.0.0.202111181127/tools/bin/../lib/gcc/arm-none-eabi/10.3.1/../../../../arm-none-eabi/lib/thumb/v7e-m+fp/hard\libc_nano.a(lib_a-findfp.o)
                0x000000000800f488                __sf_fake_stdout
 .rodata._svfprintf_r.str1.1
                0x000000000800f4a8       0x11 e:/programs/stm_cube_ide/stm32cubeide_1.9.0/stm32cubeide/plugins/com.st.stm32cube.ide.mcu.externaltools.gnu-tools-for-stm32.10.3-2021.10.win32_1.0.0.202111181127/tools/bin/../lib/gcc/arm-none-eabi/10.3.1/../../../../arm-none-eabi/lib/thumb/v7e-m+fp/hard\libc_nano.a(lib_a-nano-svfprintf.o)
 .rodata._vfprintf_r.str1.1
                0x000000000800f4b9       0x11 e:/programs/stm_cube_ide/stm32cubeide_1.9.0/stm32cubeide/plugins/com.st.stm32cube.ide.mcu.externaltools.gnu-tools-for-stm32.10.3-2021.10.win32_1.0.0.202111181127/tools/bin/../lib/gcc/arm-none-eabi/10.3.1/../../../../arm-none-eabi/lib/thumb/v7e-m+fp/hard\libc_nano.a(lib_a-nano-vfprintf.o)
 .rodata._printf_i.str1.1
                0x000000000800f4b9       0x22 e:/programs/stm_cube_ide/stm32cubeide_1.9.0/stm32cubeide/plugins/com.st.stm32cube.ide.mcu.externaltools.gnu-tools-for-stm32.10.3-2021.10.win32_1.0.0.202111181127/tools/bin/../lib/gcc/arm-none-eabi/10.3.1/../../../../arm-none-eabi/lib/thumb/v7e-m+fp/hard\libc_nano.a(lib_a-nano-vfprintf_i.o)
                0x000000000800f4dc                . = ALIGN (0x4)
 *fill*         0x000000000800f4db        0x1 

.rel.dyn        0x000000000800f4dc        0x0
 .rel.iplt      0x000000000800f4dc        0x0 e:/programs/stm_cube_ide/stm32cubeide_1.9.0/stm32cubeide/plugins/com.st.stm32cube.ide.mcu.externaltools.gnu-tools-for-stm32.10.3-2021.10.win32_1.0.0.202111181127/tools/bin/../lib/gcc/arm-none-eabi/10.3.1/thumb/v7e-m+fp/hard/crtbegin.o

.ARM.extab      0x000000000800f4dc        0x0
                0x000000000800f4dc                . = ALIGN (0x4)
 *(.ARM.extab* .gnu.linkonce.armextab.*)
                0x000000000800f4dc                . = ALIGN (0x4)

.ARM            0x000000000800f4dc        0x0
                0x000000000800f4dc                . = ALIGN (0x4)
                0x000000000800f4dc                __exidx_start = .
 *(.ARM.exidx*)
                0x000000000800f4dc                __exidx_end = .
                0x000000000800f4dc                . = ALIGN (0x4)

.preinit_array  0x000000000800f4dc        0x0
                0x000000000800f4dc                . = ALIGN (0x4)
                0x000000000800f4dc                PROVIDE (__preinit_array_start = .)
 *(.preinit_array*)
                0x000000000800f4dc                PROVIDE (__preinit_array_end = .)
                0x000000000800f4dc                . = ALIGN (0x4)

.init_array     0x000000000800f4dc        0x4
                0x000000000800f4dc                . = ALIGN (0x4)
                0x000000000800f4dc                PROVIDE (__init_array_start = .)
 *(SORT_BY_NAME(.init_array.*))
 *(.init_array*)
 .init_array    0x000000000800f4dc        0x4 e:/programs/stm_cube_ide/stm32cubeide_1.9.0/stm32cubeide/plugins/com.st.stm32cube.ide.mcu.externaltools.gnu-tools-for-stm32.10.3-2021.10.win32_1.0.0.202111181127/tools/bin/../lib/gcc/arm-none-eabi/10.3.1/thumb/v7e-m+fp/hard/crtbegin.o
                0x000000000800f4e0                PROVIDE (__init_array_end = .)
                0x000000000800f4e0                . = ALIGN (0x4)

.fini_array     0x000000000800f4e0        0x4
                0x000000000800f4e0                . = ALIGN (0x4)
                [!provide]                        PROVIDE (__fini_array_start = .)
 *(SORT_BY_NAME(.fini_array.*))
 *(.fini_array*)
 .fini_array    0x000000000800f4e0        0x4 e:/programs/stm_cube_ide/stm32cubeide_1.9.0/stm32cubeide/plugins/com.st.stm32cube.ide.mcu.externaltools.gnu-tools-for-stm32.10.3-2021.10.win32_1.0.0.202111181127/tools/bin/../lib/gcc/arm-none-eabi/10.3.1/thumb/v7e-m+fp/hard/crtbegin.o
                [!provide]                        PROVIDE (__fini_array_end = .)
                0x000000000800f4e4                . = ALIGN (0x4)
                0x000000000800f4e4                _sidata = LOADADDR (.data)

.data           0x0000000020000000       0x98 load address 0x000000000800f4e4
                0x0000000020000000                . = ALIGN (0x4)
                0x0000000020000000                _sdata = .
 *(.data)
 *(.data*)
 .data.Stat     0x0000000020000000        0x1 ./Core/Src/fatfs_sd_card.o
 *fill*         0x0000000020000001        0x3 
 .data.special1
                0x0000000020000004        0x8 ./Core/Src/liquidcrystal_i2c.o
                0x0000000020000004                special1
 .data.special2
                0x000000002000000c        0x8 ./Core/Src/liquidcrystal_i2c.o
                0x000000002000000c                special2
 .data.SystemCoreClock
                0x0000000020000014        0x4 ./Core/Src/system_stm32f3xx.o
                0x0000000020000014                SystemCoreClock
 .data.uwTickPrio
                0x0000000020000018        0x4 ./Drivers/STM32F3xx_HAL_Driver/Src/stm32f3xx_hal.o
                0x0000000020000018                uwTickPrio
 .data.uwTickFreq
                0x000000002000001c        0x1 ./Drivers/STM32F3xx_HAL_Driver/Src/stm32f3xx_hal.o
                0x000000002000001c                uwTickFreq
 *fill*         0x000000002000001d        0x3 
 .data.USER_Driver
                0x0000000020000020       0x14 ./FATFS/Target/user_diskio.o
                0x0000000020000020                USER_Driver
 .data._impure_ptr
                0x0000000020000034        0x4 e:/programs/stm_cube_ide/stm32cubeide_1.9.0/stm32cubeide/plugins/com.st.stm32cube.ide.mcu.externaltools.gnu-tools-for-stm32.10.3-2021.10.win32_1.0.0.202111181127/tools/bin/../lib/gcc/arm-none-eabi/10.3.1/../../../../arm-none-eabi/lib/thumb/v7e-m+fp/hard\libc_nano.a(lib_a-impure.o)
                0x0000000020000034                _impure_ptr
 .data.impure_data
                0x0000000020000038       0x60 e:/programs/stm_cube_ide/stm32cubeide_1.9.0/stm32cubeide/plugins/com.st.stm32cube.ide.mcu.externaltools.gnu-tools-for-stm32.10.3-2021.10.win32_1.0.0.202111181127/tools/bin/../lib/gcc/arm-none-eabi/10.3.1/../../../../arm-none-eabi/lib/thumb/v7e-m+fp/hard\libc_nano.a(lib_a-impure.o)
 *(.RamFunc)
 *(.RamFunc*)
                0x0000000020000098                . = ALIGN (0x4)
                0x0000000020000098                _edata = .

.igot.plt       0x0000000020000098        0x0 load address 0x000000000800f57c
 .igot.plt      0x0000000020000098        0x0 e:/programs/stm_cube_ide/stm32cubeide_1.9.0/stm32cubeide/plugins/com.st.stm32cube.ide.mcu.externaltools.gnu-tools-for-stm32.10.3-2021.10.win32_1.0.0.202111181127/tools/bin/../lib/gcc/arm-none-eabi/10.3.1/thumb/v7e-m+fp/hard/crtbegin.o
                0x0000000020000098                . = ALIGN (0x4)

.bss            0x0000000020000098     0x37f0 load address 0x000000000800f57c
                0x0000000020000098                _sbss = .
                0x0000000020000098                __bss_start__ = _sbss
 *(.bss)
 .bss           0x0000000020000098       0x1c e:/programs/stm_cube_ide/stm32cubeide_1.9.0/stm32cubeide/plugins/com.st.stm32cube.ide.mcu.externaltools.gnu-tools-for-stm32.10.3-2021.10.win32_1.0.0.202111181127/tools/bin/../lib/gcc/arm-none-eabi/10.3.1/thumb/v7e-m+fp/hard/crtbegin.o
 *(.bss*)
 .bss.Timer1    0x00000000200000b4        0x2 ./Core/Src/fatfs_sd_card.o
                0x00000000200000b4                Timer1
 .bss.Timer2    0x00000000200000b6        0x2 ./Core/Src/fatfs_sd_card.o
                0x00000000200000b6                Timer2
 .bss.CardType  0x00000000200000b8        0x1 ./Core/Src/fatfs_sd_card.o
 .bss.PowerFlag
                0x00000000200000b9        0x1 ./Core/Src/fatfs_sd_card.o
 .bss.dpFunction
                0x00000000200000ba        0x1 ./Core/Src/liquidcrystal_i2c.o
                0x00000000200000ba                dpFunction
 .bss.dpControl
                0x00000000200000bb        0x1 ./Core/Src/liquidcrystal_i2c.o
                0x00000000200000bb                dpControl
 .bss.dpMode    0x00000000200000bc        0x1 ./Core/Src/liquidcrystal_i2c.o
                0x00000000200000bc                dpMode
 .bss.dpRows    0x00000000200000bd        0x1 ./Core/Src/liquidcrystal_i2c.o
                0x00000000200000bd                dpRows
 .bss.dpBacklight
                0x00000000200000be        0x1 ./Core/Src/liquidcrystal_i2c.o
                0x00000000200000be                dpBacklight
 *fill*         0x00000000200000bf        0x1 
 .bss.hadc1     0x00000000200000c0       0x50 ./Core/Src/main.o
                0x00000000200000c0                hadc1
 .bss.hdma_adc1
                0x0000000020000110       0x44 ./Core/Src/main.o
                0x0000000020000110                hdma_adc1
 .bss.hdac      0x0000000020000154       0x14 ./Core/Src/main.o
                0x0000000020000154                hdac
 .bss.hi2c1     0x0000000020000168       0x54 ./Core/Src/main.o
                0x0000000020000168                hi2c1
 .bss.hspi2     0x00000000200001bc       0x64 ./Core/Src/main.o
                0x00000000200001bc                hspi2
 .bss.htim6     0x0000000020000220       0x4c ./Core/Src/main.o
                0x0000000020000220                htim6
 .bss.htim17    0x000000002000026c       0x4c ./Core/Src/main.o
                0x000000002000026c                htim17
 .bss.hdma_tim17_ch1_up
                0x00000000200002b8       0x44 ./Core/Src/main.o
                0x00000000200002b8                hdma_tim17_ch1_up
 .bss.huart1    0x00000000200002fc       0x88 ./Core/Src/main.o
                0x00000000200002fc                huart1
 .bss.FatFs     0x0000000020000384     0x1030 ./Core/Src/main.o
                0x0000000020000384                FatFs
 .bss.fil       0x00000000200013b4     0x102c ./Core/Src/main.o
                0x00000000200013b4                fil
 .bss.dp        0x00000000200023e0     0x1028 ./Core/Src/main.o
                0x00000000200023e0                dp
 .bss.fno       0x0000000020003408       0x20 ./Core/Src/main.o
                0x0000000020003408                fno
 .bss.fres      0x0000000020003428        0x1 ./Core/Src/main.o
                0x0000000020003428                fres
 *fill*         0x0000000020003429        0x3 
 .bss.old_fsize
                0x000000002000342c        0x4 ./Core/Src/main.o
                0x000000002000342c                old_fsize
 .bss.buff_music
                0x0000000020003430      0x1f4 ./Core/Src/main.o
                0x0000000020003430                buff_music
 .bss.display_status
                0x0000000020003624       0x10 ./Core/Src/main.o
                0x0000000020003624                display_status
 .bss.tim17_counter
                0x0000000020003634        0x2 ./Core/Src/main.o
                0x0000000020003634                tim17_counter
 *fill*         0x0000000020003636        0x2 
 .bss.adc_counter
                0x0000000020003638        0x4 ./Core/Src/main.o
                0x0000000020003638                adc_counter
 .bss.__sbrk_heap_end
                0x000000002000363c        0x4 ./Core/Src/sysmem.o
 .bss.uwTick    0x0000000020003640        0x4 ./Drivers/STM32F3xx_HAL_Driver/Src/stm32f3xx_hal.o
                0x0000000020003640                uwTick
 .bss.retUSER   0x0000000020003644        0x1 ./FATFS/App/fatfs.o
                0x0000000020003644                retUSER
 *fill*         0x0000000020003645        0x3 
 .bss.USERPath  0x0000000020003648        0x4 ./FATFS/App/fatfs.o
                0x0000000020003648                USERPath
 .bss.FatFs     0x000000002000364c        0x4 ./Middlewares/Third_Party/FatFs/src/ff.o
 .bss.Fsid      0x0000000020003650        0x2 ./Middlewares/Third_Party/FatFs/src/ff.o
 *fill*         0x0000000020003652        0x2 
 .bss.Files     0x0000000020003654       0x18 ./Middlewares/Third_Party/FatFs/src/ff.o
 .bss.LfnBuf    0x000000002000366c      0x200 ./Middlewares/Third_Party/FatFs/src/ff.o
 .bss.disk      0x000000002000386c        0xc ./Middlewares/Third_Party/FatFs/src/ff_gen_drv.o
                0x000000002000386c                disk
 .bss.__lock___malloc_recursive_mutex
                0x0000000020003878        0x1 e:/programs/stm_cube_ide/stm32cubeide_1.9.0/stm32cubeide/plugins/com.st.stm32cube.ide.mcu.externaltools.gnu-tools-for-stm32.10.3-2021.10.win32_1.0.0.202111181127/tools/bin/../lib/gcc/arm-none-eabi/10.3.1/../../../../arm-none-eabi/lib/thumb/v7e-m+fp/hard\libc_nano.a(lib_a-lock.o)
                0x0000000020003878                __lock___malloc_recursive_mutex
 .bss.__lock___sfp_recursive_mutex
                0x0000000020003879        0x1 e:/programs/stm_cube_ide/stm32cubeide_1.9.0/stm32cubeide/plugins/com.st.stm32cube.ide.mcu.externaltools.gnu-tools-for-stm32.10.3-2021.10.win32_1.0.0.202111181127/tools/bin/../lib/gcc/arm-none-eabi/10.3.1/../../../../arm-none-eabi/lib/thumb/v7e-m+fp/hard\libc_nano.a(lib_a-lock.o)
                0x0000000020003879                __lock___sfp_recursive_mutex
 .bss.__lock___sinit_recursive_mutex
                0x000000002000387a        0x1 e:/programs/stm_cube_ide/stm32cubeide_1.9.0/stm32cubeide/plugins/com.st.stm32cube.ide.mcu.externaltools.gnu-tools-for-stm32.10.3-2021.10.win32_1.0.0.202111181127/tools/bin/../lib/gcc/arm-none-eabi/10.3.1/../../../../arm-none-eabi/lib/thumb/v7e-m+fp/hard\libc_nano.a(lib_a-lock.o)
                0x000000002000387a                __lock___sinit_recursive_mutex
 *fill*         0x000000002000387b        0x1 
 .bss.__malloc_free_list
                0x000000002000387c        0x4 e:/programs/stm_cube_ide/stm32cubeide_1.9.0/stm32cubeide/plugins/com.st.stm32cube.ide.mcu.externaltools.gnu-tools-for-stm32.10.3-2021.10.win32_1.0.0.202111181127/tools/bin/../lib/gcc/arm-none-eabi/10.3.1/../../../../arm-none-eabi/lib/thumb/v7e-m+fp/hard\libc_nano.a(lib_a-nano-mallocr.o)
                0x000000002000387c                __malloc_free_list
 .bss.__malloc_sbrk_start
                0x0000000020003880        0x4 e:/programs/stm_cube_ide/stm32cubeide_1.9.0/stm32cubeide/plugins/com.st.stm32cube.ide.mcu.externaltools.gnu-tools-for-stm32.10.3-2021.10.win32_1.0.0.202111181127/tools/bin/../lib/gcc/arm-none-eabi/10.3.1/../../../../arm-none-eabi/lib/thumb/v7e-m+fp/hard\libc_nano.a(lib_a-nano-mallocr.o)
                0x0000000020003880                __malloc_sbrk_start
 .bss.errno     0x0000000020003884        0x4 e:/programs/stm_cube_ide/stm32cubeide_1.9.0/stm32cubeide/plugins/com.st.stm32cube.ide.mcu.externaltools.gnu-tools-for-stm32.10.3-2021.10.win32_1.0.0.202111181127/tools/bin/../lib/gcc/arm-none-eabi/10.3.1/../../../../arm-none-eabi/lib/thumb/v7e-m+fp/hard\libc_nano.a(lib_a-reent.o)
                0x0000000020003884                errno
 *(COMMON)
                0x0000000020003888                . = ALIGN (0x4)
                0x0000000020003888                _ebss = .
                0x0000000020003888                __bss_end__ = _ebss

._user_heap_stack
                0x0000000020003888      0x600 load address 0x000000000800f57c
                0x0000000020003888                . = ALIGN (0x8)
                [!provide]                        PROVIDE (end = .)
                0x0000000020003888                PROVIDE (_end = .)
                0x0000000020003a88                . = (. + _Min_Heap_Size)
 *fill*         0x0000000020003888      0x200 
                0x0000000020003e88                . = (. + _Min_Stack_Size)
 *fill*         0x0000000020003a88      0x400 
                0x0000000020003e88                . = ALIGN (0x8)

/DISCARD/
 libc.a(*)
 libm.a(*)
 libgcc.a(*)

.ARM.attributes
                0x0000000000000000       0x30
 *(.ARM.attributes)
 .ARM.attributes
                0x0000000000000000       0x1e e:/programs/stm_cube_ide/stm32cubeide_1.9.0/stm32cubeide/plugins/com.st.stm32cube.ide.mcu.externaltools.gnu-tools-for-stm32.10.3-2021.10.win32_1.0.0.202111181127/tools/bin/../lib/gcc/arm-none-eabi/10.3.1/thumb/v7e-m+fp/hard/crti.o
 .ARM.attributes
                0x000000000000001e       0x34 e:/programs/stm_cube_ide/stm32cubeide_1.9.0/stm32cubeide/plugins/com.st.stm32cube.ide.mcu.externaltools.gnu-tools-for-stm32.10.3-2021.10.win32_1.0.0.202111181127/tools/bin/../lib/gcc/arm-none-eabi/10.3.1/thumb/v7e-m+fp/hard/crtbegin.o
 .ARM.attributes
                0x0000000000000052       0x34 ./Core/Src/fatfs_sd_card.o
 .ARM.attributes
                0x0000000000000086       0x34 ./Core/Src/liquidcrystal_i2c.o
 .ARM.attributes
                0x00000000000000ba       0x34 ./Core/Src/main.o
 .ARM.attributes
                0x00000000000000ee       0x34 ./Core/Src/stm32f3xx_hal_msp.o
 .ARM.attributes
                0x0000000000000122       0x34 ./Core/Src/stm32f3xx_it.o
 .ARM.attributes
                0x0000000000000156       0x34 ./Core/Src/syscalls.o
 .ARM.attributes
                0x000000000000018a       0x34 ./Core/Src/sysmem.o
 .ARM.attributes
                0x00000000000001be       0x34 ./Core/Src/system_stm32f3xx.o
 .ARM.attributes
                0x00000000000001f2       0x21 ./Core/Startup/startup_stm32f302r8tx.o
 .ARM.attributes
                0x0000000000000213       0x34 ./Drivers/STM32F3xx_HAL_Driver/Src/stm32f3xx_hal.o
 .ARM.attributes
                0x0000000000000247       0x34 ./Drivers/STM32F3xx_HAL_Driver/Src/stm32f3xx_hal_adc_ex.o
 .ARM.attributes
                0x000000000000027b       0x34 ./Drivers/STM32F3xx_HAL_Driver/Src/stm32f3xx_hal_cortex.o
 .ARM.attributes
                0x00000000000002af       0x34 ./Drivers/STM32F3xx_HAL_Driver/Src/stm32f3xx_hal_dac.o
 .ARM.attributes
                0x00000000000002e3       0x34 ./Drivers/STM32F3xx_HAL_Driver/Src/stm32f3xx_hal_dac_ex.o
 .ARM.attributes
                0x0000000000000317       0x34 ./Drivers/STM32F3xx_HAL_Driver/Src/stm32f3xx_hal_dma.o
 .ARM.attributes
                0x000000000000034b       0x34 ./Drivers/STM32F3xx_HAL_Driver/Src/stm32f3xx_hal_gpio.o
 .ARM.attributes
                0x000000000000037f       0x34 ./Drivers/STM32F3xx_HAL_Driver/Src/stm32f3xx_hal_i2c.o
 .ARM.attributes
                0x00000000000003b3       0x34 ./Drivers/STM32F3xx_HAL_Driver/Src/stm32f3xx_hal_i2c_ex.o
 .ARM.attributes
                0x00000000000003e7       0x34 ./Drivers/STM32F3xx_HAL_Driver/Src/stm32f3xx_hal_rcc.o
 .ARM.attributes
                0x000000000000041b       0x34 ./Drivers/STM32F3xx_HAL_Driver/Src/stm32f3xx_hal_rcc_ex.o
 .ARM.attributes
                0x000000000000044f       0x34 ./Drivers/STM32F3xx_HAL_Driver/Src/stm32f3xx_hal_spi.o
 .ARM.attributes