../Core/Src/main.c:121:5:main	8	static
../Core/Src/main.c:182:6:SystemClock_Config	120	static
../Core/Src/main.c:231:13:MX_ADC1_Init	32	static
../Core/Src/main.c:289:13:MX_DAC_Init	24	static
../Core/Src/main.c:329:13:MX_I2C1_Init	8	static
../Core/Src/main.c:377:13:MX_SPI2_Init	8	static
../Core/Src/main.c:417:13:MX_TIM6_Init	24	static
../Core/Src/main.c:455:13:MX_TIM17_Init	80	static
../Core/Src/main.c:518:13:MX_USART1_UART_Init	8	static
../Core/Src/main.c:551:13:MX_DMA_Init	16	static
../Core/Src/main.c:572:13:MX_GPIO_Init	40	static
../Core/Src/main.c:623:5:__io_putchar	16	static
../Core/Src/main.c:634:6:process_SD_card	16	static
../Core/Src/main.c:668:1:HAL_GPIO_EXTI_Callback	88	static
../Core/Src/main.c:873:6:start_play_music	16	static
../Core/Src/main.c:886:6:stop_play_music	8	static
../Core/Src/main.c:900:6:Error_Handler	4	static,ignoring_inline_asm
