../Core/Src/main.c:117:5:main	8	static
../Core/Src/main.c:177:6:SystemClock_Config	120	static
../Core/Src/main.c:226:13:MX_I2C1_Init	8	static
../Core/Src/main.c:274:13:MX_SPI2_Init	8	static
../Core/Src/main.c:314:13:MX_TIM6_Init	24	static
../Core/Src/main.c:352:13:MX_TIM17_Init	80	static
../Core/Src/main.c:415:13:MX_USART1_UART_Init	8	static
../Core/Src/main.c:448:13:MX_DMA_Init	16	static
../Core/Src/main.c:466:13:MX_GPIO_Init	40	static
../Core/Src/main.c:517:5:__io_putchar	16	static
../Core/Src/main.c:528:6:process_SD_card	16	static
../Core/Src/main.c:563:1:HAL_GPIO_EXTI_Callback	88	static
../Core/Src/main.c:760:6:start_play_music	16	static
../Core/Src/main.c:773:6:stop_play_music	8	static
../Core/Src/main.c:787:6:Error_Handler	4	static,ignoring_inline_asm
