../Core/Src/stm32f3xx_it.c:84:6:NMI_Handler	4	static
../Core/Src/stm32f3xx_it.c:99:6:HardFault_Handler	4	static
../Core/Src/stm32f3xx_it.c:114:6:MemManage_Handler	4	static
../Core/Src/stm32f3xx_it.c:129:6:BusFault_Handler	4	static
../Core/Src/stm32f3xx_it.c:144:6:UsageFault_Handler	4	static
../Core/Src/stm32f3xx_it.c:159:6:SVC_Handler	4	static
../Core/Src/stm32f3xx_it.c:172:6:DebugMon_Handler	4	static
../Core/Src/stm32f3xx_it.c:185:6:PendSV_Handler	4	static
../Core/Src/stm32f3xx_it.c:198:6:SysTick_Handler	8	static
../Core/Src/stm32f3xx_it.c:222:6:DMA1_Channel1_IRQHandler	16	static
../Core/Src/stm32f3xx_it.c:275:6:DMA1_Channel7_IRQHandler	16	static
../Core/Src/stm32f3xx_it.c:302:6:TIM1_TRG_COM_TIM17_IRQHandler	16	static
../Core/Src/stm32f3xx_it.c:335:6:EXTI15_10_IRQHandler	8	static
../Core/Src/stm32f3xx_it.c:352:6:TIM6_DAC_IRQHandler	8	static
