../Core/Src/stm32f3xx_it.c:79:6:NMI_Handler	4	static
../Core/Src/stm32f3xx_it.c:94:6:HardFault_Handler	4	static
../Core/Src/stm32f3xx_it.c:109:6:MemManage_Handler	4	static
../Core/Src/stm32f3xx_it.c:124:6:BusFault_Handler	4	static
../Core/Src/stm32f3xx_it.c:139:6:UsageFault_Handler	4	static
../Core/Src/stm32f3xx_it.c:154:6:SVC_Handler	4	static
../Core/Src/stm32f3xx_it.c:167:6:DebugMon_Handler	4	static
../Core/Src/stm32f3xx_it.c:180:6:PendSV_Handler	4	static
../Core/Src/stm32f3xx_it.c:193:6:SysTick_Handler	8	static
../Core/Src/stm32f3xx_it.c:217:6:DMA1_Channel1_IRQHandler	16	static
../Core/Src/stm32f3xx_it.c:244:6:TIM1_TRG_COM_TIM17_IRQHandler	16	static
../Core/Src/stm32f3xx_it.c:277:6:EXTI15_10_IRQHandler	8	static
../Core/Src/stm32f3xx_it.c:294:6:TIM6_DAC_IRQHandler	8	static
