Archive member included to satisfy reference by file (symbol)

c:/program files (x86)/gnu arm embedded toolchain/10 2021.10/bin/../lib/gcc/arm-none-eabi/10.3.1/../../../../arm-none-eabi/lib/thumb/v7e-m+fp/hard\libc_nano.a(lib_a-exit.o)
                              c:/program files (x86)/gnu arm embedded toolchain/10 2021.10/bin/../lib/gcc/arm-none-eabi/10.3.1/../../../../arm-none-eabi/lib/thumb/v7e-m+fp/hard/crt0.o (exit)
c:/program files (x86)/gnu arm embedded toolchain/10 2021.10/bin/../lib/gcc/arm-none-eabi/10.3.1/../../../../arm-none-eabi/lib/thumb/v7e-m+fp/hard\libc_nano.a(lib_a-impure.o)
                              c:/program files (x86)/gnu arm embedded toolchain/10 2021.10/bin/../lib/gcc/arm-none-eabi/10.3.1/../../../../arm-none-eabi/lib/thumb/v7e-m+fp/hard\libc_nano.a(lib_a-exit.o) (_global_impure_ptr)
c:/program files (x86)/gnu arm embedded toolchain/10 2021.10/bin/../lib/gcc/arm-none-eabi/10.3.1/../../../../arm-none-eabi/lib/thumb/v7e-m+fp/hard\libc_nano.a(lib_a-init.o)
                              c:/program files (x86)/gnu arm embedded toolchain/10 2021.10/bin/../lib/gcc/arm-none-eabi/10.3.1/../../../../arm-none-eabi/lib/thumb/v7e-m+fp/hard/crt0.o (__libc_init_array)
c:/program files (x86)/gnu arm embedded toolchain/10 2021.10/bin/../lib/gcc/arm-none-eabi/10.3.1/../../../../arm-none-eabi/lib/thumb/v7e-m+fp/hard\libc_nano.a(lib_a-memset.o)
                              c:/program files (x86)/gnu arm embedded toolchain/10 2021.10/bin/../lib/gcc/arm-none-eabi/10.3.1/../../../../arm-none-eabi/lib/thumb/v7e-m+fp/hard/crt0.o (memset)
c:/program files (x86)/gnu arm embedded toolchain/10 2021.10/bin/../lib/gcc/arm-none-eabi/10.3.1/../../../../arm-none-eabi/lib/thumb/v7e-m+fp/hard\libc_nano.a(lib_a-printf.o)
                              build/main.o (printf)
c:/program files (x86)/gnu arm embedded toolchain/10 2021.10/bin/../lib/gcc/arm-none-eabi/10.3.1/../../../../arm-none-eabi/lib/thumb/v7e-m+fp/hard\libc_nano.a(lib_a-puts.o)
                              build/main.o (puts)
c:/program files (x86)/gnu arm embedded toolchain/10 2021.10/bin/../lib/gcc/arm-none-eabi/10.3.1/../../../../arm-none-eabi/lib/thumb/v7e-m+fp/hard\libc_nano.a(lib_a-sprintf.o)
                              build/main.o (sprintf)
c:/program files (x86)/gnu arm embedded toolchain/10 2021.10/bin/../lib/gcc/arm-none-eabi/10.3.1/../../../../arm-none-eabi/lib/thumb/v7e-m+fp/hard\libc_nano.a(lib_a-strcpy.o)
                              build/main.o (strcpy)
c:/program files (x86)/gnu arm embedded toolchain/10 2021.10/bin/../lib/gcc/arm-none-eabi/10.3.1/../../../../arm-none-eabi/lib/thumb/v7e-m+fp/hard\libc_nano.a(lib_a-wbuf.o)
                              c:/program files (x86)/gnu arm embedded toolchain/10 2021.10/bin/../lib/gcc/arm-none-eabi/10.3.1/../../../../arm-none-eabi/lib/thumb/v7e-m+fp/hard\libc_nano.a(lib_a-puts.o) (__swbuf_r)
c:/program files (x86)/gnu arm embedded toolchain/10 2021.10/bin/../lib/gcc/arm-none-eabi/10.3.1/../../../../arm-none-eabi/lib/thumb/v7e-m+fp/hard\libc_nano.a(lib_a-wsetup.o)
                              c:/program files (x86)/gnu arm embedded toolchain/10 2021.10/bin/../lib/gcc/arm-none-eabi/10.3.1/../../../../arm-none-eabi/lib/thumb/v7e-m+fp/hard\libc_nano.a(lib_a-puts.o) (__swsetup_r)
c:/program files (x86)/gnu arm embedded toolchain/10 2021.10/bin/../lib/gcc/arm-none-eabi/10.3.1/../../../../arm-none-eabi/lib/thumb/v7e-m+fp/hard\libc_nano.a(lib_a-fflush.o)
                              c:/program files (x86)/gnu arm embedded toolchain/10 2021.10/bin/../lib/gcc/arm-none-eabi/10.3.1/../../../../arm-none-eabi/lib/thumb/v7e-m+fp/hard\libc_nano.a(lib_a-wbuf.o) (_fflush_r)
c:/program files (x86)/gnu arm embedded toolchain/10 2021.10/bin/../lib/gcc/arm-none-eabi/10.3.1/../../../../arm-none-eabi/lib/thumb/v7e-m+fp/hard\libc_nano.a(lib_a-findfp.o)
                              c:/program files (x86)/gnu arm embedded toolchain/10 2021.10/bin/../lib/gcc/arm-none-eabi/10.3.1/../../../../arm-none-eabi/lib/thumb/v7e-m+fp/hard\libc_nano.a(lib_a-printf.o) (__sinit)
c:/program files (x86)/gnu arm embedded toolchain/10 2021.10/bin/../lib/gcc/arm-none-eabi/10.3.1/../../../../arm-none-eabi/lib/thumb/v7e-m+fp/hard\libc_nano.a(lib_a-fwalk.o)
                              c:/program files (x86)/gnu arm embedded toolchain/10 2021.10/bin/../lib/gcc/arm-none-eabi/10.3.1/../../../../arm-none-eabi/lib/thumb/v7e-m+fp/hard\libc_nano.a(lib_a-findfp.o) (_fwalk)
c:/program files (x86)/gnu arm embedded toolchain/10 2021.10/bin/../lib/gcc/arm-none-eabi/10.3.1/../../../../arm-none-eabi/lib/thumb/v7e-m+fp/hard\libc_nano.a(lib_a-lock.o)
                              c:/program files (x86)/gnu arm embedded toolchain/10 2021.10/bin/../lib/gcc/arm-none-eabi/10.3.1/../../../../arm-none-eabi/lib/thumb/v7e-m+fp/hard\libc_nano.a(lib_a-findfp.o) (__retarget_lock_init_recursive)
[...]
Memory Configuration

Name             Origin             Length             Attributes
RAM              0x20000000         0x00004000         xrw
FLASH            0x08000000         0x00010000         xr
*default*        0x00000000         0xffffffff

Linker script and memory map

LOAD c:/program files (x86)/gnu arm embedded toolchain/10 2021.10/bin/../lib/gcc/arm-none-eabi/10.3.1/thumb/v7e-m+fp/hard/crti.o
LOAD c:/program files (x86)/gnu arm embedded toolchain/10 2021.10/bin/../lib/gcc/arm-none-eabi/10.3.1/thumb/v7e-m+fp/hard/crtbegin.o
LOAD c:/program files (x86)/gnu arm embedded toolchain/10 2021.10/bin/../lib/gcc/arm-none-eabi/10.3.1/../../../../arm-none-eabi/lib/thumb/v7e-m+fp/hard/crt0.o
LOAD build/main.o
LOAD build/stm32f3xx_it.o
LOAD build/stm32f3xx_hal_msp.o
LOAD build/user_diskio.o
LOAD build/fatfs.o
LOAD build/stm32f3xx_hal_adc.o
LOAD build/stm32f3xx_hal_adc_ex.o
LOAD build/stm32f3xx_hal.o
LOAD build/stm32f3xx_hal_rcc.o
LOAD build/stm32f3xx_hal_rcc_ex.o
LOAD build/stm32f3xx_hal_gpio.o
LOAD build/stm32f3xx_hal_dma.o
LOAD build/stm32f3xx_hal_cortex.o
LOAD build/stm32f3xx_hal_pwr.o
LOAD build/stm32f3xx_hal_pwr_ex.o
LOAD build/stm32f3xx_hal_flash.o
LOAD build/stm32f3xx_hal_flash_ex.o
LOAD build/stm32f3xx_hal_i2c.o
LOAD build/stm32f3xx_hal_i2c_ex.o
LOAD build/stm32f3xx_hal_exti.o
LOAD build/stm32f3xx_hal_dac.o
LOAD build/stm32f3xx_hal_dac_ex.o
LOAD build/stm32f3xx_hal_spi.o
LOAD build/stm32f3xx_hal_spi_ex.o
LOAD build/stm32f3xx_hal_tim.o
LOAD build/stm32f3xx_hal_tim_ex.o
LOAD build/stm32f3xx_hal_uart.o
LOAD build/stm32f3xx_hal_uart_ex.o
LOAD build/system_stm32f3xx.o
LOAD build/diskio.o
LOAD build/ff.o
LOAD build/ff_gen_drv.o
LOAD build/syscall.o
LOAD build/ccsbcs.o
LOAD build/startup_stm32f302x8.o
LOAD c:/program files (x86)/gnu arm embedded toolchain/10 2021.10/bin/../lib/gcc/arm-none-eabi/10.3.1/../../../../arm-none-eabi/lib/thumb/v7e-m+fp/hard\libc_nano.a
LOAD c:/program files (x86)/gnu arm embedded toolchain/10 2021.10/bin/../lib/gcc/arm-none-eabi/10.3.1/../../../../arm-none-eabi/lib/thumb/v7e-m+fp/hard\libm.a
LOAD c:/program files (x86)/gnu arm embedded toolchain/10 2021.10/bin/../lib/gcc/arm-none-eabi/10.3.1/../../../../arm-none-eabi/lib/thumb/v7e-m+fp/hard\libnosys.a
START GROUP
LOAD c:/program files (x86)/gnu arm embedded toolchain/10 2021.10/bin/../lib/gcc/arm-none-eabi/10.3.1/thumb/v7e-m+fp/hard\libgcc.a
LOAD c:/program files (x86)/gnu arm embedded toolchain/10 2021.10/bin/../lib/gcc/arm-none-eabi/10.3.1/../../../../arm-none-eabi/lib/thumb/v7e-m+fp/hard\libc_nano.a
END GROUP
START GROUP
LOAD c:/program files (x86)/gnu arm embedded toolchain/10 2021.10/bin/../lib/gcc/arm-none-eabi/10.3.1/thumb/v7e-m+fp/hard\libgcc.a
LOAD c:/program files (x86)/gnu arm embedded toolchain/10 2021.10/bin/../lib/gcc/arm-none-eabi/10.3.1/../../../../arm-none-eabi/lib/thumb/v7e-m+fp/hard\libc_nano.a
END GROUP
LOAD c:/program files (x86)/gnu arm embedded toolchain/10 2021.10/bin/../lib/gcc/arm-none-eabi/10.3.1/thumb/v7e-m+fp/hard/crtend.o
LOAD c:/program files (x86)/gnu arm embedded toolchain/10 2021.10/bin/../lib/gcc/arm-none-eabi/10.3.1/thumb/v7e-m+fp/hard/crtn.o
                0x20004000                _estack = (ORIGIN (RAM) + LENGTH (RAM))
                0x00000200                _Min_Heap_Size = 0x200
                0x00000400                _Min_Stack_Size = 0x400

.isr_vector     0x08000000      0x188
                0x08000000                . = ALIGN (0x4)
 *(.isr_vector)
 .isr_vector    0x08000000      0x188 build/startup_stm32f302x8.o
                0x08000000                g_pfnVectors
                0x08000188                . = ALIGN (0x4)

.text           0x08000190     0x7f24
                0x08000190                . = ALIGN (0x4)
 *(.text)
 .text          0x08000190       0x40 c:/program files (x86)/gnu arm embedded toolchain/10 2021.10/bin/../lib/gcc/arm-none-eabi/10.3.1/thumb/v7e-m+fp/hard/crtbegin.o
 .text          0x080001d0       0xa0 c:/program files (x86)/gnu arm embedded toolchain/10 2021.10/bin/../lib/gcc/arm-none-eabi/10.3.1/../../../../arm-none-eabi/lib/thumb/v7e-m+fp/hard\libc_nano.a(lib_a-memchr.o)
                0x080001d0                memchr
 *(.text*)
 .text.MX_GPIO_Init
                0x08000270       0xe0 build/main.o
 .text.MX_DMA_Init
                0x08000350       0x44 build/main.o
 .text.process_SD_card
                0x08000394       0xe4 build/main.o
                0x08000394                process_SD_card
 .text.start_play_music
                0x08000478       0x58 build/main.o
                0x08000478                start_play_music
 .text.stop_play_music
                0x080004d0       0x48 build/main.o
                0x080004d0                stop_play_music
 .text.HAL_GPIO_EXTI_Callback
                0x08000518      0x55c build/main.o
                0x08000518                HAL_GPIO_EXTI_Callback
 .text.Error_Handler
                0x08000a74        0x4 build/main.o
                0x08000a74                Error_Handler
 .text.MX_I2C1_Init
                0x08000a78       0x58 build/main.o
 .text.MX_SPI2_Init
                0x08000ad0       0x48 build/main.o
 .text.MX_USART1_UART_Init
                0x08000b18       0x38 build/main.o
 .text.MX_TIM17_Init
                0x08000b50       0xa0 build/main.o
 .text.MX_TIM6_Init
                0x08000bf0       0x4c build/main.o
 .text.MX_ADC1_Init
                0x08000c3c       0x7c build/main.o
 .text.MX_DAC_Init
                0x08000cb8       0x40 build/main.o
 .text.SystemClock_Config
                0x08000cf8       0x8c build/main.o
                0x08000cf8                SystemClock_Config
 .text.main     0x08000d84       0x88 build/main.o
                0x08000d84                main
 .text.NMI_Handler
                0x08000e0c        0x2 build/stm32f3xx_it.o
                0x08000e0c                NMI_Handler
 .text.HardFault_Handler
                0x08000e0e        0x2 build/stm32f3xx_it.o
                0x08000e0e                HardFault_Handler
 .text.MemManage_Handler
                0x08000e10        0x2 build/stm32f3xx_it.o
                0x08000e10                MemManage_Handler
 .text.BusFault_Handler
                0x08000e12        0x2 build/stm32f3xx_it.o
                0x08000e12                BusFault_Handler
 .text.UsageFault_Handler
                0x08000e14        0x2 build/stm32f3xx_it.o
                0x08000e14                UsageFault_Handler
 .text.SVC_Handler
                0x08000e16        0x2 build/stm32f3xx_it.o
                0x08000e16                SVC_Handler
 .text.DebugMon_Handler
                0x08000e18        0x2 build/stm32f3xx_it.o
                0x08000e18                DebugMon_Handler
 .text.PendSV_Handler
                0x08000e1a        0x2 build/stm32f3xx_it.o
                0x08000e1a                PendSV_Handler
 .text.SysTick_Handler
                0x08000e1c       0x28 build/stm32f3xx_it.o
                0x08000e1c                SysTick_Handler
 .text.DMA1_Channel1_IRQHandler
                0x08000e44       0xf8 build/stm32f3xx_it.o
                0x08000e44                DMA1_Channel1_IRQHandler
 .text.DMA1_Channel7_IRQHandler
                0x08000f3c       0x7c build/stm32f3xx_it.o
                0x08000f3c                DMA1_Channel7_IRQHandler
 .text.TIM1_TRG_COM_TIM17_IRQHandler
                0x08000fb8       0x8c build/stm32f3xx_it.o
                0x08000fb8                TIM1_TRG_COM_TIM17_IRQHandler
 .text.EXTI15_10_IRQHandler
                0x08001044       0x2c build/stm32f3xx_it.o
                0x08001044                EXTI15_10_IRQHandler
 .text.TIM6_DAC_IRQHandler
                0x08001070       0xa8 build/stm32f3xx_it.o
                0x08001070                TIM6_DAC_IRQHandler
 .text.HAL_MspInit
                0x08001118       0x30 build/stm32f3xx_hal_msp.o
                0x08001118                HAL_MspInit
 .text.HAL_ADC_MspInit
                0x08001148       0x98 build/stm32f3xx_hal_msp.o
                0x08001148                HAL_ADC_MspInit
 .text.HAL_DAC_MspInit
                0x080011e0       0x70 build/stm32f3xx_hal_msp.o
                0x080011e0                HAL_DAC_MspInit
 .text.HAL_I2C_MspInit
                0x08001250       0x6c build/stm32f3xx_hal_msp.o
                0x08001250                HAL_I2C_MspInit
 .text.HAL_SPI_MspInit
                0x080012bc       0x6c build/stm32f3xx_hal_msp.o
                0x080012bc                HAL_SPI_MspInit
 .text.HAL_TIM_Base_MspInit
                0x08001328       0xb8 build/stm32f3xx_hal_msp.o
                0x08001328                HAL_TIM_Base_MspInit
 .text.HAL_TIM_MspPostInit
                0x080013e0       0x50 build/stm32f3xx_hal_msp.o
                0x080013e0                HAL_TIM_MspPostInit
 .text.HAL_UART_MspInit
                0x08001430       0x68 build/stm32f3xx_hal_msp.o
                0x08001430                HAL_UART_MspInit
 .text.USER_initialize
                0x08001498        0x8 build/user_diskio.o
                0x08001498                USER_initialize
 .text.USER_status
                0x080014a0        0x8 build/user_diskio.o
                0x080014a0                USER_status
 .text.USER_read
                0x080014a8        0x8 build/user_diskio.o
                0x080014a8                USER_read
 .text.USER_write
                0x080014b0        0x8 build/user_diskio.o
                0x080014b0                USER_write
 .text.USER_ioctl
                0x080014b8        0x8 build/user_diskio.o
                0x080014b8                USER_ioctl
 .text.MX_FATFS_Init
                0x080014c0       0x1c build/fatfs.o
                0x080014c0                MX_FATFS_Init
 .text.get_fattime
                0x080014dc        0x4 build/fatfs.o
                0x080014dc                get_fattime
 .text.ADC_Disable
                0x080014e0       0x88 build/stm32f3xx_hal_adc_ex.o
 .text.ADC_ConversionStop
                0x08001568       0xe0 build/stm32f3xx_hal_adc_ex.o
 .text.ADC_Enable
                0x08001648       0x80 build/stm32f3xx_hal_adc_ex.o
 .text.HAL_ADC_Init
                0x080016c8      0x1e4 build/stm32f3xx_hal_adc_ex.o
                0x080016c8                HAL_ADC_Init
 .text.HAL_ADC_Start
                0x080018ac       0x8c build/stm32f3xx_hal_adc_ex.o
                0x080018ac                HAL_ADC_Start
 .text.HAL_ADC_Stop
                0x08001938       0x42 build/stm32f3xx_hal_adc_ex.o
                0x08001938                HAL_ADC_Stop
 *fill*         0x0800197a        0x2 
 .text.HAL_ADC_ConfigChannel
                0x0800197c      0x358 build/stm32f3xx_hal_adc_ex.o
                0x0800197c                HAL_ADC_ConfigChannel
 .text.HAL_InitTick
                0x08001cd4       0x4c build/stm32f3xx_hal.o
                0x08001cd4                HAL_InitTick
 .text.HAL_Init
                0x08001d20       0x24 build/stm32f3xx_hal.o
                0x08001d20                HAL_Init
 .text.HAL_IncTick
                0x08001d44       0x18 build/stm32f3xx_hal.o
                0x08001d44                HAL_IncTick
 .text.HAL_GetTick
                0x08001d5c        0xc build/stm32f3xx_hal.o
                0x08001d5c                HAL_GetTick
 .text.HAL_Delay
                0x08001d68       0x28 build/stm32f3xx_hal.o
                0x08001d68                HAL_Delay
 .text.HAL_RCC_OscConfig
                0x08001d90      0x634 build/stm32f3xx_hal_rcc.o
                0x08001d90                HAL_RCC_OscConfig
 .text.HAL_RCC_GetSysClockFreq
                0x080023c4       0x70 build/stm32f3xx_hal_rcc.o
                0x080023c4                HAL_RCC_GetSysClockFreq
 .text.HAL_RCC_ClockConfig
                0x08002434      0x1a8 build/stm32f3xx_hal_rcc.o
                0x08002434                HAL_RCC_ClockConfig
 .text.HAL_RCC_GetHCLKFreq
                0x080025dc        0xc build/stm32f3xx_hal_rcc.o
                0x080025dc                HAL_RCC_GetHCLKFreq
 .text.HAL_RCC_GetPCLK1Freq
                0x080025e8       0x2c build/stm32f3xx_hal_rcc.o
                0x080025e8                HAL_RCC_GetPCLK1Freq
 .text.HAL_RCC_GetPCLK2Freq
                0x08002614       0x2c build/stm32f3xx_hal_rcc.o
                0x08002614                HAL_RCC_GetPCLK2Freq
 .text.HAL_RCCEx_PeriphCLKConfig
                0x08002640      0x234 build/stm32f3xx_hal_rcc_ex.o
                0x08002640                HAL_RCCEx_PeriphCLKConfig
 .text.HAL_GPIO_Init
                0x08002874      0x1bc build/stm32f3xx_hal_gpio.o
                0x08002874                HAL_GPIO_Init
 .text.HAL_GPIO_ReadPin
                0x08002a30        0xe build/stm32f3xx_hal_gpio.o
                0x08002a30                HAL_GPIO_ReadPin
 .text.HAL_GPIO_WritePin
                0x08002a3e        0xa build/stm32f3xx_hal_gpio.o
                0x08002a3e                HAL_GPIO_WritePin
 .text.HAL_GPIO_EXTI_IRQHandler
                0x08002a48       0x1c build/stm32f3xx_hal_gpio.o
                0x08002a48                HAL_GPIO_EXTI_IRQHandler
 .text.DMA_SetConfig
                0x08002a64       0x2c build/stm32f3xx_hal_dma.o
 .text.DMA_CalcBaseAndBitshift
                0x08002a90       0x24 build/stm32f3xx_hal_dma.o
 .text.HAL_DMA_Init
                0x08002ab4       0x50 build/stm32f3xx_hal_dma.o
                0x08002ab4                HAL_DMA_Init
 .text.HAL_DMA_Start_IT
                0x08002b04       0x74 build/stm32f3xx_hal_dma.o
                0x08002b04                HAL_DMA_Start_IT
 .text.HAL_DMA_Abort_IT
                0x08002b78       0x4a build/stm32f3xx_hal_dma.o
                0x08002b78                HAL_DMA_Abort_IT
 .text.HAL_DMA_IRQHandler
                0x08002bc2       0xb4 build/stm32f3xx_hal_dma.o
                0x08002bc2                HAL_DMA_IRQHandler
 *fill*         0x08002c76        0x2 
 .text.HAL_NVIC_SetPriorityGrouping
                0x08002c78       0x24 build/stm32f3xx_hal_cortex.o
                0x08002c78                HAL_NVIC_SetPriorityGrouping
 .text.HAL_NVIC_SetPriority
                0x08002c9c       0x70 build/stm32f3xx_hal_cortex.o
                0x08002c9c                HAL_NVIC_SetPriority
 .text.HAL_NVIC_EnableIRQ
                0x08002d0c       0x1c build/stm32f3xx_hal_cortex.o
                0x08002d0c                HAL_NVIC_EnableIRQ
 .text.HAL_SYSTICK_Config
                0x08002d28       0x28 build/stm32f3xx_hal_cortex.o
                0x08002d28                HAL_SYSTICK_Config
 .text.HAL_I2C_Init
                0x08002d50       0xbc build/stm32f3xx_hal_i2c.o
                0x08002d50                HAL_I2C_Init
 .text.HAL_I2CEx_ConfigAnalogFilter
                0x08002e0c       0x5c build/stm32f3xx_hal_i2c_ex.o
                0x08002e0c                HAL_I2CEx_ConfigAnalogFilter
 .text.HAL_I2CEx_ConfigDigitalFilter
                0x08002e68       0x58 build/stm32f3xx_hal_i2c_ex.o
                0x08002e68                HAL_I2CEx_ConfigDigitalFilter
 .text.HAL_DAC_Init
                0x08002ec0       0x24 build/stm32f3xx_hal_dac.o
                0x08002ec0                HAL_DAC_Init
 .text.HAL_DAC_DMAUnderrunCallbackCh1
                0x08002ee4        0x2 build/stm32f3xx_hal_dac.o
                0x08002ee4                HAL_DAC_DMAUnderrunCallbackCh1
 .text.HAL_DAC_IRQHandler
                0x08002ee6       0x38 build/stm32f3xx_hal_dac_ex.o
                0x08002ee6                HAL_DAC_IRQHandler
 .text.HAL_DAC_ConfigChannel
                0x08002f1e       0x52 build/stm32f3xx_hal_dac_ex.o
                0x08002f1e                HAL_DAC_ConfigChannel
 .text.HAL_SPI_Init
                0x08002f70       0xe8 build/stm32f3xx_hal_spi.o
                0x08002f70                HAL_SPI_Init
 .text.TIM_OC1_SetConfig
                0x08003058       0x90 build/stm32f3xx_hal_tim.o
 .text.TIM_OC3_SetConfig
                0x080030e8       0x7c build/stm32f3xx_hal_tim.o
 .text.TIM_OC4_SetConfig
                0x08003164       0x64 build/stm32f3xx_hal_tim.o
 .text.TIM_OC5_SetConfig
                0x080031c8       0x60 build/stm32f3xx_hal_tim.o
 .text.TIM_OC6_SetConfig
                0x08003228       0x64 build/stm32f3xx_hal_tim.o
 .text.HAL_TIM_Base_Start_IT
                0x0800328c       0x6c build/stm32f3xx_hal_tim.o
                0x0800328c                HAL_TIM_Base_Start_IT
 .text.HAL_TIM_Base_Stop_IT
                0x080032f8       0x32 build/stm32f3xx_hal_tim.o
                0x080032f8                HAL_TIM_Base_Stop_IT
 .text.HAL_TIM_PWM_MspInit
                0x0800332a        0x2 build/stm32f3xx_hal_tim.o
                0x0800332a                HAL_TIM_PWM_MspInit
 .text.HAL_TIM_PeriodElapsedCallback
                0x0800332c        0x2 build/stm32f3xx_hal_tim.o
                0x0800332c                HAL_TIM_PeriodElapsedCallback
 .text.HAL_TIM_OC_DelayElapsedCallback
                0x0800332e        0x2 build/stm32f3xx_hal_tim.o
                0x0800332e                HAL_TIM_OC_DelayElapsedCallback
 .text.HAL_TIM_IC_CaptureCallback
                0x08003330        0x2 build/stm32f3xx_hal_tim.o
                0x08003330                HAL_TIM_IC_CaptureCallback
 .text.HAL_TIM_PWM_PulseFinishedCallback
                0x08003332        0x2 build/stm32f3xx_hal_tim.o
                0x08003332                HAL_TIM_PWM_PulseFinishedCallback
 .text.TIM_DMADelayPulseCplt
                0x08003334       0x70 build/stm32f3xx_hal_tim.o
 .text.HAL_TIM_PWM_PulseFinishedHalfCpltCallback
                0x080033a4        0x2 build/stm32f3xx_hal_tim.o
                0x080033a4                HAL_TIM_PWM_PulseFinishedHalfCpltCallback
 .text.TIM_DMADelayPulseHalfCplt
                0x080033a6       0x3e build/stm32f3xx_hal_tim.o
                0x080033a6                TIM_DMADelayPulseHalfCplt
 .text.HAL_TIM_TriggerCallback
                0x080033e4        0x2 build/stm32f3xx_hal_tim.o
                0x080033e4                HAL_TIM_TriggerCallback
 .text.HAL_TIM_IRQHandler
                0x080033e6      0x19a build/stm32f3xx_hal_tim.o
                0x080033e6                HAL_TIM_IRQHandler
 .text.HAL_TIM_ErrorCallback
                0x08003580        0x2 build/stm32f3xx_hal_tim.o
                0x08003580                HAL_TIM_ErrorCallback
 .text.TIM_DMAError
                0x08003582       0x5c build/stm32f3xx_hal_tim.o
                0x08003582                TIM_DMAError
 *fill*         0x080035de        0x2 
 .text.TIM_Base_SetConfig
                0x080035e0       0x80 build/stm32f3xx_hal_tim.o
                0x080035e0                TIM_Base_SetConfig
 .text.HAL_TIM_Base_Init
                0x08003660       0x60 build/stm32f3xx_hal_tim.o
                0x08003660                HAL_TIM_Base_Init
 .text.HAL_TIM_PWM_Init
                0x080036c0       0x60 build/stm32f3xx_hal_tim.o
                0x080036c0                HAL_TIM_PWM_Init
 .text.TIM_OC2_SetConfig
                0x08003720       0x80 build/stm32f3xx_hal_tim.o
                0x08003720                TIM_OC2_SetConfig
 .text.HAL_TIM_PWM_ConfigChannel
                0x080037a0      0x13a build/stm32f3xx_hal_tim.o
                0x080037a0                HAL_TIM_PWM_ConfigChannel
 .text.TIM_CCxChannelCmd
                0x080038da       0x1e build/stm32f3xx_hal_tim.o
                0x080038da                TIM_CCxChannelCmd
 .text.HAL_TIM_PWM_Start
                0x080038f8      0x138 build/stm32f3xx_hal_tim.o
                0x080038f8                HAL_TIM_PWM_Start
 .text.HAL_TIM_PWM_Stop
                0x08003a30       0xb4 build/stm32f3xx_hal_tim.o
                0x08003a30                HAL_TIM_PWM_Stop
 .text.HAL_TIM_PWM_Start_DMA
                0x08003ae4      0x2d0 build/stm32f3xx_hal_tim.o
                0x08003ae4                HAL_TIM_PWM_Start_DMA
 .text.HAL_TIM_PWM_Stop_DMA
                0x08003db4      0x124 build/stm32f3xx_hal_tim.o
                0x08003db4                HAL_TIM_PWM_Stop_DMA
 .text.HAL_TIMEx_MasterConfigSynchronization
                0x08003ed8       0x70 build/stm32f3xx_hal_tim_ex.o
                0x08003ed8                HAL_TIMEx_MasterConfigSynchronization
 .text.HAL_TIMEx_ConfigBreakDeadTime
                0x08003f48       0x88 build/stm32f3xx_hal_tim_ex.o
                0x08003f48                HAL_TIMEx_ConfigBreakDeadTime
 .text.HAL_TIMEx_CommutCallback
                0x08003fd0        0x2 build/stm32f3xx_hal_tim_ex.o
                0x08003fd0                HAL_TIMEx_CommutCallback
 .text.HAL_TIMEx_BreakCallback
                0x08003fd2        0x2 build/stm32f3xx_hal_tim_ex.o
                0x08003fd2                HAL_TIMEx_BreakCallback
 .text.HAL_TIMEx_Break2Callback
                0x08003fd4        0x2 build/stm32f3xx_hal_tim_ex.o
                0x08003fd4                HAL_TIMEx_Break2Callback
 .text.UART_EndRxTransfer
                0x08003fd6       0x52 build/stm32f3xx_hal_uart.o
 .text.UART_SetConfig
                0x08004028      0x164 build/stm32f3xx_hal_uart.o
                0x08004028                UART_SetConfig
 .text.UART_AdvFeatureConfig
                0x0800418c       0xca build/stm32f3xx_hal_uart.o
                0x0800418c                UART_AdvFeatureConfig
 .text.UART_WaitOnFlagUntilTimeout
                0x08004256       0x9a build/stm32f3xx_hal_uart.o
                0x08004256                UART_WaitOnFlagUntilTimeout
 .text.UART_CheckIdleState
                0x080042f0       0xc6 build/stm32f3xx_hal_uart.o
                0x080042f0                UART_CheckIdleState
 .text.HAL_UART_Init
                0x080043b6       0x62 build/stm32f3xx_hal_uart.o
                0x080043b6                HAL_UART_Init
 .text.SystemInit
                0x08004418       0x14 build/system_stm32f3xx.o
                0x08004418                SystemInit
 .text.disk_status
                0x0800442c       0x18 build/diskio.o
                0x0800442c                disk_status
 .text.disk_initialize
                0x08004444       0x28 build/diskio.o
                0x08004444                disk_initialize
 .text.disk_read
                0x0800446c       0x18 build/diskio.o
                0x0800446c                disk_read
 .text.disk_write
                0x08004484       0x18 build/diskio.o
                0x08004484                disk_write
 .text.disk_ioctl
                0x0800449c       0x18 build/diskio.o
                0x0800449c                disk_ioctl
 .text.mem_cpy  0x080044b4       0x14 build/ff.o
 .text.mem_set  0x080044c8       0x10 build/ff.o
 .text.mem_cmp  0x080044d8       0x20 build/ff.o
 .text.chk_chr  0x080044f8       0x10 build/ff.o
 .text.chk_lock
                0x08004508       0x90 build/ff.o
 .text.enq_lock
                0x08004598       0x24 build/ff.o
 .text.inc_lock
                0x080045bc       0xd4 build/ff.o
 .text.dec_lock
                0x08004690       0x48 build/ff.o
 .text.clear_lock
                0x080046d8       0x48 build/ff.o
 .text.clmt_clust
                0x08004720       0x2e build/ff.o
 .text.ld_clust
                0x0800474e       0x24 build/ff.o
 .text.st_clust
                0x08004772       0x14 build/ff.o
 *fill*         0x08004786        0x2 
 .text.pick_lfn
                0x08004788       0x80 build/ff.o
 .text.fit_lfn  0x08004808       0x78 build/ff.o
 .text.gen_numname
                0x08004880       0xaa build/ff.o
 .text.sum_sfn  0x0800492a       0x20 build/ff.o
 .text.get_ldnumber
                0x0800494a       0x54 build/ff.o
 .text.sync_window
                0x0800499e       0x5e build/ff.o
 .text.move_window
                0x080049fc       0x40 build/ff.o
 .text.check_fs
                0x08004a3c       0x90 build/ff.o
 .text.validate
                0x08004acc       0x3e build/ff.o
 *fill*         0x08004b0a        0x2 
 .text.find_volume
                0x08004b0c      0x40c build/ff.o
 .text.sync_fs  0x08004f18       0xbe build/ff.o
 *fill*         0x08004fd6        0x2 
 .text.create_name
                0x08004fd8      0x238 build/ff.o
 .text.get_fileinfo
                0x08005210       0xe8 build/ff.o
 .text.cmp_lfn  0x080052f8       0x88 build/ff.o
 .text.clust2sect
                0x08005380       0x20 build/ff.o
                0x08005380                clust2sect
 .text.get_fat  0x080053a0      0x122 build/ff.o
                0x080053a0                get_fat
 .text.dir_sdi  0x080054c2       0xe2 build/ff.o
 .text.put_fat  0x080055a4      0x15c build/ff.o
                0x080055a4                put_fat
 .text.create_chain
                0x08005700       0xd0 build/ff.o
 .text.dir_next
                0x080057d0      0x182 build/ff.o
 .text.dir_find
                0x08005952       0xee build/ff.o
 .text.follow_path
                0x08005a40       0x90 build/ff.o
 .text.dir_alloc
                0x08005ad0       0x56 build/ff.o
 *fill*         0x08005b26        0x2 
 .text.dir_register
                0x08005b28      0x154 build/ff.o
 .text.dir_read
                0x08005c7c       0xda build/ff.o
 .text.remove_chain
                0x08005d56       0x78 build/ff.o
 *fill*         0x08005dce        0x2 
 .text.f_mount  0x08005dd0       0x64 build/ff.o
                0x08005dd0                f_mount
 .text.f_open   0x08005e34      0x218 build/ff.o
                0x08005e34                f_open
 .text.f_read   0x0800604c      0x260 build/ff.o
                0x0800604c                f_read
 .text.f_write  0x080062ac      0x2aa build/ff.o
                0x080062ac                f_write
 .text.f_sync   0x08006556       0xb4 build/ff.o
                0x08006556                f_sync
 .text.f_close  0x0800660a       0x2c build/ff.o
                0x0800660a                f_close
 .text.f_lseek  0x08006636      0x38a build/ff.o
                0x08006636                f_lseek
 .text.f_opendir
                0x080069c0       0xb4 build/ff.o
                0x080069c0                f_opendir
 .text.f_readdir
                0x08006a74       0x70 build/ff.o
                0x08006a74                f_readdir
 .text.FATFS_LinkDriverEx
                0x08006ae4       0x54 build/ff_gen_drv.o
                0x08006ae4                FATFS_LinkDriverEx
 .text.FATFS_LinkDriver
                0x08006b38        0xa build/ff_gen_drv.o
                0x08006b38                FATFS_LinkDriver
 *fill*         0x08006b42        0x2 
 .text.ff_convert
                0x08006b44       0x3c build/ccsbcs.o
                0x08006b44                ff_convert
 .text.ff_wtoupper
                0x08006b80       0x24 build/ccsbcs.o
                0x08006b80                ff_wtoupper
 .text.Reset_Handler
                0x08006ba4       0x50 build/startup_stm32f302x8.o
                0x08006ba4                Reset_Handler
 .text.Default_Handler
                0x08006bf4        0x2 build/startup_stm32f302x8.o
                0x08006bf4                RTC_Alarm_IRQHandler
                0x08006bf4                TIM1_CC_IRQHandler
                0x08006bf4                USB_HP_IRQHandler
                0x08006bf4                PVD_IRQHandler
                0x08006bf4                TAMP_STAMP_IRQHandler
                0x08006bf4                EXTI3_IRQHandler
                0x08006bf4                I2C3_ER_IRQHandler
                0x08006bf4                USB_HP_CAN_TX_IRQHandler
                0x08006bf4                EXTI0_IRQHandler
                0x08006bf4                I2C2_EV_IRQHandler
                0x08006bf4                FPU_IRQHandler
                0x08006bf4                TIM1_UP_TIM16_IRQHandler
                0x08006bf4                CAN_SCE_IRQHandler
                0x08006bf4                DMA1_Channel4_IRQHandler
                0x08006bf4                ADC1_IRQHandler
                0x08006bf4                USART3_IRQHandler
                0x08006bf4                CAN_RX1_IRQHandler
                0x08006bf4                I2C1_EV_IRQHandler
                0x08006bf4                DMA1_Channel6_IRQHandler
                0x08006bf4                RCC_IRQHandler
                0x08006bf4                Default_Handler
                0x08006bf4                USBWakeUp_RMP_IRQHandler
                0x08006bf4                COMP2_IRQHandler
                0x08006bf4                I2C3_EV_IRQHandler
                0x08006bf4                EXTI9_5_IRQHandler
                0x08006bf4                RTC_WKUP_IRQHandler
                0x08006bf4                SPI2_IRQHandler
                0x08006bf4                USB_LP_CAN_RX0_IRQHandler
                0x08006bf4                DMA1_Channel5_IRQHandler
                0x08006bf4                USB_LP_IRQHandler
                0x08006bf4                EXTI4_IRQHandler
                0x08006bf4                DMA1_Channel3_IRQHandler
                0x08006bf4                WWDG_IRQHandler
                0x08006bf4                TIM2_IRQHandler
                0x08006bf4                EXTI1_IRQHandler
                0x08006bf4                COMP4_6_IRQHandler
                0x08006bf4                USART2_IRQHandler
                0x08006bf4                I2C2_ER_IRQHandler
                0x08006bf4                DMA1_Channel2_IRQHandler
                0x08006bf4                FLASH_IRQHandler
                0x08006bf4                USART1_IRQHandler
                0x08006bf4                SPI3_IRQHandler
                0x08006bf4                I2C1_ER_IRQHandler
                0x08006bf4                USBWakeUp_IRQHandler
                0x08006bf4                EXTI2_TSC_IRQHandler
                0x08006bf4                TIM1_BRK_TIM15_IRQHandler
 *fill*         0x08006bf6        0x2 
 .text.__libc_init_array
                0x08006bf8       0x48 c:/program files (x86)/gnu arm embedded toolchain/10 2021.10/bin/../lib/gcc/arm-none-eabi/10.3.1/../../../../arm-none-eabi/lib/thumb/v7e-m+fp/hard\libc_nano.a(lib_a-init.o)
                0x08006bf8                __libc_init_array
 .text.memset   0x08006c40       0x10 c:/program files (x86)/gnu arm embedded toolchain/10 2021.10/bin/../lib/gcc/arm-none-eabi/10.3.1/../../../../arm-none-eabi/lib/thumb/v7e-m+fp/hard\libc_nano.a(lib_a-memset.o)
                0x08006c40                memset
 .text.printf   0x08006c50       0x30 c:/program files (x86)/gnu arm embedded toolchain/10 2021.10/bin/../lib/gcc/arm-none-eabi/10.3.1/../../../../arm-none-eabi/lib/thumb/v7e-m+fp/hard\libc_nano.a(lib_a-printf.o)
                0x08006c50                iprintf
                0x08006c50                printf
 .text._puts_r  0x08006c80       0xdc c:/program files (x86)/gnu arm embedded toolchain/10 2021.10/bin/../lib/gcc/arm-none-eabi/10.3.1/../../../../arm-none-eabi/lib/thumb/v7e-m+fp/hard\libc_nano.a(lib_a-puts.o)
                0x08006c80                _puts_r
 .text.puts     0x08006d5c       0x10 c:/program files (x86)/gnu arm embedded toolchain/10 2021.10/bin/../lib/gcc/arm-none-eabi/10.3.1/../../../../arm-none-eabi/lib/thumb/v7e-m+fp/hard\libc_nano.a(lib_a-puts.o)
                0x08006d5c                puts
 .text.sprintf  0x08006d6c       0x40 c:/program files (x86)/gnu arm embedded toolchain/10 2021.10/bin/../lib/gcc/arm-none-eabi/10.3.1/../../../../arm-none-eabi/lib/thumb/v7e-m+fp/hard\libc_nano.a(lib_a-sprintf.o)
                0x08006d6c                siprintf
                0x08006d6c                sprintf
 .text.strcpy   0x08006dac       0x10 c:/program files (x86)/gnu arm embedded toolchain/10 2021.10/bin/../lib/gcc/arm-none-eabi/10.3.1/../../../../arm-none-eabi/lib/thumb/v7e-m+fp/hard\libc_nano.a(lib_a-strcpy.o)
                0x08006dac                strcpy
 .text.__swbuf_r
                0x08006dbc       0xa4 c:/program files (x86)/gnu arm embedded toolchain/10 2021.10/bin/../lib/gcc/arm-none-eabi/10.3.1/../../../../arm-none-eabi/lib/thumb/v7e-m+fp/hard\libc_nano.a(lib_a-wbuf.o)
                0x08006dbc                __swbuf_r
 .text.__swsetup_r
                0x08006e60       0xdc c:/program files (x86)/gnu arm embedded toolchain/10 2021.10/bin/../lib/gcc/arm-none-eabi/10.3.1/../../../../arm-none-eabi/lib/thumb/v7e-m+fp/hard\libc_nano.a(lib_a-wsetup.o)
                0x08006e60                __swsetup_r
 .text.__sflush_r
                0x08006f3c      0x10c c:/program files (x86)/gnu arm embedded toolchain/10 2021.10/bin/../lib/gcc/arm-none-eabi/10.3.1/../../../../arm-none-eabi/lib/thumb/v7e-m+fp/hard\libc_nano.a(lib_a-fflush.o)
                0x08006f3c                __sflush_r
 .text._fflush_r
                0x08007048       0x78 c:/program files (x86)/gnu arm embedded toolchain/10 2021.10/bin/../lib/gcc/arm-none-eabi/10.3.1/../../../../arm-none-eabi/lib/thumb/v7e-m+fp/hard\libc_nano.a(lib_a-fflush.o)
                0x08007048                _fflush_r
 .text.std      0x080070c0       0x48 c:/program files (x86)/gnu arm embedded toolchain/10 2021.10/bin/../lib/gcc/arm-none-eabi/10.3.1/../../../../arm-none-eabi/lib/thumb/v7e-m+fp/hard\libc_nano.a(lib_a-findfp.o)
 .text._cleanup_r
                0x08007108        0xc c:/program files (x86)/gnu arm embedded toolchain/10 2021.10/bin/../lib/gcc/arm-none-eabi/10.3.1/../../../../arm-none-eabi/lib/thumb/v7e-m+fp/hard\libc_nano.a(lib_a-findfp.o)
                0x08007108                _cleanup_r
 .text.__sfmoreglue
                0x08007114       0x2c c:/program files (x86)/gnu arm embedded toolchain/10 2021.10/bin/../lib/gcc/arm-none-eabi/10.3.1/../../../../arm-none-eabi/lib/thumb/v7e-m+fp/hard\libc_nano.a(lib_a-findfp.o)
                0x08007114                __sfmoreglue
 .text.__sfp_lock_acquire
                0x08007140        0xc c:/program files (x86)/gnu arm embedded toolchain/10 2021.10/bin/../lib/gcc/arm-none-eabi/10.3.1/../../../../arm-none-eabi/lib/thumb/v7e-m+fp/hard\libc_nano.a(lib_a-findfp.o)
                0x08007140                __sfp_lock_acquire
 .text.__sfp_lock_release
                0x0800714c        0xc c:/program files (x86)/gnu arm embedded toolchain/10 2021.10/bin/../lib/gcc/arm-none-eabi/10.3.1/../../../../arm-none-eabi/lib/thumb/v7e-m+fp/hard\libc_nano.a(lib_a-findfp.o)
                0x0800714c                __sfp_lock_release
 .text.__sinit_lock_acquire
                0x08007158        0xc c:/program files (x86)/gnu arm embedded toolchain/10 2021.10/bin/../lib/gcc/arm-none-eabi/10.3.1/../../../../arm-none-eabi/lib/thumb/v7e-m+fp/hard\libc_nano.a(lib_a-findfp.o)
                0x08007158                __sinit_lock_acquire
 .text.__sinit_lock_release
                0x08007164        0xc c:/program files (x86)/gnu arm embedded toolchain/10 2021.10/bin/../lib/gcc/arm-none-eabi/10.3.1/../../../../arm-none-eabi/lib/thumb/v7e-m+fp/hard\libc_nano.a(lib_a-findfp.o)
                0x08007164                __sinit_lock_release
 .text.__sinit  0x08007170       0x70 c:/program files (x86)/gnu arm embedded toolchain/10 2021.10/bin/../lib/gcc/arm-none-eabi/10.3.1/../../../../arm-none-eabi/lib/thumb/v7e-m+fp/hard\libc_nano.a(lib_a-findfp.o)
                0x08007170                __sinit
 .text.__sfp    0x080071e0       0x8c c:/program files (x86)/gnu arm embedded toolchain/10 2021.10/bin/../lib/gcc/arm-none-eabi/10.3.1/../../../../arm-none-eabi/lib/thumb/v7e-m+fp/hard\libc_nano.a(lib_a-findfp.o)
                0x080071e0                __sfp
 .text._fwalk_reent
                0x0800726c       0x3e c:/program files (x86)/gnu arm embedded toolchain/10 2021.10/bin/../lib/gcc/arm-none-eabi/10.3.1/../../../../arm-none-eabi/lib/thumb/v7e-m+fp/hard\libc_nano.a(lib_a-fwalk.o)
                0x0800726c                _fwalk_reent
 .text.__retarget_lock_init_recursive
                0x080072aa        0x2 c:/program files (x86)/gnu arm embedded toolchain/10 2021.10/bin/../lib/gcc/arm-none-eabi/10.3.1/../../../../arm-none-eabi/lib/thumb/v7e-m+fp/hard\libc_nano.a(lib_a-lock.o)
                0x080072aa                __retarget_lock_init_recursive
 .text.__retarget_lock_acquire_recursive
                0x080072ac        0x2 c:/program files (x86)/gnu arm embedded toolchain/10 2021.10/bin/../lib/gcc/arm-none-eabi/10.3.1/../../../../arm-none-eabi/lib/thumb/v7e-m+fp/hard\libc_nano.a(lib_a-lock.o)
                0x080072ac                __retarget_lock_acquire_recursive
 .text.__retarget_lock_release_recursive
                0x080072ae        0x2 c:/program files (x86)/gnu arm embedded toolchain/10 2021.10/bin/../lib/gcc/arm-none-eabi/10.3.1/../../../../arm-none-eabi/lib/thumb/v7e-m+fp/hard\libc_nano.a(lib_a-lock.o)
                0x080072ae                __retarget_lock_release_recursive
 .text.__swhatbuf_r
                0x080072b0       0x4a c:/program files (x86)/gnu arm embedded toolchain/10 2021.10/bin/../lib/gcc/arm-none-eabi/10.3.1/../../../../arm-none-eabi/lib/thumb/v7e-m+fp/hard\libc_nano.a(lib_a-makebuf.o)
                0x080072b0                __swhatbuf_r
 *fill*         0x080072fa        0x2 
 .text.__smakebuf_r
                0x080072fc       0x80 c:/program files (x86)/gnu arm embedded toolchain/10 2021.10/bin/../lib/gcc/arm-none-eabi/10.3.1/../../../../arm-none-eabi/lib/thumb/v7e-m+fp/hard\libc_nano.a(lib_a-makebuf.o)
                0x080072fc                __smakebuf_r
 .text._free_r  0x0800737c       0x98 c:/program files (x86)/gnu arm embedded toolchain/10 2021.10/bin/../lib/gcc/arm-none-eabi/10.3.1/../../../../arm-none-eabi/lib/thumb/v7e-m+fp/hard\libc_nano.a(lib_a-nano-freer.o)
                0x0800737c                _free_r
 .text.sbrk_aligned
                0x08007414       0x40 c:/program files (x86)/gnu arm embedded toolchain/10 2021.10/bin/../lib/gcc/arm-none-eabi/10.3.1/../../../../arm-none-eabi/lib/thumb/v7e-m+fp/hard\libc_nano.a(lib_a-nano-mallocr.o)
 .text._malloc_r
                0x08007454       0xe8 c:/program files (x86)/gnu arm embedded toolchain/10 2021.10/bin/../lib/gcc/arm-none-eabi/10.3.1/../../../../arm-none-eabi/lib/thumb/v7e-m+fp/hard\libc_nano.a(lib_a-nano-mallocr.o)
                0x08007454                _malloc_r
 .text.__ssputs_r
                0x0800753c       0xb6 c:/program files (x86)/gnu arm embedded toolchain/10 2021.10/bin/../lib/gcc/arm-none-eabi/10.3.1/../../../../arm-none-eabi/lib/thumb/v7e-m+fp/hard\libc_nano.a(lib_a-nano-svfprintf.o)
                0x0800753c                __ssputs_r
 *fill*         0x080075f2        0x2 
 .text._svfprintf_r
                0x080075f4      0x200 c:/program files (x86)/gnu arm embedded toolchain/10 2021.10/bin/../lib/gcc/arm-none-eabi/10.3.1/../../../../arm-none-eabi/lib/thumb/v7e-m+fp/hard\libc_nano.a(lib_a-nano-svfprintf.o)
                0x080075f4                _svfiprintf_r
                0x080075f4                _svfprintf_r
 .text.__sfputc_r
                0x080077f4       0x2e c:/program files (x86)/gnu arm embedded toolchain/10 2021.10/bin/../lib/gcc/arm-none-eabi/10.3.1/../../../../arm-none-eabi/lib/thumb/v7e-m+fp/hard\libc_nano.a(lib_a-nano-vfprintf.o)
 .text.__sfputs_r
                0x08007822       0x24 c:/program files (x86)/gnu arm embedded toolchain/10 2021.10/bin/../lib/gcc/arm-none-eabi/10.3.1/../../../../arm-none-eabi/lib/thumb/v7e-m+fp/hard\libc_nano.a(lib_a-nano-vfprintf.o)
                0x08007822                __sfputs_r
 *fill*         0x08007846        0x2 
 .text._vfprintf_r
                0x08007848      0x260 c:/program files (x86)/gnu arm embedded toolchain/10 2021.10/bin/../lib/gcc/arm-none-eabi/10.3.1/../../../../arm-none-eabi/lib/thumb/v7e-m+fp/hard\libc_nano.a(lib_a-nano-vfprintf.o)
                0x08007848                _vfprintf_r
                0x08007848                _vfiprintf_r
 .text._printf_common
                0x08007aa8       0xda c:/program files (x86)/gnu arm embedded toolchain/10 2021.10/bin/../lib/gcc/arm-none-eabi/10.3.1/../../../../arm-none-eabi/lib/thumb/v7e-m+fp/hard\libc_nano.a(lib_a-nano-vfprintf_i.o)
                0x08007aa8                _printf_common
 *fill*         0x08007b82        0x2 
 .text._printf_i
                0x08007b84      0x24c c:/program files (x86)/gnu arm embedded toolchain/10 2021.10/bin/../lib/gcc/arm-none-eabi/10.3.1/../../../../arm-none-eabi/lib/thumb/v7e-m+fp/hard\libc_nano.a(lib_a-nano-vfprintf_i.o)
                0x08007b84                _printf_i
 .text._sbrk_r  0x08007dd0       0x20 c:/program files (x86)/gnu arm embedded toolchain/10 2021.10/bin/../lib/gcc/arm-none-eabi/10.3.1/../../../../arm-none-eabi/lib/thumb/v7e-m+fp/hard\libc_nano.a(lib_a-sbrkr.o)
                0x08007dd0                _sbrk_r
 .text.__sread  0x08007df0       0x22 c:/program files (x86)/gnu arm embedded toolchain/10 2021.10/bin/../lib/gcc/arm-none-eabi/10.3.1/../../../../arm-none-eabi/lib/thumb/v7e-m+fp/hard\libc_nano.a(lib_a-stdio.o)
                0x08007df0                __sread
 .text.__swrite
                0x08007e12       0x38 c:/program files (x86)/gnu arm embedded toolchain/10 2021.10/bin/../lib/gcc/arm-none-eabi/10.3.1/../../../../arm-none-eabi/lib/thumb/v7e-m+fp/hard\libc_nano.a(lib_a-stdio.o)
                0x08007e12                __swrite
 .text.__sseek  0x08007e4a       0x24 c:/program files (x86)/gnu arm embedded toolchain/10 2021.10/bin/../lib/gcc/arm-none-eabi/10.3.1/../../../../arm-none-eabi/lib/thumb/v7e-m+fp/hard\libc_nano.a(lib_a-stdio.o)
                0x08007e4a                __sseek
 .text.__sclose
                0x08007e6e        0x8 c:/program files (x86)/gnu arm embedded toolchain/10 2021.10/bin/../lib/gcc/arm-none-eabi/10.3.1/../../../../arm-none-eabi/lib/thumb/v7e-m+fp/hard\libc_nano.a(lib_a-stdio.o)
                0x08007e6e                __sclose
 *fill*         0x08007e76        0x2 
 .text._write_r
                0x08007e78       0x24 c:/program files (x86)/gnu arm embedded toolchain/10 2021.10/bin/../lib/gcc/arm-none-eabi/10.3.1/../../../../arm-none-eabi/lib/thumb/v7e-m+fp/hard\libc_nano.a(lib_a-writer.o)
                0x08007e78                _write_r
 .text._close_r
                0x08007e9c       0x20 c:/program files (x86)/gnu arm embedded toolchain/10 2021.10/bin/../lib/gcc/arm-none-eabi/10.3.1/../../../../arm-none-eabi/lib/thumb/v7e-m+fp/hard\libc_nano.a(lib_a-closer.o)
                0x08007e9c                _close_r
 .text._fstat_r
                0x08007ebc       0x24 c:/program files (x86)/gnu arm embedded toolchain/10 2021.10/bin/../lib/gcc/arm-none-eabi/10.3.1/../../../../arm-none-eabi/lib/thumb/v7e-m+fp/hard\libc_nano.a(lib_a-fstatr.o)
                0x08007ebc                _fstat_r
 .text._isatty_r
                0x08007ee0       0x20 c:/program files (x86)/gnu arm embedded toolchain/10 2021.10/bin/../lib/gcc/arm-none-eabi/10.3.1/../../../../arm-none-eabi/lib/thumb/v7e-m+fp/hard\libc_nano.a(lib_a-isattyr.o)
                0x08007ee0                _isatty_r
 .text._lseek_r
                0x08007f00       0x24 c:/program files (x86)/gnu arm embedded toolchain/10 2021.10/bin/../lib/gcc/arm-none-eabi/10.3.1/../../../../arm-none-eabi/lib/thumb/v7e-m+fp/hard\libc_nano.a(lib_a-lseekr.o)
                0x08007f00                _lseek_r
 .text.memcpy   0x08007f24       0x1c c:/program files (x86)/gnu arm embedded toolchain/10 2021.10/bin/../lib/gcc/arm-none-eabi/10.3.1/../../../../arm-none-eabi/lib/thumb/v7e-m+fp/hard\libc_nano.a(lib_a-memcpy-stub.o)
                0x08007f24                memcpy
 .text.memmove  0x08007f40       0x34 c:/program files (x86)/gnu arm embedded toolchain/10 2021.10/bin/../lib/gcc/arm-none-eabi/10.3.1/../../../../arm-none-eabi/lib/thumb/v7e-m+fp/hard\libc_nano.a(lib_a-memmove.o)
                0x08007f40                memmove
 .text.__malloc_lock
                0x08007f74        0xc c:/program files (x86)/gnu arm embedded toolchain/10 2021.10/bin/../lib/gcc/arm-none-eabi/10.3.1/../../../../arm-none-eabi/lib/thumb/v7e-m+fp/hard\libc_nano.a(lib_a-mlock.o)
                0x08007f74                __malloc_lock
 .text.__malloc_unlock
                0x08007f80        0xc c:/program files (x86)/gnu arm embedded toolchain/10 2021.10/bin/../lib/gcc/arm-none-eabi/10.3.1/../../../../arm-none-eabi/lib/thumb/v7e-m+fp/hard\libc_nano.a(lib_a-mlock.o)
                0x08007f80                __malloc_unlock
 .text._realloc_r
                0x08007f8c       0x5e c:/program files (x86)/gnu arm embedded toolchain/10 2021.10/bin/../lib/gcc/arm-none-eabi/10.3.1/../../../../arm-none-eabi/lib/thumb/v7e-m+fp/hard\libc_nano.a(lib_a-nano-reallocr.o)
                0x08007f8c                _realloc_r
 *fill*         0x08007fea        0x2 
 .text._read_r  0x08007fec       0x24 c:/program files (x86)/gnu arm embedded toolchain/10 2021.10/bin/../lib/gcc/arm-none-eabi/10.3.1/../../../../arm-none-eabi/lib/thumb/v7e-m+fp/hard\libc_nano.a(lib_a-readr.o)
                0x08007fec                _read_r
 .text._malloc_usable_size_r
                0x08008010       0x10 c:/program files (x86)/gnu arm embedded toolchain/10 2021.10/bin/../lib/gcc/arm-none-eabi/10.3.1/../../../../arm-none-eabi/lib/thumb/v7e-m+fp/hard\libc_nano.a(lib_a-nano-msizer.o)
                0x08008010                _malloc_usable_size_r
 .text._close   0x08008020       0x10 c:/program files (x86)/gnu arm embedded toolchain/10 2021.10/bin/../lib/gcc/arm-none-eabi/10.3.1/../../../../arm-none-eabi/lib/thumb/v7e-m+fp/hard\libnosys.a(close.o)
                0x08008020                _close
 .text._fstat   0x08008030       0x10 c:/program files (x86)/gnu arm embedded toolchain/10 2021.10/bin/../lib/gcc/arm-none-eabi/10.3.1/../../../../arm-none-eabi/lib/thumb/v7e-m+fp/hard\libnosys.a(fstat.o)
                0x08008030                _fstat
 .text._isatty  0x08008040       0x10 c:/program files (x86)/gnu arm embedded toolchain/10 2021.10/bin/../lib/gcc/arm-none-eabi/10.3.1/../../../../arm-none-eabi/lib/thumb/v7e-m+fp/hard\libnosys.a(isatty.o)
                0x08008040                _isatty
 .text._lseek   0x08008050       0x10 c:/program files (x86)/gnu arm embedded toolchain/10 2021.10/bin/../lib/gcc/arm-none-eabi/10.3.1/../../../../arm-none-eabi/lib/thumb/v7e-m+fp/hard\libnosys.a(lseek.o)
                0x08008050                _lseek
 .text._read    0x08008060       0x10 c:/program files (x86)/gnu arm embedded toolchain/10 2021.10/bin/../lib/gcc/arm-none-eabi/10.3.1/../../../../arm-none-eabi/lib/thumb/v7e-m+fp/hard\libnosys.a(read.o)
                0x08008060                _read
 .text._sbrk    0x08008070       0x1c c:/program files (x86)/gnu arm embedded toolchain/10 2021.10/bin/../lib/gcc/arm-none-eabi/10.3.1/../../../../arm-none-eabi/lib/thumb/v7e-m+fp/hard\libnosys.a(sbrk.o)
                0x08008070                _sbrk
 .text._write   0x0800808c       0x10 c:/program files (x86)/gnu arm embedded toolchain/10 2021.10/bin/../lib/gcc/arm-none-eabi/10.3.1/../../../../arm-none-eabi/lib/thumb/v7e-m+fp/hard\libnosys.a(write.o)
                0x0800808c                _write
 *(.glue_7)
 .glue_7        0x0800809c        0x0 linker stubs
 *(.glue_7t)
 .glue_7t       0x0800809c        0x0 linker stubs
 *(.eh_frame)
 .eh_frame      0x0800809c        0x0 c:/program files (x86)/gnu arm embedded toolchain/10 2021.10/bin/../lib/gcc/arm-none-eabi/10.3.1/thumb/v7e-m+fp/hard/crtbegin.o
 *(.init)
 .init          0x0800809c        0x4 c:/program files (x86)/gnu arm embedded toolchain/10 2021.10/bin/../lib/gcc/arm-none-eabi/10.3.1/thumb/v7e-m+fp/hard/crti.o
                0x0800809c                _init
 .init          0x080080a0        0x8 c:/program files (x86)/gnu arm embedded toolchain/10 2021.10/bin/../lib/gcc/arm-none-eabi/10.3.1/thumb/v7e-m+fp/hard/crtn.o
 *(.fini)
 .fini          0x080080a8        0x4 c:/program files (x86)/gnu arm embedded toolchain/10 2021.10/bin/../lib/gcc/arm-none-eabi/10.3.1/thumb/v7e-m+fp/hard/crti.o
                0x080080a8                _fini
 .fini          0x080080ac        0x8 c:/program files (x86)/gnu arm embedded toolchain/10 2021.10/bin/../lib/gcc/arm-none-eabi/10.3.1/thumb/v7e-m+fp/hard/crtn.o
                0x080080b4                . = ALIGN (0x4)
                0x080080b4                _etext = .

.vfp11_veneer   0x080080b4        0x0
 .vfp11_veneer  0x080080b4        0x0 linker stubs

.v4_bx          0x080080b4        0x0
 .v4_bx         0x080080b4        0x0 linker stubs

.iplt           0x080080b4        0x0
 .iplt          0x080080b4        0x0 c:/program files (x86)/gnu arm embedded toolchain/10 2021.10/bin/../lib/gcc/arm-none-eabi/10.3.1/thumb/v7e-m+fp/hard/crtbegin.o

.rodata         0x080080b4      0x7cc
                0x080080b4                . = ALIGN (0x4)
 *(.rodata)
 *(.rodata*)
 .rodata.process_SD_card.str1.4
                0x080080b4       0xc0 build/main.o
                                 0xc4 (size before relaxing)
 .rodata.HAL_GPIO_EXTI_Callback.str1.4
                0x08008174       0x90 build/main.o
 .rodata.main.str1.4
                0x08008204        0xb build/main.o
 *fill*         0x0800820f        0x1 
 .rodata.DMA1_Channel1_IRQHandler.str1.4
                0x08008210       0x3c build/stm32f3xx_it.o
                                 0x3d (size before relaxing)
 .rodata.TIM6_DAC_IRQHandler.str1.4
                0x0800824c       0x3c build/stm32f3xx_it.o
                                  0x6 (size before relaxing)
 .rodata.aPLLMULFactorTable
                0x0800824c       0x10 build/stm32f3xx_hal_rcc.o
 .rodata.aPredivFactorTable
                0x0800825c       0x10 build/stm32f3xx_hal_rcc.o
 .rodata.AHBPrescTable
                0x0800826c       0x10 build/system_stm32f3xx.o
                0x0800826c                AHBPrescTable
 .rodata.APBPrescTable
                0x0800827c        0x8 build/system_stm32f3xx.o
                0x0800827c                APBPrescTable
 .rodata.create_name.str1.4
                0x08008284       0x13 build/ff.o
 *fill*         0x08008297        0x1 
 .rodata.ExCvt  0x08008298       0x80 build/ff.o
 .rodata.LfnOfs
                0x08008318        0xd build/ff.o
 *fill*         0x08008325        0x3 
 .rodata.Tbl    0x08008328      0x100 build/ccsbcs.o
 .rodata.tbl_lower.1
                0x08008428      0x1e0 build/ccsbcs.o
 .rodata.tbl_upper.0
                0x08008608      0x1e0 build/ccsbcs.o
 .rodata._global_impure_ptr
                0x080087e8        0x4 c:/program files (x86)/gnu arm embedded toolchain/10 2021.10/bin/../lib/gcc/arm-none-eabi/10.3.1/../../../../arm-none-eabi/lib/thumb/v7e-m+fp/hard\libc_nano.a(lib_a-impure.o)
                0x080087e8                _global_impure_ptr
 .rodata.__sf_fake_stderr
                0x080087ec       0x20 c:/program files (x86)/gnu arm embedded toolchain/10 2021.10/bin/../lib/gcc/arm-none-eabi/10.3.1/../../../../arm-none-eabi/lib/thumb/v7e-m+fp/hard\libc_nano.a(lib_a-findfp.o)
                0x080087ec                __sf_fake_stderr
 .rodata.__sf_fake_stdin
                0x0800880c       0x20 c:/program files (x86)/gnu arm embedded toolchain/10 2021.10/bin/../lib/gcc/arm-none-eabi/10.3.1/../../../../arm-none-eabi/lib/thumb/v7e-m+fp/hard\libc_nano.a(lib_a-findfp.o)
                0x0800880c                __sf_fake_stdin
 .rodata.__sf_fake_stdout
                0x0800882c       0x20 c:/program files (x86)/gnu arm embedded toolchain/10 2021.10/bin/../lib/gcc/arm-none-eabi/10.3.1/../../../../arm-none-eabi/lib/thumb/v7e-m+fp/hard\libc_nano.a(lib_a-findfp.o)
                0x0800882c                __sf_fake_stdout
 .rodata._svfprintf_r.str1.1
                0x0800884c       0x11 c:/program files (x86)/gnu arm embedded toolchain/10 2021.10/bin/../lib/gcc/arm-none-eabi/10.3.1/../../../../arm-none-eabi/lib/thumb/v7e-m+fp/hard\libc_nano.a(lib_a-nano-svfprintf.o)
 .rodata._vfprintf_r.str1.1
                0x0800885d       0x11 c:/program files (x86)/gnu arm embedded toolchain/10 2021.10/bin/../lib/gcc/arm-none-eabi/10.3.1/../../../../arm-none-eabi/lib/thumb/v7e-m+fp/hard\libc_nano.a(lib_a-nano-vfprintf.o)
 .rodata._printf_i.str1.1
                0x0800885d       0x22 c:/program files (x86)/gnu arm embedded toolchain/10 2021.10/bin/../lib/gcc/arm-none-eabi/10.3.1/../../../../arm-none-eabi/lib/thumb/v7e-m+fp/hard\libc_nano.a(lib_a-nano-vfprintf_i.o)
                0x08008880                . = ALIGN (0x4)
 *fill*         0x0800887f        0x1 

.rel.dyn        0x08008880        0x0
 .rel.iplt      0x08008880        0x0 c:/program files (x86)/gnu arm embedded toolchain/10 2021.10/bin/../lib/gcc/arm-none-eabi/10.3.1/thumb/v7e-m+fp/hard/crtbegin.o

.ARM.extab      0x08008880        0x0
                0x08008880                . = ALIGN (0x4)
 *(.ARM.extab* .gnu.linkonce.armextab.*)
                0x08008880                . = ALIGN (0x4)

.ARM            0x08008880        0x0
                0x08008880                . = ALIGN (0x4)
                0x08008880                __exidx_start = .
 *(.ARM.exidx*)
                0x08008880                __exidx_end = .
                0x08008880                . = ALIGN (0x4)

.preinit_array  0x08008880        0x0
                0x08008880                . = ALIGN (0x4)
                0x08008880                PROVIDE (__preinit_array_start = .)
 *(.preinit_array*)
                0x08008880                PROVIDE (__preinit_array_end = .)
                0x08008880                . = ALIGN (0x4)

.init_array     0x08008880        0x4
                0x08008880                . = ALIGN (0x4)
                0x08008880                PROVIDE (__init_array_start = .)
 *(SORT_BY_NAME(.init_array.*))
 *(.init_array*)
 .init_array    0x08008880        0x4 c:/program files (x86)/gnu arm embedded toolchain/10 2021.10/bin/../lib/gcc/arm-none-eabi/10.3.1/thumb/v7e-m+fp/hard/crtbegin.o
                0x08008884                PROVIDE (__init_array_end = .)
                0x08008884                . = ALIGN (0x4)

.fini_array     0x08008884        0x4
                0x08008884                . = ALIGN (0x4)
                [!provide]                PROVIDE (__fini_array_start = .)
 *(SORT_BY_NAME(.fini_array.*))
 *(.fini_array*)
 .fini_array    0x08008884        0x4 c:/program files (x86)/gnu arm embedded toolchain/10 2021.10/bin/../lib/gcc/arm-none-eabi/10.3.1/thumb/v7e-m+fp/hard/crtbegin.o
                [!provide]                PROVIDE (__fini_array_end = .)
                0x08008888                . = ALIGN (0x4)
                0x08008888                _sidata = LOADADDR (.data)

.data           0x20000000       0x84 load address 0x08008888
                0x20000000                . = ALIGN (0x4)
                0x20000000                _sdata = .
 *(.data)
 *(.data*)
 .data.USER_Driver
                0x20000000       0x14 build/user_diskio.o
                0x20000000                USER_Driver
 .data.uwTickFreq
                0x20000014        0x1 build/stm32f3xx_hal.o
                0x20000014                uwTickFreq
 *fill*         0x20000015        0x3 
 .data.uwTickPrio
                0x20000018        0x4 build/stm32f3xx_hal.o
                0x20000018                uwTickPrio
 .data.SystemCoreClock
                0x2000001c        0x4 build/system_stm32f3xx.o
                0x2000001c                SystemCoreClock
 .data._impure_ptr
                0x20000020        0x4 c:/program files (x86)/gnu arm embedded toolchain/10 2021.10/bin/../lib/gcc/arm-none-eabi/10.3.1/../../../../arm-none-eabi/lib/thumb/v7e-m+fp/hard\libc_nano.a(lib_a-impure.o)
                0x20000020                _impure_ptr
 .data.impure_data
                0x20000024       0x60 c:/program files (x86)/gnu arm embedded toolchain/10 2021.10/bin/../lib/gcc/arm-none-eabi/10.3.1/../../../../arm-none-eabi/lib/thumb/v7e-m+fp/hard\libc_nano.a(lib_a-impure.o)
 *(.RamFunc)
 *(.RamFunc*)
                0x20000084                . = ALIGN (0x4)
                0x20000084                _edata = .

.igot.plt       0x20000084        0x0 load address 0x0800890c
 .igot.plt      0x20000084        0x0 c:/program files (x86)/gnu arm embedded toolchain/10 2021.10/bin/../lib/gcc/arm-none-eabi/10.3.1/thumb/v7e-m+fp/hard/crtbegin.o
                0x20000084                . = ALIGN (0x4)

.bss            0x20000084     0x37e4 load address 0x0800890c
                0x20000084                _sbss = .
                0x20000084                __bss_start__ = _sbss
 *(.bss)
 .bss           0x20000084       0x1c c:/program files (x86)/gnu arm embedded toolchain/10 2021.10/bin/../lib/gcc/arm-none-eabi/10.3.1/thumb/v7e-m+fp/hard/crtbegin.o
 *(.bss*)
 .bss.FatFs     0x200000a0     0x1030 build/main.o
                0x200000a0                FatFs
 .bss.adc_counter
                0x200010d0        0x4 build/main.o
                0x200010d0                adc_counter
 .bss.buff_music
                0x200010d4      0x1f4 build/main.o
                0x200010d4                buff_music
 .bss.display_status
                0x200012c8       0x10 build/main.o
                0x200012c8                display_status
 .bss.dp        0x200012d8     0x1028 build/main.o
                0x200012d8                dp
 .bss.fil       0x20002300     0x102c build/main.o
                0x20002300                fil
 .bss.fno       0x2000332c       0x20 build/main.o
                0x2000332c                fno
 .bss.fres      0x2000334c        0x1 build/main.o
                0x2000334c                fres
 *fill*         0x2000334d        0x3 
 .bss.hadc1     0x20003350       0x50 build/main.o
                0x20003350                hadc1
 .bss.hdac      0x200033a0       0x14 build/main.o
                0x200033a0                hdac
 .bss.hdma_adc1
                0x200033b4       0x44 build/main.o
                0x200033b4                hdma_adc1
 .bss.hdma_tim17_ch1_up
                0x200033f8       0x44 build/main.o
                0x200033f8                hdma_tim17_ch1_up
 .bss.hi2c1     0x2000343c       0x54 build/main.o
                0x2000343c                hi2c1
 .bss.hspi2     0x20003490       0x64 build/main.o
                0x20003490                hspi2
 .bss.htim17    0x200034f4       0x4c build/main.o
                0x200034f4                htim17
 .bss.htim6     0x20003540       0x4c build/main.o
                0x20003540                htim6
 .bss.huart1    0x2000358c       0x88 build/main.o
                0x2000358c                huart1
 .bss.old_fsize
                0x20003614        0x4 build/main.o
                0x20003614                old_fsize
 .bss.tim17_counter
                0x20003618        0x2 build/main.o
                0x20003618                tim17_counter
 *fill*         0x2000361a        0x2 
 .bss.USERPath  0x2000361c        0x4 build/fatfs.o
                0x2000361c                USERPath
 .bss.retUSER   0x20003620        0x1 build/fatfs.o
                0x20003620                retUSER
 *fill*         0x20003621        0x3 
 .bss.uwTick    0x20003624        0x4 build/stm32f3xx_hal.o
                0x20003624                uwTick
 .bss.FatFs     0x20003628        0x4 build/ff.o
 .bss.Files     0x2000362c       0x18 build/ff.o
 .bss.Fsid      0x20003644        0x2 build/ff.o
 *fill*         0x20003646        0x2 
 .bss.LfnBuf    0x20003648      0x200 build/ff.o
 .bss.disk      0x20003848        0xc build/ff_gen_drv.o
                0x20003848                disk
 .bss.__lock___malloc_recursive_mutex
                0x20003854        0x1 c:/program files (x86)/gnu arm embedded toolchain/10 2021.10/bin/../lib/gcc/arm-none-eabi/10.3.1/../../../../arm-none-eabi/lib/thumb/v7e-m+fp/hard\libc_nano.a(lib_a-lock.o)
                0x20003854                __lock___malloc_recursive_mutex
 .bss.__lock___sfp_recursive_mutex
                0x20003855        0x1 c:/program files (x86)/gnu arm embedded toolchain/10 2021.10/bin/../lib/gcc/arm-none-eabi/10.3.1/../../../../arm-none-eabi/lib/thumb/v7e-m+fp/hard\libc_nano.a(lib_a-lock.o)
                0x20003855                __lock___sfp_recursive_mutex
 .bss.__lock___sinit_recursive_mutex
                0x20003856        0x1 c:/program files (x86)/gnu arm embedded toolchain/10 2021.10/bin/../lib/gcc/arm-none-eabi/10.3.1/../../../../arm-none-eabi/lib/thumb/v7e-m+fp/hard\libc_nano.a(lib_a-lock.o)
                0x20003856                __lock___sinit_recursive_mutex
 *fill*         0x20003857        0x1 
 .bss.__malloc_free_list
                0x20003858        0x4 c:/program files (x86)/gnu arm embedded toolchain/10 2021.10/bin/../lib/gcc/arm-none-eabi/10.3.1/../../../../arm-none-eabi/lib/thumb/v7e-m+fp/hard\libc_nano.a(lib_a-nano-mallocr.o)
                0x20003858                __malloc_free_list
 .bss.__malloc_sbrk_start
                0x2000385c        0x4 c:/program files (x86)/gnu arm embedded toolchain/10 2021.10/bin/../lib/gcc/arm-none-eabi/10.3.1/../../../../arm-none-eabi/lib/thumb/v7e-m+fp/hard\libc_nano.a(lib_a-nano-mallocr.o)
                0x2000385c                __malloc_sbrk_start
 .bss.errno     0x20003860        0x4 c:/program files (x86)/gnu arm embedded toolchain/10 2021.10/bin/../lib/gcc/arm-none-eabi/10.3.1/../../../../arm-none-eabi/lib/thumb/v7e-m+fp/hard\libc_nano.a(lib_a-reent.o)
                0x20003860                errno
 .bss.heap_end.0
                0x20003864        0x4 c:/program files (x86)/gnu arm embedded toolchain/10 2021.10/bin/../lib/gcc/arm-none-eabi/10.3.1/../../../../arm-none-eabi/lib/thumb/v7e-m+fp/hard\libnosys.a(sbrk.o)
 *(COMMON)
                0x20003868                . = ALIGN (0x4)
                0x20003868                _ebss = .
                0x20003868                __bss_end__ = _ebss

._user_heap_stack
                0x20003868      0x600 load address 0x0800890c
                0x20003868                . = ALIGN (0x8)
                0x20003868                PROVIDE (end = .)
                [!provide]                PROVIDE (_end = .)
                0x20003a68                . = (. + _Min_Heap_Size)
 *fill*         0x20003868      0x200 
                0x20003e68                . = (. + _Min_Stack_Size)
 *fill*         0x20003a68      0x400 
                0x20003e68                . = ALIGN (0x8)

/DISCARD/
 libc.a(*)
 libm.a(*)
 libgcc.a(*)

.ARM.attributes
                0x00000000       0x30
 *(.ARM.attributes)
 .ARM.attributes
                0x00000000       0x1e c:/program files (x86)/gnu arm embedded toolchain/10 2021.10/bin/../lib/gcc/arm-none-eabi/10.3.1/thumb/v7e-m+fp/hard/crti.o
 .ARM.attributes
                0x0000001e       0x34 c:/program files (x86)/gnu arm embedded toolchain/10 2021.10/bin/../lib/gcc/arm-none-eabi/10.3.1/thumb/v7e-m+fp/hard/crtbegin.o
 .ARM.attributes
                0x00000052       0x34 build/main.o
 .ARM.attributes
                0x00000086       0x34 build/stm32f3xx_it.o
 .ARM.attributes
                0x000000ba       0x34 build/stm32f3xx_hal_msp.o
 .ARM.attributes
                0x000000ee       0x34 build/user_diskio.o
 .ARM.attributes
                0x00000122       0x34 build/fatfs.o
 .ARM.attributes
                0x00000156       0x34 build/stm32f3xx_hal_adc_ex.o
 .ARM.attributes
                0x0000018a       0x34 build/stm32f3xx_hal.o
 .ARM.attributes
                0x000001be       0x34 build/stm32f3xx_hal_rcc.o
 .ARM.attributes
                0x000001f2       0x34 build/stm32f3xx_hal_rcc_ex.o
 .ARM.attributes
                0x00000226       0x34 build/stm32f3xx_hal_gpio.o
 .ARM.attributes
                0x0000025a       0x34 build/stm32f3xx_hal_dma.o
 .ARM.attributes
                0x0000028e       0x34 build/stm32f3xx_hal_cortex.o
 .ARM.attributes
                0x000002c2       0x34 build/stm32f3xx_hal_i2c.o
 .ARM.attributes
                0x000002f6       0x34 build/stm32f3xx_hal_i2c_ex.o
 .ARM.attributes
                0x0000032a       0x34 build/stm32f3xx_hal_dac.o
 .ARM.attributes
                0x0000035e       0x34 build/stm32f3xx_hal_dac_ex.o
 .ARM.attributes
                0x00000392       0x34 build/stm32f3xx_hal_spi.o
 .ARM.attributes
                0x000003c6       0x34 build/stm32f3xx_hal_tim.o
 .ARM.attributes
                0x000003fa       0x34 build/stm32f3xx_hal_tim_ex.o
 .ARM.attributes
                0x0000042e       0x34 build/stm32f3xx_hal_uart.o
 .ARM.attributes
                0x00000462       0x34 build/system_stm32f3xx.o
 .ARM.attributes
                0x00000496       0x34 build/diskio.o
 .ARM.attributes
                0x000004ca       0x34 build/ff.o
 .ARM.attributes
                0x000004fe       0x34 build/ff_gen_drv.o
 .ARM.attributes
                0x00000532       0x34 build/ccsbcs.o
 .ARM.attributes
                0x00000566       0x21 build/startup_stm32f302x8.o
 .ARM.attributes
                0x00000587       0x34 c:/program files (x86)/gnu arm embedded toolchain/10 2021.10/bin/../lib/gcc/arm-none-eabi/10.3.1/../../../../arm-none-eabi/lib/thumb/v7e-m+fp/hard\libc_nano.a(lib_a-impure.o)
 .ARM.attributes
                0x000005bb       0x34 c:/program files (x86)/gnu arm embedded toolchain/10 2021.10/bin/../lib/gcc/arm-none-eabi/10.3.1/../../../../arm-none-eabi/lib/thumb/v7e-m+fp/hard\libc_nano.a(lib_a-init.o)
 .ARM.attributes
                0x000005ef       0x34 c:/program files (x86)/gnu arm embedded toolchain/10 2021.10/bin/../lib/gcc/arm-none-eabi/10.3.1/../../../../arm-none-eabi/lib/thumb/v7e-m+fp/hard\libc_nano.a(lib_a-memset.o)
 .ARM.attributes
                0x00000623       0x34 c:/program files (x86)/gnu arm embedded toolchain/10 2021.10/bin/../lib/gcc/arm-none-eabi/10.3.1/../../../../arm-none-eabi/lib/thumb/v7e-m+fp/hard\libc_nano.a(lib_a-printf.o)
 .ARM.attributes
                0x00000657       0x34 c:/program files (x86)/gnu arm embedded toolchain/10 2021.10/bin/../lib/gcc/arm-none-eabi/10.3.1/../../../../arm-none-eabi/lib/thumb/v7e-m+fp/hard\libc_nano.a(lib_a-puts.o)
 .ARM.attributes
                0x0000068b       0x34 c:/program files (x86)/gnu arm embedded toolchain/10 2021.10/bin/../lib/gcc/arm-none-eabi/10.3.1/../../../../arm-none-eabi/lib/thumb/v7e-m+fp/hard\libc_nano.a(lib_a-sprintf.o)
 .ARM.attributes
                0x000006bf       0x34 c:/program files (x86)/gnu arm embedded toolchain/10 2021.10/bin/../lib/gcc/arm-none-eabi/10.3.1/../../../../arm-none-eabi/lib/thumb/v7e-m+fp/hard\libc_nano.a(lib_a-strcpy.o)
 .ARM.attributes
                0x000006f3       0x34 c:/program files (x86)/gnu arm embedded toolchain/10 2021.10/bin/../lib/gcc/arm-none-eabi/10.3.1/../../../../arm-none-eabi/lib/thumb/v7e-m+fp/hard\libc_nano.a(lib_a-wbuf.o)
 .ARM.attributes
                0x00000727       0x34 c:/program files (x86)/gnu arm embedded toolchain/10 2021.10/bin/../lib/gcc/arm-none-eabi/10.3.1/../../../../arm-none-eabi/lib/thumb/v7e-m+fp/hard\libc_nano.a(lib_a-wsetup.o)
 .ARM.attributes
                0x0000075b       0x34 c:/program files (x86)/gnu arm embedded toolchain/10 2021.10/bin/../lib/gcc/arm-none-eabi/10.3.1/../../../../arm-none-eabi/lib/thumb/v7e-m+fp/hard\libc_nano.a(lib_a-fflush.o)
 .ARM.attributes
                0x0000078f       0x34 c:/program files (x86)/gnu arm embedded toolchain/10 2021.10/bin/../lib/gcc/arm-none-eabi/10.3.1/../../../../arm-none-eabi/lib/thumb/v7e-m+fp/hard\libc_nano.a(lib_a-findfp.o)
 .ARM.attributes
                0x000007c3       0x34 c:/program files (x86)/gnu arm embedded toolchain/10 2021.10/bin/../lib/gcc/arm-none-eabi/10.3.1/../../../../arm-none-eabi/lib/thumb/v7e-m+fp/hard\libc_nano.a(lib_a-fwalk.o)
 .ARM.attributes
                0x000007f7       0x34 c:/program files (x86)/gnu arm embedded toolchain/10 2021.10/bin/../lib/gcc/arm-none-eabi/10.3.1/../../../../arm-none-eabi/lib/thumb/v7e-m+fp/hard\libc_nano.a(lib_a-lock.o)
 .ARM.attributes
                0x0000082b       0x34 c:/program files (x86)/gnu arm embedded toolchain/10 2021.10/bin/../lib/gcc/arm-none-eabi/10.3.1/../../../../arm-none-eabi/lib/thumb/v7e-m+fp/hard\libc_nano.a(lib_a-makebuf.o)
 .ARM.attributes
                0x0000085f       0x34 c:/program files (x86)/gnu arm embedded toolchain/10 2021.10/bin/../lib/gcc/arm-none-eabi/10.3.1/../../../../arm-none-eabi/lib/thumb/v7e-m+fp/hard\libc_nano.a(lib_a-nano-freer.o)
 .ARM.attributes
                0x00000893       0x34 c:/program files (x86)/gnu arm embedded toolchain/10 2021.10/bin/../lib/gcc/arm-none-eabi/10.3.1/../../../../arm-none-eabi/lib/thumb/v7e-m+fp/hard\libc_nano.a(lib_a-nano-mallocr.o)
 .ARM.attributes
                0x000008c7       0x34 c:/program files (x86)/gnu arm embedded toolchain/10 2021.10/bin/../lib/gcc/arm-none-eabi/10.3.1/../../../../arm-none-eabi/lib/thumb/v7e-m+fp/hard\libc_nano.a(lib_a-nano-svfprintf.o)
 .ARM.attributes
                0x000008fb       0x34 c:/program files (x86)/gnu arm embedded toolchain/10 2021.10/bin/../lib/gcc/arm-none-eabi/10.3.1/../../../../arm-none-eabi/lib/thumb/v7e-m+fp/hard\libc_nano.a(lib_a-nano-vfprintf.o)
 .ARM.attributes
                0x0000092f       0x34 c:/program files (x86)/gnu arm embedded toolchain/10 2021.10/bin/../lib/gcc/arm-none-eabi/10.3.1/../../../../arm-none-eabi/lib/thumb/v7e-m+fp/hard\libc_nano.a(lib_a-nano-vfprintf_i.o)
 .ARM.attributes
                0x00000963       0x34 c:/program files (x86)/gnu arm embedded toolchain/10 2021.10/bin/../lib/gcc/arm-none-eabi/10.3.1/../../../../arm-none-eabi/lib/thumb/v7e-m+fp/hard\libc_nano.a(lib_a-sbrkr.o)
 .ARM.attributes
                0x00000997       0x34 c:/program files (x86)/gnu arm embedded toolchain/10 2021.10/bin/../lib/gcc/arm-none-eabi/10.3.1/../../../../arm-none-eabi/lib/thumb/v7e-m+fp/hard\libc_nano.a(lib_a-stdio.o)
 .ARM.attributes
                0x000009cb       0x34 c:/program files (x86)/gnu arm embedded toolchain/10 2021.10/bin/../lib/gcc/arm-none-eabi/10.3.1/../../../../arm-none-eabi/lib/thumb/v7e-m+fp/hard\libc_nano.a(lib_a-writer.o)
 .ARM.attributes
                0x000009ff       0x34 c:/program files (x86)/gnu arm embedded toolchain/10 2021.10/bin/../lib/gcc/arm-none-eabi/10.3.1/../../../../arm-none-eabi/lib/thumb/v7e-m+fp/hard\libc_nano.a(lib_a-closer.o)
 .ARM.attributes
                0x00000a33       0x34 c:/program files (x86)/gnu arm embedded toolchain/10 2021.10/bin/../lib/gcc/arm-none-eabi/10.3.1/../../../../arm-none-eabi/lib/thumb/v7e-m+fp/hard\libc_nano.a(lib_a-fstatr.o)
 .ARM.attributes
                0x00000a67       0x34 c:/program files (x86)/gnu arm embedded toolchain/10 2021.10/bin/../lib/gcc/arm-none-eabi/10.3.1/../../../../arm-none-eabi/lib/thumb/v7e-m+fp/hard\libc_nano.a(lib_a-isattyr.o)
 .ARM.attributes
                0x00000a9b       0x34 c:/program files (x86)/gnu arm embedded toolchain/10 2021.10/bin/../lib/gcc/arm-none-eabi/10.3.1/../../../../arm-none-eabi/lib/thumb/v7e-m+fp/hard\libc_nano.a(lib_a-lseekr.o)
 .ARM.attributes
                0x00000acf       0x1c c:/program files (x86)/gnu arm embedded toolchain/10 2021.10/bin/../lib/gcc/arm-none-eabi/10.3.1/../../../../arm-none-eabi/lib/thumb/v7e-m+fp/hard\libc_nano.a(lib_a-memchr.o)
 .ARM.attributes
                0x00000aeb       0x34 c:/program files (x86)/gnu arm embedded toolchain/10 2021.10/bin/../lib/gcc/arm-none-eabi/10.3.1/../../../../arm-none-eabi/lib/thumb/v7e-m+fp/hard\libc_nano.a(lib_a-memcpy-stub.o)
 .ARM.attributes
                0x00000b1f       0x34 c:/program files (x86)/gnu arm embedded toolchain/10 2021.10/bin/../lib/gcc/arm-none-eabi/10.3.1/../../../../arm-none-eabi/lib/thumb/v7e-m+fp/hard\libc_nano.a(lib_a-memmove.o)
 .ARM.attributes
                0x00000b53       0x34 c:/program files (x86)/gnu arm embedded toolchain/10 2021.10/bin/../lib/gcc/arm-none-eabi/10.3.1/../../../../arm-none-eabi/lib/thumb/v7e-m+fp/hard\libc_nano.a(lib_a-mlock.o)
 .ARM.attributes
                0x00000b87       0x34 c:/program files (x86)/gnu arm embedded toolchain/10 2021.10/bin/../lib/gcc/arm-none-eabi/10.3.1/../../../../arm-none-eabi/lib/thumb/v7e-m+fp/hard\libc_nano.a(lib_a-nano-reallocr.o)
 .ARM.attributes
                0x00000bbb       0x34 c:/program files (x86)/gnu arm embedded toolchain/10 2021.10/bin/../lib/gcc/arm-none-eabi/10.3.1/../../../../arm-none-eabi/lib/thumb/v7e-m+fp/hard\libc_nano.a(lib_a-readr.o)
 .ARM.attributes
                0x00000bef       0x34 c:/program files (x86)/gnu arm embedded toolchain/10 2021.10/bin/../lib/gcc/arm-none-eabi/10.3.1/../../../../arm-none-eabi/lib/thumb/v7e-m+fp/hard\libc_nano.a(lib_a-reent.o)
 .ARM.attributes
                0x00000c23       0x34 c:/program files (x86)/gnu arm embedded toolchain/10 2021.10/bin/../lib/gcc/arm-none-eabi/10.3.1/../../../../arm-none-eabi/lib/thumb/v7e-m+fp/hard\libc_nano.a(lib_a-nano-msizer.o)
 .ARM.attributes
                0x00000c57       0x34 c:/program files (x86)/gnu arm embedded toolchain/10 2021.10/bin/../lib/gcc/arm-none-eabi/10.3.1/../../../../arm-none-eabi/lib/thumb/v7e-m+fp/hard\libnosys.a(close.o)
 .ARM.attributes
                0x00000c8b       0x34 c:/program files (x86)/gnu arm embedded toolchain/10 2021.10/bin/../lib/gcc/arm-none-eabi/10.3.1/../../../../arm-none-eabi/lib/thumb/v7e-m+fp/hard\libnosys.a(fstat.o)
 .ARM.attributes
                0x00000cbf       0x34 c:/program files (x86)/gnu arm embedded toolchain/10 2021.10/bin/../lib/gcc/arm-none-eabi/10.3.1/../../../../arm-none-eabi/lib/thumb/v7e-m+fp/hard\libnosys.a(isatty.o)
 .ARM.attributes
                0x00000cf3       0x34 c:/program files (x86)/gnu arm embedded toolchain/10 2021.10/bin/../lib/gcc/arm-none-eabi/10.3.1/../../../../arm-none-eabi/lib/thumb/v7e-m+fp/hard\libnosys.a(lseek.o)
 .ARM.attributes
                0x00000d27       0x34 c:/program files (x86)/gnu arm embedded toolchain/10 2021.10/bin/../lib/gcc/arm-none-eabi/10.3.1/../../../../arm-none-eabi/lib/thumb/v7e-m+fp/hard\libnosys.a(read.o)
 .ARM.attributes
                0x00000d5b       0x34 c:/program files (x86)/gnu arm embedded toolchain/10 2021.10/bin/../lib/gcc/arm-none-eabi/10.3.1/../../../../arm-none-eabi/lib/thumb/v7e-m+fp/hard\libnosys.a(sbrk.o)
 .ARM.attributes
                0x00000d8f       0x34 c:/program files (x86)/gnu arm embedded toolchain/10 2021.10/bin/../lib/gcc/arm-none-eabi/10.3.1/../../../../arm-none-eabi/lib/thumb/v7e-m+fp/hard\libnosys.a(write.o)
 .ARM.attributes
                0x00000dc3       0x1e c:/program files (x86)/gnu arm embedded toolchain/10 2021.10/bin/../lib/gcc/arm-none-eabi/10.3.1/thumb/v7e-m+fp/hard/crtn.o
OUTPUT(build/music_1.elf elf32-littlearm)
LOAD linker stubs
LOAD c:/program files (x86)/gnu arm embedded toolchain/10 2021.10/bin/../lib/gcc/arm-none-eabi/10.3.1/../../../../arm-none-eabi/lib/thumb/v7e-m+fp/hard\libc.a
LOAD c:/program files (x86)/gnu arm embedded toolchain/10 2021.10/bin/../lib/gcc/arm-none-eabi/10.3.1/../../../../arm-none-eabi/lib/thumb/v7e-m+fp/hard\libm.a
LOAD c:/program files (x86)/gnu arm embedded toolchain/10 2021.10/bin/../lib/gcc/arm-none-eabi/10.3.1/thumb/v7e-m+fp/hard\libgcc.a

.debug_info     0x00000000    0x26039
 .debug_info    0x00000000     0x3cb0 build/main.o
 .debug_info    0x00003cb0     0x1848 build/stm32f3xx_it.o
 .debug_info    0x000054f8     0x2272 build/stm32f3xx_hal_msp.o
 .debug_info    0x0000776a      0x450 build/user_diskio.o
 .debug_info    0x00007bba      0x58f build/fatfs.o
 .debug_info    0x00008149     0x1b6f build/stm32f3xx_hal_adc_ex.o
 .debug_info    0x00009cb8      0x8d2 build/stm32f3xx_hal.o
 .debug_info    0x0000a58a     0x16db build/stm32f3xx_hal_rcc.o
 .debug_info    0x0000bc65      0x75c build/stm32f3xx_hal_rcc_ex.o
 .debug_info    0x0000c3c1      0x744 build/stm32f3xx_hal_gpio.o
 .debug_info    0x0000cb05      0x8f7 build/stm32f3xx_hal_dma.o
 .debug_info    0x0000d3fc      0xe58 build/stm32f3xx_hal_cortex.o
 .debug_info    0x0000e254     0x440d build/stm32f3xx_hal_i2c.o
 .debug_info    0x00012661      0x984 build/stm32f3xx_hal_i2c_ex.o
 .debug_info    0x00012fe5      0x9b6 build/stm32f3xx_hal_dac.o
 .debug_info    0x0001399b      0x9ee build/stm32f3xx_hal_dac_ex.o
 .debug_info    0x00014389     0x231b build/stm32f3xx_hal_spi.o
 .debug_info    0x000166a4     0x41d4 build/stm32f3xx_hal_tim.o
 .debug_info    0x0001a878     0x1d41 build/stm32f3xx_hal_tim_ex.o
 .debug_info    0x0001c5b9     0x52af build/stm32f3xx_hal_uart.o
 .debug_info    0x00021868      0x47d build/system_stm32f3xx.o
 .debug_info    0x00021ce5      0x4e8 build/diskio.o
 .debug_info    0x000221cd     0x3877 build/ff.o
 .debug_info    0x00025a44      0x43b build/ff_gen_drv.o
 .debug_info    0x00025e7f      0x198 build/ccsbcs.o
 .debug_info    0x00026017       0x22 build/startup_stm32f302x8.o

.debug_abbrev   0x00000000     0x398c
 .debug_abbrev  0x00000000      0x3c7 build/main.o
 .debug_abbrev  0x000003c7      0x2c2 build/stm32f3xx_it.o
 .debug_abbrev  0x00000689      0x240 build/stm32f3xx_hal_msp.o
 .debug_abbrev  0x000008c9      0x147 build/user_diskio.o
 .debug_abbrev  0x00000a10      0x18d build/fatfs.o
 .debug_abbrev  0x00000b9d      0x2fb build/stm32f3xx_hal_adc_ex.o
 .debug_abbrev  0x00000e98      0x20a build/stm32f3xx_hal.o
 .debug_abbrev  0x000010a2      0x321 build/stm32f3xx_hal_rcc.o
 .debug_abbrev  0x000013c3      0x27f build/stm32f3xx_hal_rcc_ex.o
 .debug_abbrev  0x00001642      0x222 build/stm32f3xx_hal_gpio.o
 .debug_abbrev  0x00001864      0x24d build/stm32f3xx_hal_dma.o
 .debug_abbrev  0x00001ab1      0x359 build/stm32f3xx_hal_cortex.o
 .debug_abbrev  0x00001e0a      0x2b0 build/stm32f3xx_hal_i2c.o
 .debug_abbrev  0x000020ba      0x1b5 build/stm32f3xx_hal_i2c_ex.o
 .debug_abbrev  0x0000226f      0x1b6 build/stm32f3xx_hal_dac.o
 .debug_abbrev  0x00002425      0x238 build/stm32f3xx_hal_dac_ex.o
 .debug_abbrev  0x0000265d      0x278 build/stm32f3xx_hal_spi.o
 .debug_abbrev  0x000028d5      0x289 build/stm32f3xx_hal_tim.o
 .debug_abbrev  0x00002b5e      0x29f build/stm32f3xx_hal_tim_ex.o
 .debug_abbrev  0x00002dfd      0x308 build/stm32f3xx_hal_uart.o
 .debug_abbrev  0x00003105      0x11b build/system_stm32f3xx.o
 .debug_abbrev  0x00003220      0x1b9 build/diskio.o
 .debug_abbrev  0x000033d9      0x2ef build/ff.o
 .debug_abbrev  0x000036c8      0x1c9 build/ff_gen_drv.o
 .debug_abbrev  0x00003891       0xe9 build/ccsbcs.o
 .debug_abbrev  0x0000397a       0x12 build/startup_stm32f302x8.o

.debug_loc      0x00000000    0x23006
 .debug_loc     0x00000000      0x529 build/main.o
 .debug_loc     0x00000529      0x142 build/stm32f3xx_it.o
 .debug_loc     0x0000066b      0x61e build/stm32f3xx_hal_msp.o
 .debug_loc     0x00000c89      0x281 build/user_diskio.o
 .debug_loc     0x00000f0a       0x20 build/fatfs.o
 .debug_loc     0x00000f2a     0x204c build/stm32f3xx_hal_adc_ex.o
 .debug_loc     0x00002f76      0x1e1 build/stm32f3xx_hal.o
 .debug_loc     0x00003157      0xf59 build/stm32f3xx_hal_rcc.o
 .debug_loc     0x000040b0      0xc25 build/stm32f3xx_hal_rcc_ex.o
 .debug_loc     0x00004cd5      0x46f build/stm32f3xx_hal_gpio.o
 .debug_loc     0x00005144      0x928 build/stm32f3xx_hal_dma.o
 .debug_loc     0x00005a6c      0x77f build/stm32f3xx_hal_cortex.o
 .debug_loc     0x000061eb     0x58ca build/stm32f3xx_hal_i2c.o
 .debug_loc     0x0000bab5      0x25a build/stm32f3xx_hal_i2c_ex.o
 .debug_loc     0x0000bd0f      0x343 build/stm32f3xx_hal_dac.o
 .debug_loc     0x0000c052      0x75e build/stm32f3xx_hal_dac_ex.o
 .debug_loc     0x0000c7b0     0x2890 build/stm32f3xx_hal_spi.o
 .debug_loc     0x0000f040     0x616b build/stm32f3xx_hal_tim.o
 .debug_loc     0x000151ab     0x25b7 build/stm32f3xx_hal_tim_ex.o
 .debug_loc     0x00017762     0x501d build/stm32f3xx_hal_uart.o
 .debug_loc     0x0001c77f      0x123 build/system_stm32f3xx.o
 .debug_loc     0x0001c8a2      0x323 build/diskio.o
 .debug_loc     0x0001cbc5     0x6068 build/ff.o
 .debug_loc     0x00022c2d      0x2f6 build/ff_gen_drv.o
 .debug_loc     0x00022f23       0xe3 build/ccsbcs.o

.debug_aranges  0x00000000     0x1690
 .debug_aranges
                0x00000000       0xa0 build/main.o
 .debug_aranges
                0x000000a0       0x88 build/stm32f3xx_it.o
 .debug_aranges
                0x00000128       0x88 build/stm32f3xx_hal_msp.o
 .debug_aranges
                0x000001b0       0x40 build/user_diskio.o
 .debug_aranges
                0x000001f0       0x28 build/fatfs.o
 .debug_aranges
                0x00000218      0x140 build/stm32f3xx_hal_adc_ex.o
 .debug_aranges
                0x00000358       0xe0 build/stm32f3xx_hal.o
 .debug_aranges
                0x00000438       0x88 build/stm32f3xx_hal_rcc.o
 .debug_aranges
                0x000004c0       0x38 build/stm32f3xx_hal_rcc_ex.o
 .debug_aranges
                0x000004f8       0x58 build/stm32f3xx_hal_gpio.o
 .debug_aranges
                0x00000550       0x88 build/stm32f3xx_hal_dma.o
 .debug_aranges
                0x000005d8       0x90 build/stm32f3xx_hal_cortex.o
 .debug_aranges
                0x00000668      0x2a0 build/stm32f3xx_hal_i2c.o
 .debug_aranges
                0x00000908       0x48 build/stm32f3xx_hal_i2c_ex.o
 .debug_aranges
                0x00000950       0xa8 build/stm32f3xx_hal_dac.o
 .debug_aranges
                0x000009f8       0x78 build/stm32f3xx_hal_dac_ex.o
 .debug_aranges
                0x00000a70      0x1d8 build/stm32f3xx_hal_spi.o
 .debug_aranges
                0x00000c48      0x3e0 build/stm32f3xx_hal_tim.o
 .debug_aranges
                0x00001028      0x178 build/stm32f3xx_hal_tim_ex.o
 .debug_aranges
                0x000011a0      0x228 build/stm32f3xx_hal_uart.o
 .debug_aranges
                0x000013c8       0x28 build/system_stm32f3xx.o
 .debug_aranges
                0x000013f0       0x48 build/diskio.o
 .debug_aranges
                0x00001438      0x1c8 build/ff.o
 .debug_aranges
                0x00001600       0x40 build/ff_gen_drv.o
 .debug_aranges
                0x00001640       0x28 build/ccsbcs.o
 .debug_aranges
                0x00001668       0x28 build/startup_stm32f302x8.o

.debug_ranges   0x00000000     0x1590
 .debug_ranges  0x00000000       0x90 build/main.o
 .debug_ranges  0x00000090       0x78 build/stm32f3xx_it.o
 .debug_ranges  0x00000108       0x78 build/stm32f3xx_hal_msp.o
 .debug_ranges  0x00000180       0x30 build/user_diskio.o
 .debug_ranges  0x000001b0       0x18 build/fatfs.o
 .debug_ranges  0x000001c8      0x130 build/stm32f3xx_hal_adc_ex.o
 .debug_ranges  0x000002f8       0xd0 build/stm32f3xx_hal.o
 .debug_ranges  0x000003c8       0x98 build/stm32f3xx_hal_rcc.o
 .debug_ranges  0x00000460       0x28 build/stm32f3xx_hal_rcc_ex.o
 .debug_ranges  0x00000488       0x48 build/stm32f3xx_hal_gpio.o
 .debug_ranges  0x000004d0       0x78 build/stm32f3xx_hal_dma.o
 .debug_ranges  0x00000548       0xe0 build/stm32f3xx_hal_cortex.o
 .debug_ranges  0x00000628      0x290 build/stm32f3xx_hal_i2c.o
 .debug_ranges  0x000008b8       0x38 build/stm32f3xx_hal_i2c_ex.o
 .debug_ranges  0x000008f0       0x98 build/stm32f3xx_hal_dac.o
 .debug_ranges  0x00000988       0x68 build/stm32f3xx_hal_dac_ex.o
 .debug_ranges  0x000009f0      0x1c8 build/stm32f3xx_hal_spi.o
 .debug_ranges  0x00000bb8      0x3d0 build/stm32f3xx_hal_tim.o
 .debug_ranges  0x00000f88      0x168 build/stm32f3xx_hal_tim_ex.o
 .debug_ranges  0x000010f0      0x230 build/stm32f3xx_hal_uart.o
 .debug_ranges  0x00001320       0x18 build/system_stm32f3xx.o
 .debug_ranges  0x00001338       0x38 build/diskio.o
 .debug_ranges  0x00001370      0x1b8 build/ff.o
 .debug_ranges  0x00001528       0x30 build/ff_gen_drv.o
 .debug_ranges  0x00001558       0x18 build/ccsbcs.o
 .debug_ranges  0x00001570       0x20 build/startup_stm32f302x8.o

.debug_line     0x00000000    0x2049c
 .debug_line    0x00000000     0x100f build/main.o
 .debug_line    0x0000100f      0x59e build/stm32f3xx_it.o
 .debug_line    0x000015ad      0x716 build/stm32f3xx_hal_msp.o
 .debug_line    0x00001cc3      0x13d build/user_diskio.o
 .debug_line    0x00001e00      0x1b7 build/fatfs.o
 .debug_line    0x00001fb7     0x1db6 build/stm32f3xx_hal_adc_ex.o
 .debug_line    0x00003d6d      0x52c build/stm32f3xx_hal.o
 .debug_line    0x00004299     0x11c7 build/stm32f3xx_hal_rcc.o
 .debug_line    0x00005460      0x972 build/stm32f3xx_hal_rcc_ex.o
 .debug_line    0x00005dd2      0x670 build/stm32f3xx_hal_gpio.o
 .debug_line    0x00006442      0x9dc build/stm32f3xx_hal_dma.o
 .debug_line    0x00006e1e      0x62d build/stm32f3xx_hal_cortex.o
 .debug_line    0x0000744b     0x4f1b build/stm32f3xx_hal_i2c.o
 .debug_line    0x0000c366      0x4c9 build/stm32f3xx_hal_i2c_ex.o
 .debug_line    0x0000c82f      0x486 build/stm32f3xx_hal_dac.o
 .debug_line    0x0000ccb5      0x69f build/stm32f3xx_hal_dac_ex.o
 .debug_line    0x0000d354     0x296a build/stm32f3xx_hal_spi.o
 .debug_line    0x0000fcbe     0x50ab build/stm32f3xx_hal_tim.o
 .debug_line    0x00014d69     0x1d0f build/stm32f3xx_hal_tim_ex.o
 .debug_line    0x00016a78     0x5068 build/stm32f3xx_hal_uart.o
 .debug_line    0x0001bae0      0x24f build/system_stm32f3xx.o
 .debug_line    0x0001bd2f      0x252 build/diskio.o
 .debug_line    0x0001bf81     0x4097 build/ff.o
 .debug_line    0x00020018      0x292 build/ff_gen_drv.o
 .debug_line    0x000202aa      0x17c build/ccsbcs.o
 .debug_line    0x00020426       0x76 build/startup_stm32f302x8.o

.debug_str      0x00000000     0x6551
 .debug_str     0x00000000     0x1e89 build/main.o
                               0x20a4 (size before relaxing)
 .debug_str     0x00001e89      0x20d build/stm32f3xx_it.o
                                0xf0a (size before relaxing)
 .debug_str     0x00002096      0x18a build/stm32f3xx_hal_msp.o
                               0x169e (size before relaxing)
 .debug_str     0x00002220      0x112 build/user_diskio.o
                                0x2ce (size before relaxing)
 .debug_str     0x00002332       0x53 build/fatfs.o
                                0x34b (size before relaxing)
 .debug_str     0x00002385      0x6f8 build/stm32f3xx_hal_adc_ex.o
                                0xe06 (size before relaxing)
 .debug_str     0x00002a7d      0x2de build/stm32f3xx_hal.o
                                0x8b1 (size before relaxing)
 .debug_str     0x00002d5b      0x206 build/stm32f3xx_hal_rcc.o
                                0x667 (size before relaxing)
 .debug_str     0x00002f61       0xc5 build/stm32f3xx_hal_rcc_ex.o
                                0x4e3 (size before relaxing)
 .debug_str     0x00003026       0xc5 build/stm32f3xx_hal_gpio.o
                                0x423 (size before relaxing)
 .debug_str     0x000030eb      0x1e6 build/stm32f3xx_hal_dma.o
                                0x607 (size before relaxing)
 .debug_str     0x000032d1      0x373 build/stm32f3xx_hal_cortex.o
                                0x93e (size before relaxing)
 .debug_str     0x00003644      0x88b build/stm32f3xx_hal_i2c.o
                                0xfc1 (size before relaxing)
 .debug_str     0x00003ecf       0xb5 build/stm32f3xx_hal_i2c_ex.o
                                0x7e9 (size before relaxing)
 .debug_str     0x00003f84      0x156 build/stm32f3xx_hal_dac.o
                                0x6cf (size before relaxing)
 .debug_str     0x000040da       0xd9 build/stm32f3xx_hal_dac_ex.o
                                0x6fa (size before relaxing)
 .debug_str     0x000041b3      0x54f build/stm32f3xx_hal_spi.o
                                0xbcc (size before relaxing)
 .debug_str     0x00004702      0xdcd build/stm32f3xx_hal_tim.o
                               0x16b0 (size before relaxing)
 .debug_str     0x000054cf      0x490 build/stm32f3xx_hal_tim_ex.o
                                0xeeb (size before relaxing)
 .debug_str     0x0000595f      0x759 build/stm32f3xx_hal_uart.o
                                0xeea (size before relaxing)
 .debug_str     0x000060b8       0x52 build/system_stm32f3xx.o
                                0x2bf (size before relaxing)
 .debug_str     0x0000610a       0x54 build/diskio.o
                                0x28d (size before relaxing)
 .debug_str     0x0000615e      0x2fb build/ff.o
                                0x7b1 (size before relaxing)
 .debug_str     0x00006459       0x8e build/ff_gen_drv.o
                                0x2de (size before relaxing)
 .debug_str     0x000064e7       0x46 build/ccsbcs.o
                                0x1cd (size before relaxing)
 .debug_str     0x0000652d       0x24 build/startup_stm32f302x8.o
                                 0x4f (size before relaxing)

.comment        0x00000000       0x49
 .comment       0x00000000       0x49 build/main.o
                                 0x4a (size before relaxing)
 .comment       0x00000049       0x4a build/stm32f3xx_it.o
 .comment       0x00000049       0x4a build/stm32f3xx_hal_msp.o
 .comment       0x00000049       0x4a build/user_diskio.o
 .comment       0x00000049       0x4a build/fatfs.o
 .comment       0x00000049       0x4a build/stm32f3xx_hal_adc_ex.o
 .comment       0x00000049       0x4a build/stm32f3xx_hal.o
 .comment       0x00000049       0x4a build/stm32f3xx_hal_rcc.o
 .comment       0x00000049       0x4a build/stm32f3xx_hal_rcc_ex.o
 .comment       0x00000049       0x4a build/stm32f3xx_hal_gpio.o
 .comment       0x00000049       0x4a build/stm32f3xx_hal_dma.o
 .comment       0x00000049       0x4a build/stm32f3xx_hal_cortex.o
 .comment       0x00000049       0x4a build/stm32f3xx_hal_i2c.o
 .comment       0x00000049       0x4a build/stm32f3xx_hal_i2c_ex.o
 .comment       0x00000049       0x4a build/stm32f3xx_hal_dac.o
 .comment       0x00000049       0x4a build/stm32f3xx_hal_dac_ex.o
 .comment       0x00000049       0x4a build/stm32f3xx_hal_spi.o
 .comment       0x00000049       0x4a build/stm32f3xx_hal_tim.o
 .comment       0x00000049       0x4a build/stm32f3xx_hal_tim_ex.o
 .comment       0x00000049       0x4a build/stm32f3xx_hal_uart.o
 .comment       0x00000049       0x4a build/system_stm32f3xx.o
 .comment       0x00000049       0x4a build/diskio.o
 .comment       0x00000049       0x4a build/ff.o
 .comment       0x00000049       0x4a build/ff_gen_drv.o
 .comment       0x00000049       0x4a build/ccsbcs.o

.debug_frame    0x00000000     0x4c44
 .debug_frame   0x00000000      0x204 build/main.o
 .debug_frame   0x00000204      0x140 build/stm32f3xx_it.o
 .debug_frame   0x00000344      0x1a4 build/stm32f3xx_hal_msp.o
 .debug_frame   0x000004e8       0x88 build/user_diskio.o
 .debug_frame   0x00000570       0x38 build/fatfs.o
 .debug_frame   0x000005a8      0x430 build/stm32f3xx_hal_adc_ex.o
 .debug_frame   0x000009d8      0x1cc build/stm32f3xx_hal.o
 .debug_frame   0x00000ba4      0x170 build/stm32f3xx_hal_rcc.o
 .debug_frame   0x00000d14       0x70 build/stm32f3xx_hal_rcc_ex.o
 .debug_frame   0x00000d84       0xd0 build/stm32f3xx_hal_gpio.o
 .debug_frame   0x00000e54      0x160 build/stm32f3xx_hal_dma.o
 .debug_frame   0x00000fb4      0x118 build/stm32f3xx_hal_cortex.o
 .debug_frame   0x000010cc      0x98c build/stm32f3xx_hal_i2c.o
 .debug_frame   0x00001a58       0x80 build/stm32f3xx_hal_i2c_ex.o
 .debug_frame   0x00001ad8      0x15c build/stm32f3xx_hal_dac.o
 .debug_frame   0x00001c34      0x140 build/stm32f3xx_hal_dac_ex.o
 .debug_frame   0x00001d74      0x5d8 build/stm32f3xx_hal_spi.o
 .debug_frame   0x0000234c      0xb50 build/stm32f3xx_hal_tim.o
 .debug_frame   0x00002e9c      0x450 build/stm32f3xx_hal_tim_ex.o
 .debug_frame   0x000032ec      0x600 build/stm32f3xx_hal_uart.o
 .debug_frame   0x000038ec       0x30 build/system_stm32f3xx.o
 .debug_frame   0x0000391c       0xa0 build/diskio.o
 .debug_frame   0x000039bc      0x6f0 build/ff.o
 .debug_frame   0x000040ac       0x7c build/ff_gen_drv.o
 .debug_frame   0x00004128       0x30 build/ccsbcs.o
 .debug_frame   0x00004158       0x2c c:/program files (x86)/gnu arm embedded toolchain/10 2021.10/bin/../lib/gcc/arm-none-eabi/10.3.1/../../../../arm-none-eabi/lib/thumb/v7e-m+fp/hard\libc_nano.a(lib_a-init.o)
 .debug_frame   0x00004184       0x20 c:/program files (x86)/gnu arm embedded toolchain/10 2021.10/bin/../lib/gcc/arm-none-eabi/10.3.1/../../../../arm-none-eabi/lib/thumb/v7e-m+fp/hard\libc_nano.a(lib_a-memset.o)
 .debug_frame   0x000041a4       0x74 c:/program files (x86)/gnu arm embedded toolchain/10 2021.10/bin/../lib/gcc/arm-none-eabi/10.3.1/../../../../arm-none-eabi/lib/thumb/v7e-m+fp/hard\libc_nano.a(lib_a-printf.o)
 .debug_frame   0x00004218       0x3c c:/program files (x86)/gnu arm embedded toolchain/10 2021.10/bin/../lib/gcc/arm-none-eabi/10.3.1/../../../../arm-none-eabi/lib/thumb/v7e-m+fp/hard\libc_nano.a(lib_a-puts.o)
 .debug_frame   0x00004254       0x6c c:/program files (x86)/gnu arm embedded toolchain/10 2021.10/bin/../lib/gcc/arm-none-eabi/10.3.1/../../../../arm-none-eabi/lib/thumb/v7e-m+fp/hard\libc_nano.a(lib_a-sprintf.o)
 .debug_frame   0x000042c0       0x20 c:/program files (x86)/gnu arm embedded toolchain/10 2021.10/bin/../lib/gcc/arm-none-eabi/10.3.1/../../../../arm-none-eabi/lib/thumb/v7e-m+fp/hard\libc_nano.a(lib_a-strcpy.o)
 .debug_frame   0x000042e0       0x40 c:/program files (x86)/gnu arm embedded toolchain/10 2021.10/bin/../lib/gcc/arm-none-eabi/10.3.1/../../../../arm-none-eabi/lib/thumb/v7e-m+fp/hard\libc_nano.a(lib_a-wbuf.o)
 .debug_frame   0x00004320       0x2c c:/program files (x86)/gnu arm embedded toolchain/10 2021.10/bin/../lib/gcc/arm-none-eabi/10.3.1/../../../../arm-none-eabi/lib/thumb/v7e-m+fp/hard\libc_nano.a(lib_a-wsetup.o)
 .debug_frame   0x0000434c       0x5c c:/program files (x86)/gnu arm embedded toolchain/10 2021.10/bin/../lib/gcc/arm-none-eabi/10.3.1/../../../../arm-none-eabi/lib/thumb/v7e-m+fp/hard\libc_nano.a(lib_a-fflush.o)
 .debug_frame   0x000043a8      0x14c c:/program files (x86)/gnu arm embedded toolchain/10 2021.10/bin/../lib/gcc/arm-none-eabi/10.3.1/../../../../arm-none-eabi/lib/thumb/v7e-m+fp/hard\libc_nano.a(lib_a-findfp.o)
 .debug_frame   0x000044f4       0x54 c:/program files (x86)/gnu arm embedded toolchain/10 2021.10/bin/../lib/gcc/arm-none-eabi/10.3.1/../../../../arm-none-eabi/lib/thumb/v7e-m+fp/hard\libc_nano.a(lib_a-fwalk.o)
 .debug_frame   0x00004548       0xb0 c:/program files (x86)/gnu arm embedded toolchain/10 2021.10/bin/../lib/gcc/arm-none-eabi/10.3.1/../../../../arm-none-eabi/lib/thumb/v7e-m+fp/hard\libc_nano.a(lib_a-lock.o)
 .debug_frame   0x000045f8       0x58 c:/program files (x86)/gnu arm embedded toolchain/10 2021.10/bin/../lib/gcc/arm-none-eabi/10.3.1/../../../../arm-none-eabi/lib/thumb/v7e-m+fp/hard\libc_nano.a(lib_a-makebuf.o)
 .debug_frame   0x00004650       0x38 c:/program files (x86)/gnu arm embedded toolchain/10 2021.10/bin/../lib/gcc/arm-none-eabi/10.3.1/../../../../arm-none-eabi/lib/thumb/v7e-m+fp/hard\libc_nano.a(lib_a-nano-freer.o)
 .debug_frame   0x00004688       0x4c c:/program files (x86)/gnu arm embedded toolchain/10 2021.10/bin/../lib/gcc/arm-none-eabi/10.3.1/../../../../arm-none-eabi/lib/thumb/v7e-m+fp/hard\libc_nano.a(lib_a-nano-mallocr.o)
 .debug_frame   0x000046d4       0x90 c:/program files (x86)/gnu arm embedded toolchain/10 2021.10/bin/../lib/gcc/arm-none-eabi/10.3.1/../../../../arm-none-eabi/lib/thumb/v7e-m+fp/hard\libc_nano.a(lib_a-nano-svfprintf.o)
 .debug_frame   0x00004764       0xac c:/program files (x86)/gnu arm embedded toolchain/10 2021.10/bin/../lib/gcc/arm-none-eabi/10.3.1/../../../../arm-none-eabi/lib/thumb/v7e-m+fp/hard\libc_nano.a(lib_a-nano-vfprintf.o)